{
  "probe": {
    "aabb_overlap_but_triangles_disjoint": false,
    "proper_noncoplanar_crossing": true,
    "coplanar_contained": false
  },
  "baseline": "C:/Dev/tmp/horde-calibrated-right-arms-20260923-a/gothic-traveller-viewmodel.runtime.glb",
  "candidate": "C:/Dev/tmp/horde-closed-sleeves-20260923-c/gothic-traveller-viewmodel.runtime.glb",
  "capTriangles": 278,
  "retainedTriangles": 5532,
  "nonAdjacentCapBodyCrossings": 221,
  "nonAdjacentCapCapCrossings": 0,
  "capBodyPairs": [
    [
      233,
      2201
    ],
    [
      233,
      1895
    ],
    [
      235,
      2201
    ],
    [
      235,
      1895
    ],
    [
      232,
      2201
    ],
    [
      232,
      1114
    ],
    [
      234,
      1895
    ],
    [
      261,
      1295
    ],
    [
      260,
      1295
    ],
    [
      259,
      1295
    ],
    [
      258,
      1283
    ],
    [
      258,
      1295
    ],
    [
      256,
      1283
    ],
    [
      256,
      1295
    ],
    [
      257,
      1283
    ],
    [
      236,
      2201
    ],
    [
      236,
      2200
    ],
    [
      253,
      1347
    ],
    [
      253,
      1334
    ],
    [
      253,
      1483
    ]
  ],
  "capCapPairs": [],
  "limitation": "Shared-vertex pairs and self-contact are excluded; coplanar coverage depends on probe result"
}
Blender 5.2.0 LTS (hash fbe6228777e7 built 2026-07-14 01:35:40)

Blender quit
