13:13:19 | INFO: Data are loaded, start creating Blender stuff
13:13:19 | INFO: Blender create Mesh node char1
13:13:19 | INFO: glTF import finished in 0.10s
13:13:19 | INFO: Data are loaded, start creating Blender stuff
13:13:19 | INFO: Blender create Mesh node char1
13:13:19 | INFO: glTF import finished in 0.10s
13:13:19 | INFO: Data are loaded, start creating Blender stuff
13:13:19 | INFO: Blender create Mesh node output_unwrapped
13:13:19 | INFO: glTF import finished in 0.02s
C:\Users\sam_s\Documents\the Horde RT Demo\.worktrees\horde-1.6.1-engineering-pass\tools\process-player-rig-runtime.py:720: DeprecationWarning: 'Material.use_nodes' is expected to be removed in Blender 6.0
  material.use_nodes = True
C:\Users\sam_s\Documents\the Horde RT Demo\.worktrees\horde-1.6.1-engineering-pass\tools\process-player-rig-runtime.py:755: DeprecationWarning: 'Material.use_nodes' is expected to be removed in Blender 6.0
  if not gauntlet_material.use_nodes:
INFO Draco is available, use library at C:\Program Files\Blender Foundation\Blender 5.2\5.2\scripts\addons_core\io_scene_gltf2\bf_intern_draco_bridge.dll
INFO MeshOptimizer is available, use library at C:\Program Files\Blender Foundation\Blender 5.2\5.2\scripts\addons_core\io_scene_gltf2\bf_intern_meshopt_bridge.dll
13:13:24 | INFO: Starting glTF 2.0 export
13:13:24 | INFO: Extracting primitive: char1
13:13:24 | WARNING: More than one shader node tex image used for a texture. The resulting glTF sampler will behave like the first shader node tex image.
13:13:25 | WARNING: More than one shader node tex image used for a texture. The resulting glTF sampler will behave like the first shader node tex image.
13:13:25 | WARNING: More than one shader node tex image used for a texture. The resulting glTF sampler will behave like the first shader node tex image.
13:13:25 | WARNING: More than one shader node tex image used for a texture. The resulting glTF sampler will behave like the first shader node tex image.
13:13:25 | INFO: Primitives created: 4
13:13:25 | INFO: Finished glTF 2.0 export in 1.348625898361206 s

13:13:25 | INFO: Data are loaded, start creating Blender stuff
13:13:25 | INFO: Blender create Mesh node char1
13:13:26 | INFO: glTF import finished in 0.10s
13:13:26 | INFO: Data are loaded, start creating Blender stuff
13:13:26 | INFO: Blender create Mesh node char1
13:13:26 | INFO: glTF import finished in 0.10s
13:13:26 | INFO: Data are loaded, start creating Blender stuff
13:13:26 | INFO: Blender create Mesh node output_unwrapped
13:13:26 | INFO: glTF import finished in 0.02s
C:\Users\sam_s\Documents\the Horde RT Demo\.worktrees\horde-1.6.1-engineering-pass\tools\process-player-rig-runtime.py:720: DeprecationWarning: 'Material.use_nodes' is expected to be removed in Blender 6.0
  material.use_nodes = True
C:\Users\sam_s\Documents\the Horde RT Demo\.worktrees\horde-1.6.1-engineering-pass\tools\process-player-rig-runtime.py:755: DeprecationWarning: 'Material.use_nodes' is expected to be removed in Blender 6.0
  if not gauntlet_material.use_nodes:
13:13:31 | INFO: Starting glTF 2.0 export
13:13:31 | INFO: Extracting primitive: char1
13:13:31 | WARNING: More than one shader node tex image used for a texture. The resulting glTF sampler will behave like the first shader node tex image.
13:13:32 | WARNING: More than one shader node tex image used for a texture. The resulting glTF sampler will behave like the first shader node tex image.
13:13:32 | WARNING: More than one shader node tex image used for a texture. The resulting glTF sampler will behave like the first shader node tex image.
13:13:32 | WARNING: More than one shader node tex image used for a texture. The resulting glTF sampler will behave like the first shader node tex image.
13:13:32 | INFO: Primitives created: 4
13:13:32 | INFO: Finished glTF 2.0 export in 1.3217980861663818 s

13:13:32 | INFO: Starting glTF 2.0 export
13:13:32 | INFO: Extracting primitive: char1
13:13:33 | WARNING: More than one shader node tex image used for a texture. The resulting glTF sampler will behave like the first shader node tex image.
13:13:33 | WARNING: More than one shader node tex image used for a texture. The resulting glTF sampler will behave like the first shader node tex image.
13:13:33 | WARNING: More than one shader node tex image used for a texture. The resulting glTF sampler will behave like the first shader node tex image.
13:13:33 | WARNING: More than one shader node tex image used for a texture. The resulting glTF sampler will behave like the first shader node tex image.
13:13:33 | INFO: Primitives created: 4
13:13:34 | INFO: Finished glTF 2.0 export in 1.3553142547607422 s
Traceback (most recent call last):
  File "C:\Users\sam_s\Documents\the Horde RT Demo\.worktrees\horde-1.6.1-engineering-pass\tools\process-player-viewmodel-runtime.py", line 223, in <module>
    sleeve_closure = close_sleeve_openings(player)
  File "C:\Users\sam_s\Documents\the Horde RT Demo\.worktrees\horde-1.6.1-engineering-pass\tools\player_viewmodel_surface.py", line 69, in close_sleeve_openings
    raise RuntimeError(f'Sleeve closure intersects authored cloth: {len(crossings)} non-adjacent pairs')
RuntimeError: Sleeve closure intersects authored cloth: 220 non-adjacent pairs


Error: script failed, file: 'tools/process-player-viewmodel-runtime.py', exiting.
Blender 5.2.0 LTS (hash fbe6228777e7 built 2026-07-14 01:35:40)

Blender quit
