C:\Dev\tmp\horde-backend-pixel-witness-20261002\combat-point\modules\diagnostic_high_generic_dielectric\minimal.rgen.resolved
Raygen variant diagnostic_high_generic_dielectric: 255740 bytes; functions=66; calls=208; ray-query sites=2; dependency SHA-256=26446b2696934e75e797afe902ad92f9b2ba239dd36d6c6c26db7ec7a32f274e
C:\Dev\tmp\horde-backend-pixel-witness-20261002\combat-point\modules\diagnostic_high_opaque_fast\minimal.rgen.resolved
Raygen variant diagnostic_high_opaque_fast: 518312 bytes; functions=1; calls=0; ray-query sites=23; dependency SHA-256=2e15808691112f7fb2986975f2b7dfcaee0b0e0f2c877cbc039f590333c4870b
C:\Dev\tmp\horde-backend-pixel-witness-20261002\combat-point\modules\diagnostic_mobile_generic_dielectric\minimal.rgen.resolved
Raygen variant diagnostic_mobile_generic_dielectric: 272064 bytes; functions=70; calls=263; ray-query sites=2; dependency SHA-256=2f5f4644c3fd23cc1a243c20c77e99c08dbc060f7b65258558ce1955652648a9
C:\Dev\tmp\horde-backend-pixel-witness-20261002\combat-point\modules\diagnostic_mobile_opaque_fast\minimal.rgen.resolved
Raygen variant diagnostic_mobile_opaque_fast: 574736 bytes; functions=1; calls=0; ray-query sites=23; dependency SHA-256=a3786761cc86db94515398823a23637d499468fcf0a4dc837e49ee562142ee57
C:\Dev\tmp\horde-backend-pixel-witness-20261002\combat-point\modules\shipping_high_generic_dielectric\minimal.rgen.resolved
Raygen variant shipping_high_generic_dielectric: 246912 bytes; functions=66; calls=208; ray-query sites=2; dependency SHA-256=b831ef51e4d4316f97328006f99ac3e17eb00a06e193a0f2b171ec285ea73f48
C:\Dev\tmp\horde-backend-pixel-witness-20261002\combat-point\modules\shipping_high_opaque_fast\minimal.rgen.resolved
Raygen variant shipping_high_opaque_fast: 514076 bytes; functions=1; calls=0; ray-query sites=23; dependency SHA-256=6da992a521666ffab72d8278e4e6f3f0a164174390014ab7548e73a6a69951d5
C:\Dev\tmp\horde-backend-pixel-witness-20261002\combat-point\modules\shipping_mobile_generic_dielectric\minimal.rgen.resolved
Raygen variant shipping_mobile_generic_dielectric: 246912 bytes; functions=66; calls=208; ray-query sites=2; dependency SHA-256=1c8bdca9850808cb9664c95fb7179723d189daf82d098ad6ba8a5311bd521921
C:\Dev\tmp\horde-backend-pixel-witness-20261002\combat-point\modules\shipping_mobile_opaque_fast\minimal.rgen.resolved
Raygen variant shipping_mobile_opaque_fast: 514076 bytes; functions=1; calls=0; ray-query sites=23; dependency SHA-256=b46c24a0353172b864f3d991bebf659d89fdf465d39d90b9e91b84508e3cf14d
RayQuery compute variant rayquery_compute_diagnostic_high_generic_dielectric: bytes=255976; functions=66; calls=208; ray-query sites=2; atomics=41; SPIR-V SHA-256=6228d18d2951a3d8c8fe4247275236ae4c71d4457b6ab7d8e5355451be13368d
RayQuery compute variant rayquery_compute_diagnostic_high_opaque_fast: bytes=518572; functions=1; calls=0; ray-query sites=23; atomics=5; SPIR-V SHA-256=75e9f30850c5925e064914a5f6f449bd24ba9176c54a4aa5ad24940ca59b3f59
RayQuery compute variant rayquery_compute_diagnostic_mobile_generic_dielectric: bytes=272300; functions=70; calls=263; ray-query sites=2; atomics=41; SPIR-V SHA-256=cb9e2cbc8a6727c03a68903a1d5539531db2f91a0a0b44aa1b132251ad361290
RayQuery compute variant rayquery_compute_diagnostic_mobile_opaque_fast: bytes=574932; functions=1; calls=0; ray-query sites=23; atomics=5; SPIR-V SHA-256=8c10d9f7e73e47bdf3d5788ef290193bad168d76fece0bcc20484aff72389f13
RayQuery compute variant rayquery_compute_shipping_high_generic_dielectric: bytes=247148; functions=66; calls=208; ray-query sites=2; atomics=0; SPIR-V SHA-256=868920c207a7a182bca8ad520c8bee6049fef4f4315c43cf29b0cbeb17b6a265
RayQuery compute variant rayquery_compute_shipping_high_opaque_fast: bytes=514336; functions=1; calls=0; ray-query sites=23; atomics=0; SPIR-V SHA-256=a2e1d37e18535e9bdc7d6a15ee2329265a843a2cb49c638a9caf8532d136ec3e
RayQuery compute variant rayquery_compute_shipping_mobile_generic_dielectric: bytes=247148; functions=66; calls=208; ray-query sites=2; atomics=0; SPIR-V SHA-256=b64f8c9a60e2f8e02aca23da205f0432af086884a963b1737635db2cdc486203
RayQuery compute variant rayquery_compute_shipping_mobile_opaque_fast: bytes=514336; functions=1; calls=0; ray-query sites=23; atomics=0; SPIR-V SHA-256=a2e1d37e18535e9bdc7d6a15ee2329265a843a2cb49c638a9caf8532d136ec3e
Frozen eight RayQuery compute artifacts, provenance catalog, and generated adapter.
INVESTIGATION ONLY: output witness modules staged; no production frozen-cost admission claimed.
