> Task :app:verifyMusicRuntimeAssets
> Task :app:prepareRuntimeAssets UP-TO-DATE
> Task :app:preBuild UP-TO-DATE
> Task :app:preReleaseBuild UP-TO-DATE
> Task :app:generateReleaseBuildConfig UP-TO-DATE
> Task :app:javaPreCompileRelease UP-TO-DATE
> Task :app:checkReleaseAarMetadata UP-TO-DATE
> Task :app:generateReleaseResValues UP-TO-DATE
> Task :app:mapReleaseSourceSetPaths UP-TO-DATE
> Task :app:generateReleaseResources UP-TO-DATE
> Task :app:mergeReleaseResources UP-TO-DATE
> Task :app:createReleaseCompatibleScreenManifests UP-TO-DATE
> Task :app:extractDeepLinksRelease UP-TO-DATE
> Task :app:processReleaseMainManifest UP-TO-DATE
> Task :app:processReleaseManifest UP-TO-DATE
> Task :app:processReleaseManifestForPackage UP-TO-DATE
> Task :app:processReleaseResources UP-TO-DATE
> Task :app:compileReleaseJavaWithJavac UP-TO-DATE
> Task :app:extractProguardFiles UP-TO-DATE
> Task :app:generateReleaseLintReportModel
> Task :app:preReleaseUnitTestBuild UP-TO-DATE
> Task :app:bundleReleaseClassesToCompileJar
> Task :app:generateReleaseUnitTestLintModel
> Task :app:lintAnalyzeReleaseUnitTest
> Task :app:lintAnalyzeRelease

> Task :app:lintReportRelease
Wrote HTML report to file:///<user-home>/Documents/the%20Horde%20RT%20Demo/.worktrees/horde-1.7-wp2-vertical-proof/android/app/build/reports/lint-results-release.html

> Task :app:lintRelease

BUILD SUCCESSFUL in 4s
24 actionable tasks: 8 executed, 16 up-to-date
