MSBuild version 17.14.40+3e7442088 for .NET Framework

  pocket_audio_native_pcm.vcxproj -> <repo>\build\presets\windows-x64-debug\pocket-audio-core-native\Debug\pocket_audio_native_pcm.lib
  MusicDirector.cpp
  MusicPcmAssetBank.cpp
  MusicPcmStream.cpp
  MusicPlaybackSession.cpp
  HeldItemKinematics.cpp
  GameSimulation.cpp
  Generating Code...
  horde_gameplay_simulation.vcxproj -> <repo>\build\presets\windows-x64-debug\Debug\horde_gameplay_simulation.lib
  CharacterRenderSlot.cpp
  PresentableTinyRtScene.cpp
  SimulationFrameAdapter.cpp
  Generating Code...
  horde_rt_probe_core.vcxproj -> <repo>\build\presets\windows-x64-debug\Debug\horde_rt_probe_core.lib
  Building Custom Rule <repo>/CMakeLists.txt
  WorldRouteFoundationTests.cpp
  horde_rt_world_route_foundation_tests.vcxproj -> <repo>\build\presets\windows-x64-debug\Debug\horde_rt_world_route_foundation_tests.exe
MSBuild version 17.14.40+3e7442088 for .NET Framework

  pocket_audio_native_pcm.vcxproj -> <repo>\build\presets\windows-x64-debug\pocket-audio-core-native\Debug\pocket_audio_native_pcm.lib
  GameSimulation.cpp
  horde_gameplay_simulation.vcxproj -> <repo>\build\presets\windows-x64-debug\Debug\horde_gameplay_simulation.lib
  Building Custom Rule <repo>/CMakeLists.txt
  DevelopmentStaticAssetTests.cpp
  horde_rt_development_static_asset_tests.vcxproj -> <repo>\build\presets\windows-x64-debug\Debug\horde_rt_development_static_asset_tests.exe
MSBuild version 17.14.40+3e7442088 for .NET Framework

  pocket_audio_native_pcm.vcxproj -> <repo>\build\presets\windows-x64-debug\pocket-audio-core-native\Debug\pocket_audio_native_pcm.lib
  horde_gameplay_simulation.vcxproj -> <repo>\build\presets\windows-x64-debug\Debug\horde_gameplay_simulation.lib
  WindowsMusicPlayback.cpp
  horde_rt_probe_core.vcxproj -> <repo>\build\presets\windows-x64-debug\Debug\horde_rt_probe_core.lib
  horde_windows_music.vcxproj -> <repo>\build\presets\windows-x64-debug\Debug\horde_windows_music.lib
  MotionEvidenceScenario.cpp
  DiagnosticWindow.cpp
<repo>\src\platform\windows\WindowsCaptureContracts.h(47,21): error C2513: 'const auto': no variable declared before '=' [<repo>\build\presets\windows-x64-debug\horde_rt_diagnostic_window.vcxproj]
  (compiling source file '../../../src/platform/windows/DiagnosticWindow.cpp')

  MotionEvidenceLedger.cpp
  Generating Code...
