CMake is re-running because <repo>/build/presets/windows-x64-debug/CMakeFiles/generate.stamp is out-of-date.
  the file '<repo>/CMakeLists.txt'
  is newer than '<repo>/build/presets/windows-x64-debug/CMakeFiles/generate.stamp.depend'
  result='-1'
-- Selecting Windows SDK version 10.0.26100.0 to target Windows 10.0.26300.
Generated RT catalog adapter is current.
-- Strict non-contracted asset-transform arithmetic enabled for GltfDocument.cpp and StaticMeshAsset.cpp: /fp:strict
-- Vulkan SDK found: 1.4.350
-- Legacy torch-failure identifiers were rejected by the configured MSVC compiler.
-- Horde Lantern RT: Vulkan capability probe and Windows diagnostic targets are available; Android builds from android/.
-- Configuring done (14.9s)
-- Generating done (1.2s)
-- Build files have been written to: <repo>/build/presets/windows-x64-debug
MSBuild version 17.14.40+3e7442088 for .NET Framework

  pocket_audio_native_pcm.vcxproj -> <repo>\build\presets\windows-x64-debug\pocket-audio-core-native\Debug\pocket_audio_native_pcm.lib
  MusicDirector.cpp
  MusicPcmAssetBank.cpp
  MusicPcmStream.cpp
  MusicPlaybackSession.cpp
  HeldItemKinematics.cpp
  GameSimulation.cpp
  Generating Code...
  horde_gameplay_simulation.vcxproj -> <repo>\build\presets\windows-x64-debug\Debug\horde_gameplay_simulation.lib
  CharacterRenderSlot.cpp
  PresentableTinyRtScene.cpp
  SimulationFrameAdapter.cpp
  Generating Code...
  horde_rt_probe_core.vcxproj -> <repo>\build\presets\windows-x64-debug\Debug\horde_rt_probe_core.lib
  WorldRouteFoundationTests.cpp
  horde_rt_world_route_foundation_tests.vcxproj -> <repo>\build\presets\windows-x64-debug\Debug\horde_rt_world_route_foundation_tests.exe
MSBuild version 17.14.40+3e7442088 for .NET Framework

  pocket_audio_native_pcm.vcxproj -> <repo>\build\presets\windows-x64-debug\pocket-audio-core-native\Debug\pocket_audio_native_pcm.lib
  horde_gameplay_simulation.vcxproj -> <repo>\build\presets\windows-x64-debug\Debug\horde_gameplay_simulation.lib
  DevelopmentStaticAssetTests.cpp
  horde_rt_development_static_asset_tests.vcxproj -> <repo>\build\presets\windows-x64-debug\Debug\horde_rt_development_static_asset_tests.exe
MSBuild version 17.14.40+3e7442088 for .NET Framework

  pocket_audio_native_pcm.vcxproj -> <repo>\build\presets\windows-x64-debug\pocket-audio-core-native\Debug\pocket_audio_native_pcm.lib
  horde_gameplay_simulation.vcxproj -> <repo>\build\presets\windows-x64-debug\Debug\horde_gameplay_simulation.lib
  horde_rt_probe_core.vcxproj -> <repo>\build\presets\windows-x64-debug\Debug\horde_rt_probe_core.lib
  WindowsMusicPlayback.cpp
  horde_windows_music.vcxproj -> <repo>\build\presets\windows-x64-debug\Debug\horde_windows_music.lib
  DiagnosticWindow.cpp
  MotionEvidenceScenario.cpp
  MotionEvidenceLedger.cpp
  Generating Code...
  horde_rt_diagnostic_window.vcxproj -> <repo>\build\presets\windows-x64-debug\Debug\HordeLanternRT.exe
