MSBuild version 17.14.40+3e7442088 for .NET Framework

  Building Custom Rule <repo>/CMakeLists.txt
  AndroidMotionEvidencePolicyTests.cpp
  horde_rt_android_motion_evidence_policy_tests.vcxproj -> <repo>\build\presets\windows-x64-release\Release\horde_rt_android_motion_evidence_policy_tests.exe
MSBuild version 17.14.40+3e7442088 for .NET Framework

  pocket_audio_native_pcm.vcxproj -> <repo>\build\presets\windows-x64-release\pocket-audio-core-native\Release\pocket_audio_native_pcm.lib
  MusicDirector.cpp
  MusicPcmAssetBank.cpp
  MusicPcmStream.cpp
  MusicPlaybackSession.cpp
  PlayerAnimationState.cpp
  HeldItemKinematics.cpp
  HeldLightState.cpp
  GameSimulation.cpp
  Generating Code...
  horde_gameplay_simulation.vcxproj -> <repo>\build\presets\windows-x64-release\Release\horde_gameplay_simulation.lib
  CharacterRenderSlot.cpp
  PlayerRenderSlot.cpp
  PresentableTinyRtScene.cpp
  SimulationFrameAdapter.cpp
  Generating Code...
  horde_rt_probe_core.vcxproj -> <repo>\build\presets\windows-x64-release\Release\horde_rt_probe_core.lib
  CharacterRenderSlotSmoke.cpp
  horde_rt_character_render_slot_smoke.vcxproj -> <repo>\build\presets\windows-x64-release\Release\horde_rt_character_render_slot_smoke.exe
MSBuild version 17.14.40+3e7442088 for .NET Framework

  horde_rt_combat_smoke.vcxproj -> <repo>\build\presets\windows-x64-release\Release\horde_rt_combat_smoke.exe
MSBuild version 17.14.40+3e7442088 for .NET Framework

  pocket_audio_native_pcm.vcxproj -> <repo>\build\presets\windows-x64-release\pocket-audio-core-native\Release\pocket_audio_native_pcm.lib
  horde_gameplay_simulation.vcxproj -> <repo>\build\presets\windows-x64-release\Release\horde_gameplay_simulation.lib
  CombatTimingTraceTests.cpp
  horde_rt_combat_timing_trace_tests.vcxproj -> <repo>\build\presets\windows-x64-release\Release\horde_rt_combat_timing_trace_tests.exe
MSBuild version 17.14.40+3e7442088 for .NET Framework

  pocket_audio_native_pcm.vcxproj -> <repo>\build\presets\windows-x64-release\pocket-audio-core-native\Release\pocket_audio_native_pcm.lib
  horde_gameplay_simulation.vcxproj -> <repo>\build\presets\windows-x64-release\Release\horde_gameplay_simulation.lib
  Building Custom Rule <repo>/CMakeLists.txt
  DevelopmentStaticAssetTests.cpp
  horde_rt_development_static_asset_tests.vcxproj -> <repo>\build\presets\windows-x64-release\Release\horde_rt_development_static_asset_tests.exe
MSBuild version 17.14.40+3e7442088 for .NET Framework

  pocket_audio_native_pcm.vcxproj -> <repo>\build\presets\windows-x64-release\pocket-audio-core-native\Release\pocket_audio_native_pcm.lib
  horde_gameplay_simulation.vcxproj -> <repo>\build\presets\windows-x64-release\Release\horde_gameplay_simulation.lib
  horde_rt_probe_core.vcxproj -> <repo>\build\presets\windows-x64-release\Release\horde_rt_probe_core.lib
  WindowsMusicPlayback.cpp
  horde_windows_music.vcxproj -> <repo>\build\presets\windows-x64-release\Release\horde_windows_music.lib
  DiagnosticWindow.cpp
  horde_rt_diagnostic_window.vcxproj -> <repo>\build\presets\windows-x64-release\Release\HordeLanternRT.exe
MSBuild version 17.14.40+3e7442088 for .NET Framework

  horde_rt_dielectric_math_tests.vcxproj -> <repo>\build\presets\windows-x64-release\Release\horde_rt_dielectric_math_tests.exe
MSBuild version 17.14.40+3e7442088 for .NET Framework

  pocket_audio_native_pcm.vcxproj -> <repo>\build\presets\windows-x64-release\pocket-audio-core-native\Release\pocket_audio_native_pcm.lib
  horde_gameplay_simulation.vcxproj -> <repo>\build\presets\windows-x64-release\Release\horde_gameplay_simulation.lib
  horde_rt_probe_core.vcxproj -> <repo>\build\presets\windows-x64-release\Release\horde_rt_probe_core.lib
  FinalHeldTorchClearanceTests.cpp
  horde_rt_final_held_torch_clearance_tests.vcxproj -> <repo>\build\presets\windows-x64-release\Release\horde_rt_final_held_torch_clearance_tests.exe
MSBuild version 17.14.40+3e7442088 for .NET Framework

  pocket_audio_native_pcm.vcxproj -> <repo>\build\presets\windows-x64-release\pocket-audio-core-native\Release\pocket_audio_native_pcm.lib
  horde_gameplay_simulation.vcxproj -> <repo>\build\presets\windows-x64-release\Release\horde_gameplay_simulation.lib
  FireEmitterTests.cpp
  horde_rt_fire_emitter_tests.vcxproj -> <repo>\build\presets\windows-x64-release\Release\horde_rt_fire_emitter_tests.exe
MSBuild version 17.14.40+3e7442088 for .NET Framework

  horde_rt_frame_evidence_coordinator_tests.vcxproj -> <repo>\build\presets\windows-x64-release\Release\horde_rt_frame_evidence_coordinator_tests.exe
MSBuild version 17.14.40+3e7442088 for .NET Framework

  horde_rt_gpu_resources_observation_tests.vcxproj -> <repo>\build\presets\windows-x64-release\Release\horde_rt_gpu_resources_observation_tests.exe
MSBuild version 17.14.40+3e7442088 for .NET Framework

  pocket_audio_native_pcm.vcxproj -> <repo>\build\presets\windows-x64-release\pocket-audio-core-native\Release\pocket_audio_native_pcm.lib
  horde_gameplay_simulation.vcxproj -> <repo>\build\presets\windows-x64-release\Release\horde_gameplay_simulation.lib
  horde_rt_probe_core.vcxproj -> <repo>\build\presets\windows-x64-release\Release\horde_rt_probe_core.lib
  GraphicsPreviewFrameAdapterTests.cpp
  horde_rt_graphics_preview_frame_adapter_tests.vcxproj -> <repo>\build\presets\windows-x64-release\Release\horde_rt_graphics_preview_frame_adapter_tests.exe
MSBuild version 17.14.40+3e7442088 for .NET Framework

  pocket_audio_native_pcm.vcxproj -> <repo>\build\presets\windows-x64-release\pocket-audio-core-native\Release\pocket_audio_native_pcm.lib
  horde_gameplay_simulation.vcxproj -> <repo>\build\presets\windows-x64-release\Release\horde_gameplay_simulation.lib
  HeldItemClearanceTests.cpp
  horde_rt_held_item_clearance_tests.vcxproj -> <repo>\build\presets\windows-x64-release\Release\horde_rt_held_item_clearance_tests.exe
MSBuild version 17.14.40+3e7442088 for .NET Framework

  pocket_audio_native_pcm.vcxproj -> <repo>\build\presets\windows-x64-release\pocket-audio-core-native\Release\pocket_audio_native_pcm.lib
  horde_gameplay_simulation.vcxproj -> <repo>\build\presets\windows-x64-release\Release\horde_gameplay_simulation.lib
  PlayerRenderSlot.cpp
  HeldItemSocketTests.cpp
  Generating Code...
  horde_rt_held_item_socket_tests.vcxproj -> <repo>\build\presets\windows-x64-release\Release\horde_rt_held_item_socket_tests.exe
MSBuild version 17.14.40+3e7442088 for .NET Framework

  pocket_audio_native_pcm.vcxproj -> <repo>\build\presets\windows-x64-release\pocket-audio-core-native\Release\pocket_audio_native_pcm.lib
  horde_gameplay_simulation.vcxproj -> <repo>\build\presets\windows-x64-release\Release\horde_gameplay_simulation.lib
  horde_rt_held_item_transition_tests.vcxproj -> <repo>\build\presets\windows-x64-release\Release\horde_rt_held_item_transition_tests.exe
MSBuild version 17.14.40+3e7442088 for .NET Framework

  pocket_audio_native_pcm.vcxproj -> <repo>\build\presets\windows-x64-release\pocket-audio-core-native\Release\pocket_audio_native_pcm.lib
  horde_gameplay_simulation.vcxproj -> <repo>\build\presets\windows-x64-release\Release\horde_gameplay_simulation.lib
  horde_rt_probe_core.vcxproj -> <repo>\build\presets\windows-x64-release\Release\horde_rt_probe_core.lib
  HeldItemVerticalSupportRigTests.cpp
  horde_rt_held_item_vertical_support_rig_tests.vcxproj -> <repo>\build\presets\windows-x64-release\Release\horde_rt_held_item_vertical_support_rig_tests.exe
MSBuild version 17.14.40+3e7442088 for .NET Framework

  InputMailboxStress.cpp
  horde_rt_input_mailbox_stress.vcxproj -> <repo>\build\presets\windows-x64-release\Release\horde_rt_input_mailbox_stress.exe
MSBuild version 17.14.40+3e7442088 for .NET Framework

  pocket_audio_native_pcm.vcxproj -> <repo>\build\presets\windows-x64-release\pocket-audio-core-native\Release\pocket_audio_native_pcm.lib
  horde_gameplay_simulation.vcxproj -> <repo>\build\presets\windows-x64-release\Release\horde_gameplay_simulation.lib
  InputPresentationTraceTests.cpp
  horde_rt_input_presentation_trace_tests.vcxproj -> <repo>\build\presets\windows-x64-release\Release\horde_rt_input_presentation_trace_tests.exe
MSBuild version 17.14.40+3e7442088 for .NET Framework

  pocket_audio_native_pcm.vcxproj -> <repo>\build\presets\windows-x64-release\pocket-audio-core-native\Release\pocket_audio_native_pcm.lib
  horde_gameplay_simulation.vcxproj -> <repo>\build\presets\windows-x64-release\Release\horde_gameplay_simulation.lib
  LanternPendulumTests.cpp
  horde_rt_lantern_pendulum_tests.vcxproj -> <repo>\build\presets\windows-x64-release\Release\horde_rt_lantern_pendulum_tests.exe
MSBuild version 17.14.40+3e7442088 for .NET Framework

  pocket_audio_native_pcm.vcxproj -> <repo>\build\presets\windows-x64-release\pocket-audio-core-native\Release\pocket_audio_native_pcm.lib
  horde_gameplay_simulation.vcxproj -> <repo>\build\presets\windows-x64-release\Release\horde_gameplay_simulation.lib
  LanternRewardTests.cpp
  horde_rt_lantern_reward_tests.vcxproj -> <repo>\build\presets\windows-x64-release\Release\horde_rt_lantern_reward_tests.exe
MSBuild version 17.14.40+3e7442088 for .NET Framework

  horde_rt_pipeline_bundle_contracts_tests.vcxproj -> <repo>\build\presets\windows-x64-release\Release\horde_rt_pipeline_bundle_contracts_tests.exe
MSBuild version 17.14.40+3e7442088 for .NET Framework

  horde_rt_pipeline_bundle_lifetime_tests.vcxproj -> <repo>\build\presets\windows-x64-release\Release\horde_rt_pipeline_bundle_lifetime_tests.exe
MSBuild version 17.14.40+3e7442088 for .NET Framework

  horde_rt_pipeline_variant_provider_tests.vcxproj -> <repo>\build\presets\windows-x64-release\Release\horde_rt_pipeline_variant_provider_tests.exe
MSBuild version 17.14.40+3e7442088 for .NET Framework

  horde_rt_pipeline_variants_tests.vcxproj -> <repo>\build\presets\windows-x64-release\Release\horde_rt_pipeline_variants_tests.exe
MSBuild version 17.14.40+3e7442088 for .NET Framework

  pocket_audio_native_pcm.vcxproj -> <repo>\build\presets\windows-x64-release\pocket-audio-core-native\Release\pocket_audio_native_pcm.lib
  horde_gameplay_simulation.vcxproj -> <repo>\build\presets\windows-x64-release\Release\horde_gameplay_simulation.lib
  PlayerRenderSlot.cpp
  PlayerAnimationTests.cpp
  Generating Code...
  horde_rt_player_animation_tests.vcxproj -> <repo>\build\presets\windows-x64-release\Release\horde_rt_player_animation_tests.exe
MSBuild version 17.14.40+3e7442088 for .NET Framework

  pocket_audio_native_pcm.vcxproj -> <repo>\build\presets\windows-x64-release\pocket-audio-core-native\Release\pocket_audio_native_pcm.lib
  horde_gameplay_simulation.vcxproj -> <repo>\build\presets\windows-x64-release\Release\horde_gameplay_simulation.lib
  horde_rt_probe_core.vcxproj -> <repo>\build\presets\windows-x64-release\Release\horde_rt_probe_core.lib
  Building Custom Rule <repo>/CMakeLists.txt
  PlayerDirectionalRigTests.cpp
  horde_rt_player_directional_rig_tests.vcxproj -> <repo>\build\presets\windows-x64-release\Release\horde_rt_player_directional_rig_tests.exe
MSBuild version 17.14.40+3e7442088 for .NET Framework

  horde_rt_player_primitive_contract_tests.vcxproj -> <repo>\build\presets\windows-x64-release\Release\horde_rt_player_primitive_contract_tests.exe
MSBuild version 17.14.40+3e7442088 for .NET Framework

  horde_rt_present_completion_tests.vcxproj -> <repo>\build\presets\windows-x64-release\Release\horde_rt_present_completion_tests.exe
MSBuild version 17.14.40+3e7442088 for .NET Framework

  horde_rt_presentation_transform_tests.vcxproj -> <repo>\build\presets\windows-x64-release\Release\horde_rt_presentation_transform_tests.exe
MSBuild version 17.14.40+3e7442088 for .NET Framework

  horde_rtpv_1_1_obj.vcxproj -> <repo>\build\presets\windows-x64-release\horde_rtpv_1_1_obj.dir\Release\horde_rtpv_1_1_obj.lib
  horde_rt_provider_diagnostic_high_fixture.vcxproj -> <repo>\build\presets\windows-x64-release\Release\horde_rt_provider_diagnostic_high_fixture.exe
MSBuild version 17.14.40+3e7442088 for .NET Framework

  horde_rtpv_1_0_obj.vcxproj -> <repo>\build\presets\windows-x64-release\horde_rtpv_1_0_obj.dir\Release\horde_rtpv_1_0_obj.lib
  horde_rt_provider_diagnostic_mobile_fixture.vcxproj -> <repo>\build\presets\windows-x64-release\Release\horde_rt_provider_diagnostic_mobile_fixture.exe
MSBuild version 17.14.40+3e7442088 for .NET Framework

  horde_rtpv_0_1_obj.vcxproj -> <repo>\build\presets\windows-x64-release\horde_rtpv_0_1_obj.dir\Release\horde_rtpv_0_1_obj.lib
  horde_rt_provider_shipping_high_fixture.vcxproj -> <repo>\build\presets\windows-x64-release\Release\horde_rt_provider_shipping_high_fixture.exe
MSBuild version 17.14.40+3e7442088 for .NET Framework

  horde_rtpv_0_0_obj.vcxproj -> <repo>\build\presets\windows-x64-release\horde_rtpv_0_0_obj.dir\Release\horde_rtpv_0_0_obj.lib
  horde_rt_provider_shipping_mobile_fixture.vcxproj -> <repo>\build\presets\windows-x64-release\Release\horde_rt_provider_shipping_mobile_fixture.exe
MSBuild version 17.14.40+3e7442088 for .NET Framework

  horde_rt_retirement_owner_tests.vcxproj -> <repo>\build\presets\windows-x64-release\Release\horde_rt_retirement_owner_tests.exe
MSBuild version 17.14.40+3e7442088 for .NET Framework

  horde_rt_scene_abi_tests.vcxproj -> <repo>\build\presets\windows-x64-release\Release\horde_rt_scene_abi_tests.exe
MSBuild version 17.14.40+3e7442088 for .NET Framework

  pocket_audio_native_pcm.vcxproj -> <repo>\build\presets\windows-x64-release\pocket-audio-core-native\Release\pocket_audio_native_pcm.lib
  horde_gameplay_simulation.vcxproj -> <repo>\build\presets\windows-x64-release\Release\horde_gameplay_simulation.lib
  horde_rt_probe_core.vcxproj -> <repo>\build\presets\windows-x64-release\Release\horde_rt_probe_core.lib
  RtSceneInitialisePreflightTests.cpp
  horde_rt_scene_initialise_preflight_tests.vcxproj -> <repo>\build\presets\windows-x64-release\Release\horde_rt_scene_initialise_preflight_tests.exe
MSBuild version 17.14.40+3e7442088 for .NET Framework

  pocket_audio_native_pcm.vcxproj -> <repo>\build\presets\windows-x64-release\pocket-audio-core-native\Release\pocket_audio_native_pcm.lib
  horde_gameplay_simulation.vcxproj -> <repo>\build\presets\windows-x64-release\Release\horde_gameplay_simulation.lib
  horde_rt_probe_core.vcxproj -> <repo>\build\presets\windows-x64-release\Release\horde_rt_probe_core.lib
  RtSceneResourceInventoryTests.cpp
  horde_rt_scene_resource_inventory_tests.vcxproj -> <repo>\build\presets\windows-x64-release\Release\horde_rt_scene_resource_inventory_tests.exe
MSBuild version 17.14.40+3e7442088 for .NET Framework

  pocket_audio_native_pcm.vcxproj -> <repo>\build\presets\windows-x64-release\pocket-audio-core-native\Release\pocket_audio_native_pcm.lib
  horde_gameplay_simulation.vcxproj -> <repo>\build\presets\windows-x64-release\Release\horde_gameplay_simulation.lib
  horde_rt_showcase_gameplay_smoke.vcxproj -> <repo>\build\presets\windows-x64-release\Release\horde_rt_showcase_gameplay_smoke.exe
MSBuild version 17.14.40+3e7442088 for .NET Framework

  horde_rt_showcase_route_smoke.vcxproj -> <repo>\build\presets\windows-x64-release\Release\horde_rt_showcase_route_smoke.exe
MSBuild version 17.14.40+3e7442088 for .NET Framework

  pocket_audio_native_pcm.vcxproj -> <repo>\build\presets\windows-x64-release\pocket-audio-core-native\Release\pocket_audio_native_pcm.lib
  horde_gameplay_simulation.vcxproj -> <repo>\build\presets\windows-x64-release\Release\horde_gameplay_simulation.lib
  SimulationGameplayTests.cpp
  horde_rt_simulation_gameplay_tests.vcxproj -> <repo>\build\presets\windows-x64-release\Release\horde_rt_simulation_gameplay_tests.exe
MSBuild version 17.14.40+3e7442088 for .NET Framework

  pocket_audio_native_pcm.vcxproj -> <repo>\build\presets\windows-x64-release\pocket-audio-core-native\Release\pocket_audio_native_pcm.lib
  horde_gameplay_simulation.vcxproj -> <repo>\build\presets\windows-x64-release\Release\horde_gameplay_simulation.lib
  SimulationTimingTests.cpp
  horde_rt_simulation_timing_tests.vcxproj -> <repo>\build\presets\windows-x64-release\Release\horde_rt_simulation_timing_tests.exe
MSBuild version 17.14.40+3e7442088 for .NET Framework

  pocket_audio_native_pcm.vcxproj -> <repo>\build\presets\windows-x64-release\pocket-audio-core-native\Release\pocket_audio_native_pcm.lib
  horde_gameplay_simulation.vcxproj -> <repo>\build\presets\windows-x64-release\Release\horde_gameplay_simulation.lib
  horde_rt_probe_core.vcxproj -> <repo>\build\presets\windows-x64-release\Release\horde_rt_probe_core.lib
  horde_rt_skinned_arm_reference_tests.vcxproj -> <repo>\build\presets\windows-x64-release\Release\horde_rt_skinned_arm_reference_tests.exe
MSBuild version 17.14.40+3e7442088 for .NET Framework

  pocket_audio_native_pcm.vcxproj -> <repo>\build\presets\windows-x64-release\pocket-audio-core-native\Release\pocket_audio_native_pcm.lib
  horde_gameplay_simulation.vcxproj -> <repo>\build\presets\windows-x64-release\Release\horde_gameplay_simulation.lib
  horde_rt_probe_core.vcxproj -> <repo>\build\presets\windows-x64-release\Release\horde_rt_probe_core.lib
  SkinnedCharacterModelSmoke.cpp
  horde_rt_skinned_character_smoke.vcxproj -> <repo>\build\presets\windows-x64-release\Release\horde_rt_skinned_character_smoke.exe
MSBuild version 17.14.40+3e7442088 for .NET Framework

  horde_rt_skinned_node_pose_batch_tests.vcxproj -> <repo>\build\presets\windows-x64-release\Release\horde_rt_skinned_node_pose_batch_tests.exe
MSBuild version 17.14.40+3e7442088 for .NET Framework

  horde_rt_spatial_audio_smoke.vcxproj -> <repo>\build\presets\windows-x64-release\Release\horde_rt_spatial_audio_smoke.exe
MSBuild version 17.14.40+3e7442088 for .NET Framework

  horde_rt_surface_presentation_policy_tests.vcxproj -> <repo>\build\presets\windows-x64-release\Release\horde_rt_surface_presentation_policy_tests.exe
MSBuild version 17.14.40+3e7442088 for .NET Framework

  horde_rt_surface_session_mailbox_tests.vcxproj -> <repo>\build\presets\windows-x64-release\Release\horde_rt_surface_session_mailbox_tests.exe
MSBuild version 17.14.40+3e7442088 for .NET Framework

  pocket_audio_native_pcm.vcxproj -> <repo>\build\presets\windows-x64-release\pocket-audio-core-native\Release\pocket_audio_native_pcm.lib
  horde_gameplay_simulation.vcxproj -> <repo>\build\presets\windows-x64-release\Release\horde_gameplay_simulation.lib
  horde_rt_probe_core.vcxproj -> <repo>\build\presets\windows-x64-release\Release\horde_rt_probe_core.lib
  VerticalSupportTests.cpp
  horde_rt_vertical_support_tests.vcxproj -> <repo>\build\presets\windows-x64-release\Release\horde_rt_vertical_support_tests.exe
MSBuild version 17.14.40+3e7442088 for .NET Framework

  pocket_audio_native_pcm.vcxproj -> <repo>\build\presets\windows-x64-release\pocket-audio-core-native\Release\pocket_audio_native_pcm.lib
  horde_gameplay_simulation.vcxproj -> <repo>\build\presets\windows-x64-release\Release\horde_gameplay_simulation.lib
  WaterfallProductionRouteTests.cpp
  horde_rt_waterfall_production_route_tests.vcxproj -> <repo>\build\presets\windows-x64-release\Release\horde_rt_waterfall_production_route_tests.exe
MSBuild version 17.14.40+3e7442088 for .NET Framework

  pocket_audio_native_pcm.vcxproj -> <repo>\build\presets\windows-x64-release\pocket-audio-core-native\Release\pocket_audio_native_pcm.lib
  horde_gameplay_simulation.vcxproj -> <repo>\build\presets\windows-x64-release\Release\horde_gameplay_simulation.lib
  horde_rt_probe_core.vcxproj -> <repo>\build\presets\windows-x64-release\Release\horde_rt_probe_core.lib
  Building Custom Rule <repo>/CMakeLists.txt
  WorldRouteFoundationTests.cpp
  horde_rt_world_route_foundation_tests.vcxproj -> <repo>\build\presets\windows-x64-release\Release\horde_rt_world_route_foundation_tests.exe
