UpdateCTestConfiguration  from :<repo>/DartConfiguration.tcl
UpdateCTestConfiguration  from :<repo>/build/presets/windows-x64-release/DartConfiguration.tcl
Parse Config file:<repo>/build/presets/windows-x64-release/DartConfiguration.tcl
Test project <repo>/build/presets/windows-x64-release
Constructing a list of tests
Done constructing a list of tests
Updating test list for fixtures
Added 0 tests to meet fixture requirements
Checking test dependency graph...
Checking test dependency graph end
test 136
    Start 136: horde_rt_final_windows_bundle_containment

136: Test command: "C:\Program Files\PowerShell\7\pwsh.exe" "-NoProfile" "-File" "<repo>/tools/InspectRtPipelineBundleContainment.ps1" "-TargetPath" "<repo>/build/presets/windows-x64-release/Release/HordeLanternRT.exe" "-TargetPlatform" "Windows" "-Instrumentation" "Shipping" "-Quality" "High"
136: Working Directory: <repo>/build/presets/windows-x64-release
136: Test timeout computed to be: 300
136: {"target":"<repo>\\build\\presets\\windows-x64-release\\Release\\HordeLanternRT.exe","targetPlatform":"Windows","instrumentation":"Shipping","quality":"High","targetSha256":"c3d8144c0c7654022efb4764a89ec83f14affe47b4bb3db3fb04cdb3a00d84b5","targetBytes":4086784,"semanticKeys":["shipping_high_generic_dielectric","shipping_high_opaque_fast","rayquery_compute_shipping_high_generic_dielectric","rayquery_compute_shipping_high_opaque_fast"],"modules":[{"offset":1787792,"backend":"RayTracingPipeline","executionModel":"RayGenerationKHR","sha256":"53c750339d09c6d86a962c0b6ee0a8b7d2fd3d2ecf964beeb8230e1a306f6c7f","words":147821,"rayQueryCapability":true,"rayQueryInitializations":29,"binding22":false,"atomicInstructions":0},{"offset":2379088,"backend":"RayTracingPipeline","executionModel":"RayGenerationKHR","sha256":"dcf4ae58c422c9c512a2f8d0fccffcbb03414058eb59367f3272aab145c2d809","words":71783,"rayQueryCapability":true,"rayQueryInitializations":2,"binding22":false,"atomicInstructions":0},{"offset":2666224,"backend":"RayQueryCompute","executionModel":"GLCompute","sha256":"f21fb2fe7acf6991d43ba697cc40ca05460e844b0be5c6e5d1e0bd5dcc193ee5","words":148122,"rayQueryCapability":true,"rayQueryInitializations":29,"binding22":false,"atomicInstructions":0},{"offset":3258720,"backend":"RayQueryCompute","executionModel":"GLCompute","sha256":"cf819ead8266e755bc3c783380f983a7a0d3e0e338834234cb643f78a65ef1bb","words":71845,"rayQueryCapability":true,"rayQueryInitializations":2,"binding22":false,"atomicInstructions":0}],"spirvVal":"passed","spirvDis":"passed"}
1/3 Test #136: horde_rt_final_windows_bundle_containment ................   Passed   10.81 sec
test 137
    Start 137: horde_rt_final_windows_bundle_containment_controls

137: Test command: "C:\Program Files\PowerShell\7\pwsh.exe" "-NoProfile" "-File" "<repo>/tests/RtPipelineBundleContainmentTests.ps1" "-Scanner" "<repo>/tools/InspectRtPipelineBundleContainment.ps1" "-TargetPath" "<repo>/build/presets/windows-x64-release/Release/HordeLanternRT.exe" "-TargetPlatform" "Windows" "-Instrumentation" "Shipping" "-Quality" "High" "-PowerShellExecutable" "C:/Program Files/PowerShell/7/pwsh.exe"
137: Working Directory: <repo>/build/presets/windows-x64-release
137: Test timeout computed to be: 300
137: Final-target containment scanner adversarial controls passed.
2/3 Test #137: horde_rt_final_windows_bundle_containment_controls .......   Passed  118.16 sec
test 138
    Start 138: horde_rt_final_windows_bundle_containment_registration

138: Test command: "C:\Program Files\PowerShell\7\pwsh.exe" "-NoProfile" "-File" "<repo>/tests/RtPipelineBundleContainmentRegistrationTests.ps1" "-CmakeExecutable" "C:/Program Files (x86)/Microsoft Visual Studio/2022/BuildTools/Common7/IDE/CommonExtensions/Microsoft/CMake/CMake/bin/cmake.exe" "-ConfiguredCtestFile" "<repo>/build/presets/windows-x64-release/CTestTestfile.cmake" "-Configuration" "Release" "-Instrumentation" "Shipping" "-Quality" "High" "-Generator" "Visual Studio 17 2022" "-GeneratorPlatform" "x64"
138: Working Directory: <repo>/build/presets/windows-x64-release
138: Test timeout computed to be: 300
138: -- Selecting Windows SDK version 10.0.26100.0 to target Windows 10.0.26300.
138: -- The CXX compiler identification is MSVC 19.44.35227.0
138: -- Detecting CXX compiler ABI info
138: -- Detecting CXX compiler ABI info - done
138: -- Check for working CXX compiler: C:/Program Files (x86)/Microsoft Visual Studio/2022/BuildTools/VC/Tools/MSVC/14.44.35207/bin/Hostx64/x64/cl.exe - skipped
138: -- Detecting CXX compile features
138: -- Detecting CXX compile features - done
138: Generated RT catalog adapter is current.
138: -- Strict non-contracted asset-transform arithmetic enabled for GltfDocument.cpp and StaticMeshAsset.cpp: /fp:strict
138: -- Found Vulkan: C:/VulkanSDK/1.4.350.0/Lib/vulkan-1.lib (found version "1.4.350") found components: glslc glslangValidator
138: -- Vulkan SDK found: 1.4.350
138: -- Performing Test CMAKE_HAVE_LIBC_PTHREAD
138: -- Performing Test CMAKE_HAVE_LIBC_PTHREAD - Failed
138: -- Looking for pthread_create in pthreads
138: -- Looking for pthread_create in pthreads - not found
138: -- Looking for pthread_create in pthread
138: -- Looking for pthread_create in pthread - not found
138: -- Found Threads: TRUE
138: -- Legacy torch-failure identifiers were rejected by the configured MSVC compiler.
138: -- Horde Lantern RT: Vulkan capability probe and Windows diagnostic targets are available; Android builds from android/.
138: -- Configuring done (17.2s)
138: -- Generating done (1.5s)
138: -- Build files have been written to: <repo>/build/rtm-s-debddff130da
138: MSBuild version 17.14.40+3e7442088 for .NET Framework
138:
138:   1>Checking Build System
138:   Building Custom Rule <repo>/CMakeLists.txt
138:   RtPipelineBundleLifetimeTests.cpp
138:   RtPipelineBundle.cpp
138:   RtPipelineBundleContracts.cpp
138:   RtPipelineVariants.cpp
138:   RtPipelineVariantProvider.cpp
138:   Generating Code...
138:   horde_rt_pipeline_bundle_lifetime_tests.vcxproj -> <repo>\build\rtm-s-debddff130da\Debug\horde_rt_pipeline_bundle_lifetime_tests.exe
138: Internal ctest changing into directory: <repo>/build/rtm-s-debddff130da
138: Test project <repo>/build/rtm-s-debddff130da
138:     Start 133: horde_rt_pipeline_bundle_lifetime_tests
138: 1/1 Test #133: horde_rt_pipeline_bundle_lifetime_tests ...   Passed    5.00 sec
138:
138: 100% tests passed, 0 tests failed out of 1
138:
138: Total Test time (real) =   5.01 sec
138: -- Selecting Windows SDK version 10.0.26100.0 to target Windows 10.0.26300.
138: -- The CXX compiler identification is MSVC 19.44.35227.0
138: -- Detecting CXX compiler ABI info
138: -- Detecting CXX compiler ABI info - done
138: -- Check for working CXX compiler: C:/Program Files (x86)/Microsoft Visual Studio/2022/BuildTools/VC/Tools/MSVC/14.44.35207/bin/Hostx64/x64/cl.exe - skipped
138: -- Detecting CXX compile features
138: -- Detecting CXX compile features - done
138: Generated RT catalog adapter is current.
138: -- Strict non-contracted asset-transform arithmetic enabled for GltfDocument.cpp and StaticMeshAsset.cpp: /fp:strict
138: -- Found Vulkan: C:/VulkanSDK/1.4.350.0/Lib/vulkan-1.lib (found version "1.4.350") found components: glslc glslangValidator
138: -- Vulkan SDK found: 1.4.350
138: -- Performing Test CMAKE_HAVE_LIBC_PTHREAD
138: -- Performing Test CMAKE_HAVE_LIBC_PTHREAD - Failed
138: -- Looking for pthread_create in pthreads
138: -- Looking for pthread_create in pthreads - not found
138: -- Looking for pthread_create in pthread
138: -- Looking for pthread_create in pthread - not found
138: -- Found Threads: TRUE
138: -- Legacy torch-failure identifiers were rejected by the configured MSVC compiler.
138: -- Horde Lantern RT: Vulkan capability probe and Windows diagnostic targets are available; Android builds from android/.
138: -- Configuring done (17.1s)
138: -- Generating done (1.6s)
138: -- Build files have been written to: <repo>/build/rtm-d-dfde75f2fa91
138: MSBuild version 17.14.40+3e7442088 for .NET Framework
138:
138:   1>Checking Build System
138:   Building Custom Rule <repo>/CMakeLists.txt
138:   RtPipelineBundleLifetimeTests.cpp
138:   RtPipelineBundle.cpp
138:   RtPipelineBundleContracts.cpp
138:   RtPipelineVariants.cpp
138:   RtPipelineVariantProvider.cpp
138:   Generating Code...
138:   horde_rt_pipeline_bundle_lifetime_tests.vcxproj -> <repo>\build\rtm-d-dfde75f2fa91\Debug\horde_rt_pipeline_bundle_lifetime_tests.exe
138: Internal ctest changing into directory: <repo>/build/rtm-d-dfde75f2fa91
138: Test project <repo>/build/rtm-d-dfde75f2fa91
138:     Start 133: horde_rt_pipeline_bundle_lifetime_tests
138: 1/1 Test #133: horde_rt_pipeline_bundle_lifetime_tests ...   Passed    5.54 sec
138:
138: 100% tests passed, 0 tests failed out of 1
138:
138: Total Test time (real) =   5.55 sec
138: Effective final-target containment registrations and Mobile lifetime policies passed.
3/3 Test #138: horde_rt_final_windows_bundle_containment_registration ...   Passed   57.47 sec

The following tests passed:
	horde_rt_final_windows_bundle_containment
	horde_rt_final_windows_bundle_containment_controls
	horde_rt_final_windows_bundle_containment_registration

100% tests passed, 0 tests failed out of 3

Total Test time (real) = 186.45 sec
