MSBuild version 17.14.40+3e7442088 for .NET Framework

  pocket_audio_native_pcm.vcxproj -> C:\Dev\tmp\horde-pocket-audio-core-native-20261001\horde-build\pocket-audio-core-native\Debug\pocket_audio_native_pcm.lib
  horde_gameplay_simulation.vcxproj -> C:\Dev\tmp\horde-pocket-audio-core-native-20261001\horde-build\Debug\horde_gameplay_simulation.lib
  ShowcaseBenchmark.cpp
  horde_rt_probe_core.vcxproj -> C:\Dev\tmp\horde-pocket-audio-core-native-20261001\horde-build\Debug\horde_rt_probe_core.lib
  Building Custom Rule C:/Users/sam_s/Documents/the Horde RT Demo/.worktrees/horde-1.6.1-engineering-pass/CMakeLists.txt
  ShowcaseBenchmarkSmoke.cpp
  horde_rt_showcase_benchmark_smoke.vcxproj -> C:\Dev\tmp\horde-pocket-audio-core-native-20261001\horde-build\Debug\horde_rt_showcase_benchmark_smoke.exe
MSBuild version 17.14.40+3e7442088 for .NET Framework

  pocket_audio_native_pcm.vcxproj -> C:\Dev\tmp\horde-pocket-audio-core-native-20261001\horde-build\pocket-audio-core-native\Debug\pocket_audio_native_pcm.lib
  horde_gameplay_simulation.vcxproj -> C:\Dev\tmp\horde-pocket-audio-core-native-20261001\horde-build\Debug\horde_gameplay_simulation.lib
  Building Custom Rule C:/Users/sam_s/Documents/the Horde RT Demo/.worktrees/horde-1.6.1-engineering-pass/CMakeLists.txt
  LanternBenchmarkTests.cpp
  ShowcaseBenchmark.cpp
  RtBenchmarkEvidenceReport.cpp
  RtBenchmarkEvidenceRun.cpp
  RtPerformanceEvidence.cpp
  Generating Code...
  horde_rt_lantern_benchmark_tests.vcxproj -> C:\Dev\tmp\horde-pocket-audio-core-native-20261001\horde-build\Debug\horde_rt_lantern_benchmark_tests.exe
MSBuild version 17.14.40+3e7442088 for .NET Framework
MSBUILD : error MSB1009: Project file does not exist.
Switch: horde_rt_windows_diagnostic.vcxproj
