CMake is re-running because C:/Dev/tmp/horde-pocket-audio-core-native-20261001/horde-build/CMakeFiles/generate.stamp is out-of-date.
  the file 'C:/Users/sam_s/Documents/the Horde RT Demo/.worktrees/horde-1.6.1-engineering-pass/CMakeLists.txt'
  is newer than 'C:/Dev/tmp/horde-pocket-audio-core-native-20261001/horde-build/CMakeFiles/generate.stamp.depend'
  result='-1'
-- Selecting Windows SDK version 10.0.26100.0 to target Windows 10.0.26200.
Generated RT catalog adapter is current.
-- Strict non-contracted asset-transform arithmetic enabled for GltfDocument.cpp and StaticMeshAsset.cpp: /fp:strict
-- Vulkan SDK found: 1.4.350
-- Legacy torch-failure identifiers were rejected by the configured MSVC compiler.
-- Horde Lantern RT: Vulkan capability probe and Windows diagnostic targets are available; Android builds from android/.
-- Configuring done (12.6s)
-- Generating done (0.6s)
-- Build files have been written to: C:/Dev/tmp/horde-pocket-audio-core-native-20261001/horde-build
MSBuild version 17.14.40+3e7442088 for .NET Framework

  pocket_audio_native_pcm.vcxproj -> C:\Dev\tmp\horde-pocket-audio-core-native-20261001\horde-build\pocket-audio-core-native\Debug\pocket_audio_native_pcm.lib
  PlaytestReport.cpp
  horde_gameplay_simulation.vcxproj -> C:\Dev\tmp\horde-pocket-audio-core-native-20261001\horde-build\Debug\horde_gameplay_simulation.lib
  ShowcaseBenchmark.cpp
  horde_rt_probe_core.vcxproj -> C:\Dev\tmp\horde-pocket-audio-core-native-20261001\horde-build\Debug\horde_rt_probe_core.lib
  ShowcaseBenchmarkSmoke.cpp
  horde_rt_showcase_benchmark_smoke.vcxproj -> C:\Dev\tmp\horde-pocket-audio-core-native-20261001\horde-build\Debug\horde_rt_showcase_benchmark_smoke.exe
MSBuild version 17.14.40+3e7442088 for .NET Framework

  pocket_audio_native_pcm.vcxproj -> C:\Dev\tmp\horde-pocket-audio-core-native-20261001\horde-build\pocket-audio-core-native\Debug\pocket_audio_native_pcm.lib
  horde_gameplay_simulation.vcxproj -> C:\Dev\tmp\horde-pocket-audio-core-native-20261001\horde-build\Debug\horde_gameplay_simulation.lib
  ShowcaseBenchmark.cpp
  LanternBenchmarkTests.cpp
  Generating Code...
  horde_rt_lantern_benchmark_tests.vcxproj -> C:\Dev\tmp\horde-pocket-audio-core-native-20261001\horde-build\Debug\horde_rt_lantern_benchmark_tests.exe
MSBuild version 17.14.40+3e7442088 for .NET Framework

  pocket_audio_native_pcm.vcxproj -> C:\Dev\tmp\horde-pocket-audio-core-native-20261001\horde-build\pocket-audio-core-native\Debug\pocket_audio_native_pcm.lib
  horde_gameplay_simulation.vcxproj -> C:\Dev\tmp\horde-pocket-audio-core-native-20261001\horde-build\Debug\horde_gameplay_simulation.lib
  horde_windows_music.vcxproj -> C:\Dev\tmp\horde-pocket-audio-core-native-20261001\horde-build\Debug\horde_windows_music.lib
  horde_rt_probe_core.vcxproj -> C:\Dev\tmp\horde-pocket-audio-core-native-20261001\horde-build\Debug\horde_rt_probe_core.lib
  DiagnosticWindow.cpp
  horde_rt_diagnostic_window.vcxproj -> C:\Dev\tmp\horde-pocket-audio-core-native-20261001\horde-build\Debug\HordeLanternRT.exe
