> Task :app:prepareRuntimeAssets UP-TO-DATE
> Task :app:preBuild UP-TO-DATE
> Task :app:preReleaseBuild UP-TO-DATE
> Task :app:generateReleaseBuildConfig UP-TO-DATE
> Task :app:javaPreCompileRelease UP-TO-DATE
> Task :app:checkReleaseAarMetadata UP-TO-DATE
> Task :app:generateReleaseResValues UP-TO-DATE
> Task :app:mapReleaseSourceSetPaths UP-TO-DATE
> Task :app:generateReleaseResources UP-TO-DATE
> Task :app:mergeReleaseResources UP-TO-DATE
> Task :app:createReleaseCompatibleScreenManifests UP-TO-DATE
> Task :app:extractDeepLinksRelease UP-TO-DATE
> Task :app:processReleaseMainManifest UP-TO-DATE
> Task :app:processReleaseManifest UP-TO-DATE
> Task :app:processReleaseManifestForPackage UP-TO-DATE
> Task :app:processReleaseResources UP-TO-DATE

> Task :app:compileReleaseJavaWithJavac

> Task :app:extractProguardFiles UP-TO-DATE
Note: C:\Users\sam_s\Documents\the Horde RT Demo\.worktrees\horde-1.6.1-engineering-pass\android\app\src\main\java\com\samfa12\hordelanternrt\MainActivity.java uses or overrides a deprecated API.
Note: Recompile with -Xlint:deprecation for details.
> Task :app:generateReleaseLintVitalReportModel
> Task :app:lintVitalAnalyzeRelease
> Task :app:configureCMakeRelWithDebInfo[arm64-v8a]
> Task :app:lintVitalReportRelease
> Task :app:buildCMakeRelWithDebInfo[arm64-v8a]
> Task :app:lintVitalRelease
> Task :app:mergeReleaseJniLibFolders UP-TO-DATE
> Task :app:checkReleaseDuplicateClasses UP-TO-DATE
> Task :app:mergeReleaseNativeLibs
> Task :app:dexBuilderRelease
> Task :app:desugarReleaseFileDependencies UP-TO-DATE
> Task :app:mergeReleaseStartupProfile UP-TO-DATE
> Task :app:mergeExtDexRelease UP-TO-DATE
> Task :app:mergeReleaseArtProfile UP-TO-DATE
> Task :app:mergeReleaseGlobalSynthetics UP-TO-DATE
> Task :app:mergeReleaseShaders UP-TO-DATE
> Task :app:compileReleaseShaders NO-SOURCE
> Task :app:generateReleaseAssets UP-TO-DATE
> Task :app:mergeDexRelease
> Task :app:mergeReleaseAssets
> Task :app:compileReleaseArtProfile
> Task :app:stripReleaseDebugSymbols
> Task :app:extractReleaseVersionControlInfo UP-TO-DATE
> Task :app:processReleaseJavaRes NO-SOURCE
> Task :app:mergeReleaseJavaResource UP-TO-DATE
> Task :app:optimizeReleaseResources UP-TO-DATE
> Task :app:collectReleaseDependencies UP-TO-DATE
> Task :app:sdkReleaseDependencyData UP-TO-DATE
> Task :app:writeReleaseAppMetadata UP-TO-DATE
> Task :app:writeReleaseSigningConfigVersions UP-TO-DATE
> Task :app:compressReleaseAssets
> Task :app:packageRelease
> Task :app:createReleaseApkListingFileRedirect UP-TO-DATE
> Task :app:extractReleaseNativeSymbolTables
> Task :app:mergeReleaseNativeDebugMetadata
> Task :app:assembleRelease
[Incubating] Problems report is available at: file:///C:/Users/sam_s/Documents/the%20Horde%20RT%20Demo/.worktrees/horde-1.6.1-engineering-pass/android/build/reports/problems/problems-report.html

BUILD SUCCESSFUL in 23s
48 actionable tasks: 17 executed, 31 up-to-date
