Test project <repo>/build/presets/windows-x64-debug
    Start 142: horde_rt_scene_resource_inventory_tests
1/1 Test #142: horde_rt_scene_resource_inventory_tests ...Exit code 0xc0000409
***Exception:   9.16 sec
Resource integration: existing readback/mist/torch contracts
Resource integration: descriptor contracts
Resource integration: TLAS and water geometry
Resource integration: actual tomb intake
Integrated native tomb static roster: 28 primitives, 26 materials
Resource integration: water owner lifetime
Water lifetime: populate
Water lifetime: move
Water lifetime: destroy
Resource integration: resize contracts
Resource integration: command/resource observations
C:\Program Files (x86)\Microsoft Visual Studio\2022\BuildTools\VC\Tools\MSVC\14.44.35207\include\array(531) : Assertion failed: array subscript out of range


0% tests passed, 1 tests failed out of 1

Total Test time (real) =   9.18 sec

The following tests FAILED:
	142 - horde_rt_scene_resource_inventory_tests (Exit code 0xc0000409
)
Errors while running CTest
