MSBuild version 17.14.40+3e7442088 for .NET Framework

  pocket_audio_native_pcm.vcxproj -> <repo>\build\presets\windows-x64-debug\pocket-audio-core-native\Debug\pocket_audio_native_pcm.lib
  horde_gameplay_simulation.vcxproj -> <repo>\build\presets\windows-x64-debug\Debug\horde_gameplay_simulation.lib
  RtPipelineBundleContracts.cpp
  horde_rt_probe_core.vcxproj -> <repo>\build\presets\windows-x64-debug\Debug\horde_rt_probe_core.lib
  horde_windows_music.vcxproj -> <repo>\build\presets\windows-x64-debug\Debug\horde_windows_music.lib
  horde_rt_diagnostic_window.vcxproj -> <repo>\build\presets\windows-x64-debug\Debug\HordeLanternRT.exe
MSBuild version 17.14.40+3e7442088 for .NET Framework

  pocket_audio_native_pcm.vcxproj -> <repo>\build\presets\windows-x64-debug\pocket-audio-core-native\Debug\pocket_audio_native_pcm.lib
  horde_gameplay_simulation.vcxproj -> <repo>\build\presets\windows-x64-debug\Debug\horde_gameplay_simulation.lib
  horde_rt_probe_core.vcxproj -> <repo>\build\presets\windows-x64-debug\Debug\horde_rt_probe_core.lib
  horde_rt_scene_resource_inventory_tests.vcxproj -> <repo>\build\presets\windows-x64-debug\Debug\horde_rt_scene_resource_inventory_tests.exe
MSBuild version 17.14.40+3e7442088 for .NET Framework

  RtPipelineBundleContracts.cpp
  horde_rt_pipeline_bundle_contracts_tests.vcxproj -> <repo>\build\presets\windows-x64-debug\Debug\horde_rt_pipeline_bundle_contracts_tests.exe
MSBuild version 17.14.40+3e7442088 for .NET Framework

  pocket_audio_native_pcm.vcxproj -> <repo>\build\presets\windows-x64-debug\pocket-audio-core-native\Debug\pocket_audio_native_pcm.lib
  horde_gameplay_simulation.vcxproj -> <repo>\build\presets\windows-x64-debug\Debug\horde_gameplay_simulation.lib
  horde_rt_probe_core.vcxproj -> <repo>\build\presets\windows-x64-debug\Debug\horde_rt_probe_core.lib
  horde_rt_scene_initialise_preflight_tests.vcxproj -> <repo>\build\presets\windows-x64-debug\Debug\horde_rt_scene_initialise_preflight_tests.exe
MSBuild version 17.14.40+3e7442088 for .NET Framework

  RtPipelineBundleContracts.cpp
  horde_rt_pipeline_bundle_lifetime_tests.vcxproj -> <repo>\build\presets\windows-x64-debug\Debug\horde_rt_pipeline_bundle_lifetime_tests.exe
