MSBuild version 17.14.40+3e7442088 for .NET Framework

  pocket_audio_native_pcm.vcxproj -> <repo>\build\presets\windows-x64-debug\pocket-audio-core-native\Debug\pocket_audio_native_pcm.lib
  MusicDirector.cpp
  MusicPcmAssetBank.cpp
  MusicPcmStream.cpp
  MusicPlaybackSession.cpp
  PlayerAnimationState.cpp
  WaterContact.cpp
  HeldItemKinematics.cpp
  HeldLightState.cpp
  GameSimulation.cpp
  GameSimulationRescue.cpp
  Generating Code...
  horde_gameplay_simulation.vcxproj -> <repo>\build\presets\windows-x64-debug\Debug\horde_gameplay_simulation.lib
  WaterContactTests.cpp
  LINK : <repo>\build\presets\windows-x64-debug\Debug\horde_rt_water_contact_tests.exe not found or not built by the last incremental link; performing full link
  horde_rt_water_contact_tests.vcxproj -> <repo>\build\presets\windows-x64-debug\Debug\horde_rt_water_contact_tests.exe
MSBuild version 17.14.40+3e7442088 for .NET Framework

  pocket_audio_native_pcm.vcxproj -> <repo>\build\presets\windows-x64-debug\pocket-audio-core-native\Debug\pocket_audio_native_pcm.lib
  horde_gameplay_simulation.vcxproj -> <repo>\build\presets\windows-x64-debug\Debug\horde_gameplay_simulation.lib
  CombatFoundationTests.cpp
  horde_rt_combat_foundation_tests.vcxproj -> <repo>\build\presets\windows-x64-debug\Debug\horde_rt_combat_foundation_tests.exe
