MSBuild version 17.14.40+3e7442088 for .NET Framework

  pocket_audio_native_pcm.vcxproj -> <repo>\build\presets\windows-x64-debug\pocket-audio-core-native\Debug\pocket_audio_native_pcm.lib
  horde_gameplay_simulation.vcxproj -> <repo>\build\presets\windows-x64-debug\Debug\horde_gameplay_simulation.lib
  PresentableTinyRtScene.cpp
  RtPipelineVariantProvider.cpp
  Generating Code...
  horde_rt_probe_core.vcxproj -> <repo>\build\presets\windows-x64-debug\Debug\horde_rt_probe_core.lib
  horde_windows_music.vcxproj -> <repo>\build\presets\windows-x64-debug\Debug\horde_windows_music.lib
  horde_rt_diagnostic_window.vcxproj -> <repo>\build\presets\windows-x64-debug\Debug\HordeLanternRT.exe
MSBuild version 17.14.40+3e7442088 for .NET Framework

  Building Custom Rule <repo>/CMakeLists.txt
  TombDressingTests.cpp
  TombDressing.cpp
  AssetManifest.cpp
  AssetValidation.cpp
  RtStaticMeshSlot.cpp
  Generating Code...
  GltfDocument.cpp
  StaticMeshAsset.cpp
  Generating Code...
  horde_rt_tomb_dressing_tests.vcxproj -> <repo>\build\presets\windows-x64-debug\Debug\horde_rt_tomb_dressing_tests.exe
MSBuild version 17.14.40+3e7442088 for .NET Framework

  Building Custom Rule <repo>/CMakeLists.txt
  TombWallRecessTests.cpp
  horde_rt_tomb_wall_recess_tests.vcxproj -> <repo>\build\presets\windows-x64-debug\Debug\horde_rt_tomb_wall_recess_tests.exe
MSBuild version 17.14.40+3e7442088 for .NET Framework

  pocket_audio_native_pcm.vcxproj -> <repo>\build\presets\windows-x64-debug\pocket-audio-core-native\Debug\pocket_audio_native_pcm.lib
  horde_gameplay_simulation.vcxproj -> <repo>\build\presets\windows-x64-debug\Debug\horde_gameplay_simulation.lib
  WaterContactTests.cpp
  horde_rt_water_contact_tests.vcxproj -> <repo>\build\presets\windows-x64-debug\Debug\horde_rt_water_contact_tests.exe
MSBuild version 17.14.40+3e7442088 for .NET Framework

  pocket_audio_native_pcm.vcxproj -> <repo>\build\presets\windows-x64-debug\pocket-audio-core-native\Debug\pocket_audio_native_pcm.lib
  horde_gameplay_simulation.vcxproj -> <repo>\build\presets\windows-x64-debug\Debug\horde_gameplay_simulation.lib
  horde_rt_probe_core.vcxproj -> <repo>\build\presets\windows-x64-debug\Debug\horde_rt_probe_core.lib
  RtSceneResourceInventoryTests.cpp
<repo>\tests\RtSceneResourceInventoryTests.cpp(694,9): error C2065: 'Scene': undeclared identifier [<repo>\build\presets\windows-x64-debug\horde_rt_scene_resource_inventory_tests.vcxproj]
<repo>\tests\RtSceneResourceInventoryTests.cpp(694,15): error C2146: syntax error: missing ';' before identifier 'baseline' [<repo>\build\presets\windows-x64-debug\horde_rt_scene_resource_inventory_tests.vcxproj]
<repo>\tests\RtSceneResourceInventoryTests.cpp(694,15): error C2065: 'baseline': undeclared identifier [<repo>\build\presets\windows-x64-debug\horde_rt_scene_resource_inventory_tests.vcxproj]
<repo>\tests\RtSceneResourceInventoryTests.cpp(695,9): error C2065: 'Scene': undeclared identifier [<repo>\build\presets\windows-x64-debug\horde_rt_scene_resource_inventory_tests.vcxproj]
<repo>\tests\RtSceneResourceInventoryTests.cpp(695,15): error C2146: syntax error: missing ';' before identifier 'tomb' [<repo>\build\presets\windows-x64-debug\horde_rt_scene_resource_inventory_tests.vcxproj]
<repo>\tests\RtSceneResourceInventoryTests.cpp(695,15): error C2065: 'tomb': undeclared identifier [<repo>\build\presets\windows-x64-debug\horde_rt_scene_resource_inventory_tests.vcxproj]
<repo>\tests\RtSceneResourceInventoryTests.cpp(696,9): error C2065: 'tomb': undeclared identifier [<repo>\build\presets\windows-x64-debug\horde_rt_scene_resource_inventory_tests.vcxproj]
<repo>\tests\RtSceneResourceInventoryTests.cpp(699,14): error C2065: 'baseline': undeclared identifier [<repo>\build\presets\windows-x64-debug\horde_rt_scene_resource_inventory_tests.vcxproj]
<repo>\tests\RtSceneResourceInventoryTests.cpp(700,14): error C2065: 'tomb': undeclared identifier [<repo>\build\presets\windows-x64-debug\horde_rt_scene_resource_inventory_tests.vcxproj]
<repo>\tests\RtSceneResourceInventoryTests.cpp(702,33): error C2065: 'baseline': undeclared identifier [<repo>\build\presets\windows-x64-debug\horde_rt_scene_resource_inventory_tests.vcxproj]
<repo>\tests\RtSceneResourceInventoryTests.cpp(702,20): error C2737: 'oldIndices': const object must be initialized [<repo>\build\presets\windows-x64-debug\horde_rt_scene_resource_inventory_tests.vcxproj]
<repo>\tests\RtSceneResourceInventoryTests.cpp(703,19): error C2065: 'tomb': undeclared identifier [<repo>\build\presets\windows-x64-debug\horde_rt_scene_resource_inventory_tests.vcxproj]
<repo>\tests\RtSceneResourceInventoryTests.cpp(703,63): error C3536: 'oldIndices': cannot be used before it is initialized [<repo>\build\presets\windows-x64-debug\horde_rt_scene_resource_inventory_tests.vcxproj]
<repo>\tests\RtSceneResourceInventoryTests.cpp(704,19): error C2065: 'tomb': undeclared identifier [<repo>\build\presets\windows-x64-debug\horde_rt_scene_resource_inventory_tests.vcxproj]
<repo>\tests\RtSceneResourceInventoryTests.cpp(705,19): error C2065: 'tomb': undeclared identifier [<repo>\build\presets\windows-x64-debug\horde_rt_scene_resource_inventory_tests.vcxproj]
<repo>\tests\RtSceneResourceInventoryTests.cpp(707,22): error C2065: 'tomb': undeclared identifier [<repo>\build\presets\windows-x64-debug\horde_rt_scene_resource_inventory_tests.vcxproj]
<repo>\tests\RtSceneResourceInventoryTests.cpp(708,22): error C2065: 'tomb': undeclared identifier [<repo>\build\presets\windows-x64-debug\horde_rt_scene_resource_inventory_tests.vcxproj]
