MSBuild version 17.14.40+3e7442088 for .NET Framework

  pocket_audio_native_pcm.vcxproj -> <repo>\build\presets\windows-x64-debug\pocket-audio-core-native\Debug\pocket_audio_native_pcm.lib
  horde_gameplay_simulation.vcxproj -> <repo>\build\presets\windows-x64-debug\Debug\horde_gameplay_simulation.lib
  CombatFoundationTests.cpp
  horde_rt_combat_foundation_tests.vcxproj -> <repo>\build\presets\windows-x64-debug\Debug\horde_rt_combat_foundation_tests.exe
MSBuild version 17.14.40+3e7442088 for .NET Framework

  pocket_audio_native_pcm.vcxproj -> <repo>\build\presets\windows-x64-debug\pocket-audio-core-native\Debug\pocket_audio_native_pcm.lib
  horde_gameplay_simulation.vcxproj -> <repo>\build\presets\windows-x64-debug\Debug\horde_gameplay_simulation.lib
  horde_rt_water_contact_tests.vcxproj -> <repo>\build\presets\windows-x64-debug\Debug\horde_rt_water_contact_tests.exe
MSBuild version 17.14.40+3e7442088 for .NET Framework

  pocket_audio_native_pcm.vcxproj -> <repo>\build\presets\windows-x64-debug\pocket-audio-core-native\Debug\pocket_audio_native_pcm.lib
  horde_gameplay_simulation.vcxproj -> <repo>\build\presets\windows-x64-debug\Debug\horde_gameplay_simulation.lib
  WaterContact.cpp
  FireEmitterBuffer.cpp
  RtStaticMeshSlot.cpp
  RtTextureArrays.cpp
  CharacterRenderSlot.cpp
  PlayerRenderSlot.cpp
  RtPipelineBundleContracts.cpp
  PresentableTinyRtScene.cpp
<repo>\src\vulkan\raytracing\PresentableTinyRtScene.cpp(7055,16): error C2374: 'waterDropletsVisible': redefinition; multiple initialization [<repo>\build\presets\windows-x64-debug\horde_rt_probe_core.vcxproj]
      <repo>\src\vulkan\raytracing\PresentableTinyRtScene.cpp(6039,16):
      see declaration of 'waterDropletsVisible'
  
<repo>\src\vulkan\raytracing\PresentableTinyRtScene.cpp(7055,16): error C2086: 'const bool waterDropletsVisible': redefinition [<repo>\build\presets\windows-x64-debug\horde_rt_probe_core.vcxproj]
      <repo>\src\vulkan\raytracing\PresentableTinyRtScene.cpp(6039,16):
      see declaration of 'waterDropletsVisible'
  
  SimulationFrameAdapter.cpp
  SkinnedMeshAsset.cpp
  Generating Code...
