MSBuild version 17.14.40+3e7442088 for .NET Framework

  horde_rtpv_0_0_obj.vcxproj -> <repo>\build\presets\windows-x64-debug\horde_rtpv_0_0_obj.dir\Debug\horde_rtpv_0_0_obj.lib
  horde_rtpv_0_1_obj.vcxproj -> <repo>\build\presets\windows-x64-debug\horde_rtpv_0_1_obj.dir\Debug\horde_rtpv_0_1_obj.lib
  horde_rtpv_1_0_obj.vcxproj -> <repo>\build\presets\windows-x64-debug\horde_rtpv_1_0_obj.dir\Debug\horde_rtpv_1_0_obj.lib
  horde_rtpv_1_1_obj.vcxproj -> <repo>\build\presets\windows-x64-debug\horde_rtpv_1_1_obj.dir\Debug\horde_rtpv_1_1_obj.lib
  pocket_audio_native_pcm.vcxproj -> <repo>\build\presets\windows-x64-debug\pocket-audio-core-native\Debug\pocket_audio_native_pcm.lib
  MusicDirector.cpp
  MusicPcmAssetBank.cpp
  MusicPcmStream.cpp
  MusicPlaybackSession.cpp
  PlayerAnimationState.cpp
  HeldItemKinematics.cpp
  HeldLightState.cpp
  GameSimulation.cpp
  GameSimulationRescue.cpp
  Generating Code...
  horde_gameplay_simulation.vcxproj -> <repo>\build\presets\windows-x64-debug\Debug\horde_gameplay_simulation.lib
  horde_rt_ambience_pcm_loop_tests.vcxproj -> <repo>\build\presets\windows-x64-debug\Debug\horde_rt_ambience_pcm_loop_tests.exe
  horde_rt_android_debug_request_admission_tests.vcxproj -> <repo>\build\presets\windows-x64-debug\Debug\horde_rt_android_debug_request_admission_tests.exe
  AndroidMotionEvidencePolicyTests.cpp
  horde_rt_android_motion_evidence_policy_tests.vcxproj -> <repo>\build\presets\windows-x64-debug\Debug\horde_rt_android_motion_evidence_policy_tests.exe
  horde_rt_benchmark_evidence_report_tests.vcxproj -> <repo>\build\presets\windows-x64-debug\Debug\horde_rt_benchmark_evidence_report_tests.exe
  horde_rt_benchmark_evidence_run_tests.vcxproj -> <repo>\build\presets\windows-x64-debug\Debug\horde_rt_benchmark_evidence_run_tests.exe
  horde_rt_benchmark_summary_report_tests.vcxproj -> <repo>\build\presets\windows-x64-debug\Debug\horde_rt_benchmark_summary_report_tests.exe
  TombDressing.cpp
  FireEmitterBuffer.cpp
  RtStaticMeshSlot.cpp
  RtTextureArrays.cpp
  CharacterRenderSlot.cpp
  PlayerRenderSlot.cpp
  RtPipelineBundleContracts.cpp
  RtPipelineBundle.cpp
  PresentableTinyRtScene.cpp
  SimulationFrameAdapter.cpp
  SkinnedMeshAsset.cpp
  Generating Code...
  StaticMeshAsset.cpp
  horde_rt_probe_core.vcxproj -> <repo>\build\presets\windows-x64-debug\Debug\horde_rt_probe_core.lib
  horde_rt_capability_probe.vcxproj -> <repo>\build\presets\windows-x64-debug\Debug\horde_rt_capability_probe.exe
  CharacterRenderSlotSmoke.cpp
  horde_rt_character_render_slot_smoke.vcxproj -> <repo>\build\presets\windows-x64-debug\Debug\horde_rt_character_render_slot_smoke.exe
  CombatFoundationTests.cpp
  horde_rt_combat_foundation_tests.vcxproj -> <repo>\build\presets\windows-x64-debug\Debug\horde_rt_combat_foundation_tests.exe
  SwordCombatSmoke.cpp
  horde_rt_combat_smoke.vcxproj -> <repo>\build\presets\windows-x64-debug\Debug\horde_rt_combat_smoke.exe
  CombatTimingTraceTests.cpp
  horde_rt_combat_timing_trace_tests.vcxproj -> <repo>\build\presets\windows-x64-debug\Debug\horde_rt_combat_timing_trace_tests.exe
  horde_rt_compiled_pipeline_cache_tests.vcxproj -> <repo>\build\presets\windows-x64-debug\Debug\horde_rt_compiled_pipeline_cache_tests.exe
  DesktopControllerInputTests.cpp
  horde_rt_desktop_controller_input_tests.vcxproj -> <repo>\build\presets\windows-x64-debug\Debug\horde_rt_desktop_controller_input_tests.exe
  horde_rt_developer_overlay_smoke.vcxproj -> <repo>\build\presets\windows-x64-debug\Debug\horde_rt_developer_overlay_smoke.exe
  DevelopmentStaticAssetTests.cpp
  horde_rt_development_static_asset_tests.vcxproj -> <repo>\build\presets\windows-x64-debug\Debug\horde_rt_development_static_asset_tests.exe
  horde_rt_device_address_layout_tests.vcxproj -> <repo>\build\presets\windows-x64-debug\Debug\horde_rt_device_address_layout_tests.exe
  WindowsMusicPlayback.cpp
  horde_windows_music.vcxproj -> <repo>\build\presets\windows-x64-debug\Debug\horde_windows_music.lib
  MotionEvidenceScenario.cpp
  DiagnosticWindow.cpp
  MotionEvidenceLedger.cpp
  Generating Code...
  horde_rt_diagnostic_window.vcxproj -> <repo>\build\presets\windows-x64-debug\Debug\HordeLanternRT.exe
  horde_rt_dielectric_math_tests.vcxproj -> <repo>\build\presets\windows-x64-debug\Debug\horde_rt_dielectric_math_tests.exe
  horde_rt_driver_capability_report_tests.vcxproj -> <repo>\build\presets\windows-x64-debug\Debug\horde_rt_driver_capability_report_tests.exe
  horde_rt_entry_menu_handoff_tests.vcxproj -> <repo>\build\presets\windows-x64-debug\Debug\horde_rt_entry_menu_handoff_tests.exe
  EntryMenuSceneTests.cpp
  horde_rt_entry_menu_scene_tests.vcxproj -> <repo>\build\presets\windows-x64-debug\Debug\horde_rt_entry_menu_scene_tests.exe
  horde_rt_evidence_publication_tests.vcxproj -> <repo>\build\presets\windows-x64-debug\Debug\horde_rt_evidence_publication_tests.exe
  FinalHeldTorchClearanceTests.cpp
  horde_rt_final_held_torch_clearance_tests.vcxproj -> <repo>\build\presets\windows-x64-debug\Debug\horde_rt_final_held_torch_clearance_tests.exe
  FireEmitterBuffer.cpp
  FireEmitterTests.cpp
  Generating Code...
  horde_rt_fire_emitter_tests.vcxproj -> <repo>\build\presets\windows-x64-debug\Debug\horde_rt_fire_emitter_tests.exe
  horde_rt_foreground_pause_render_cadence_tests.vcxproj -> <repo>\build\presets\windows-x64-debug\Debug\horde_rt_foreground_pause_render_cadence_tests.exe
  horde_rt_frame_evidence_coordinator_tests.vcxproj -> <repo>\build\presets\windows-x64-debug\Debug\horde_rt_frame_evidence_coordinator_tests.exe
  horde_rt_github_release_updater_tests.vcxproj -> <repo>\build\presets\windows-x64-debug\Debug\horde_rt_github_release_updater_tests.exe
  horde_rt_gpu_frame_timer_collection_tests.vcxproj -> <repo>\build\presets\windows-x64-debug\Debug\horde_rt_gpu_frame_timer_collection_tests.exe
  horde_rt_gpu_resources_observation_tests.vcxproj -> <repo>\build\presets\windows-x64-debug\Debug\horde_rt_gpu_resources_observation_tests.exe
  horde_rt_gpu_timestamp_math_tests.vcxproj -> <repo>\build\presets\windows-x64-debug\Debug\horde_rt_gpu_timestamp_math_tests.exe
  GraphicsPreviewFrameAdapterTests.cpp
  horde_rt_graphics_preview_frame_adapter_tests.vcxproj -> <repo>\build\presets\windows-x64-debug\Debug\horde_rt_graphics_preview_frame_adapter_tests.exe
  horde_rt_graphics_preview_performance_tests.vcxproj -> <repo>\build\presets\windows-x64-debug\Debug\horde_rt_graphics_preview_performance_tests.exe
  horde_rt_graphics_preview_tests.vcxproj -> <repo>\build\presets\windows-x64-debug\Debug\horde_rt_graphics_preview_tests.exe
  horde_rt_graphics_scale_legacy50_tests.vcxproj -> <repo>\build\presets\windows-x64-debug\Debug\horde_rt_graphics_scale_legacy50_tests.exe
  horde_rt_graphics_scale_min33_tests.vcxproj -> <repo>\build\presets\windows-x64-debug\Debug\horde_rt_graphics_scale_min33_tests.exe
  GraphicsSettingsTests.cpp
  horde_rt_graphics_settings_tests.vcxproj -> <repo>\build\presets\windows-x64-debug\Debug\horde_rt_graphics_settings_tests.exe
  horde_rt_graphics_windows_persistence_tests.vcxproj -> <repo>\build\presets\windows-x64-debug\Debug\horde_rt_graphics_windows_persistence_tests.exe
  HeldItemClearanceTests.cpp
  StaticMeshAsset.cpp
  horde_rt_held_item_clearance_tests.vcxproj -> <repo>\build\presets\windows-x64-debug\Debug\horde_rt_held_item_clearance_tests.exe
  SkinnedMeshAsset.cpp
  PlayerRenderSlot.cpp
  RtStaticMeshSlot.cpp
  HeldItemSocketTests.cpp
  Generating Code...
  StaticMeshAsset.cpp
  horde_rt_held_item_socket_tests.vcxproj -> <repo>\build\presets\windows-x64-debug\Debug\horde_rt_held_item_socket_tests.exe
  horde_rt_held_item_transition_tests.vcxproj -> <repo>\build\presets\windows-x64-debug\Debug\horde_rt_held_item_transition_tests.exe
  HeldItemVerticalSupportRigTests.cpp
  horde_rt_held_item_vertical_support_rig_tests.vcxproj -> <repo>\build\presets\windows-x64-debug\Debug\horde_rt_held_item_vertical_support_rig_tests.exe
  horde_rt_indoor_dust_tests.vcxproj -> <repo>\build\presets\windows-x64-debug\Debug\horde_rt_indoor_dust_tests.exe
  InputMailboxStress.cpp
  horde_rt_input_mailbox_stress.vcxproj -> <repo>\build\presets\windows-x64-debug\Debug\horde_rt_input_mailbox_stress.exe
  InputPresentationTraceTests.cpp
  horde_rt_input_presentation_trace_tests.vcxproj -> <repo>\build\presets\windows-x64-debug\Debug\horde_rt_input_presentation_trace_tests.exe
  LanternBenchmarkTests.cpp
  horde_rt_lantern_benchmark_tests.vcxproj -> <repo>\build\presets\windows-x64-debug\Debug\horde_rt_lantern_benchmark_tests.exe
  LanternPendulumTests.cpp
  horde_rt_lantern_pendulum_tests.vcxproj -> <repo>\build\presets\windows-x64-debug\Debug\horde_rt_lantern_pendulum_tests.exe
  LanternRewardTests.cpp
  horde_rt_lantern_reward_tests.vcxproj -> <repo>\build\presets\windows-x64-debug\Debug\horde_rt_lantern_reward_tests.exe
  horde_rt_menu_ambience_tests.vcxproj -> <repo>\build\presets\windows-x64-debug\Debug\horde_rt_menu_ambience_tests.exe
  MotionEvidenceScenario.cpp
  MotionEvidenceLedger.cpp
  MotionEvidenceScenarioTests.cpp
  Generating Code...
  horde_rt_motion_evidence_scenario_tests.vcxproj -> <repo>\build\presets\windows-x64-debug\Debug\horde_rt_motion_evidence_scenario_tests.exe
  MusicDirectorTests.cpp
  horde_rt_music_director_tests.vcxproj -> <repo>\build\presets\windows-x64-debug\Debug\horde_rt_music_director_tests.exe
  MusicPcmAssetBankTests.cpp
  horde_rt_music_pcm_asset_bank_tests.vcxproj -> <repo>\build\presets\windows-x64-debug\Debug\horde_rt_music_pcm_asset_bank_tests.exe
  MusicPcmStreamTests.cpp
  horde_rt_music_pcm_stream_tests.vcxproj -> <repo>\build\presets\windows-x64-debug\Debug\horde_rt_music_pcm_stream_tests.exe
  Building Custom Rule <repo>/CMakeLists.txt
  CMake is re-running because <repo>/build/presets/windows-x64-debug/CMakeFiles/generate.stamp is out-of-date.
    the file '<repo>/src/vulkan/raytracing/variants/diagnostic_high_generic_dielectric.inc'
    is newer than '<repo>/build/presets/windows-x64-debug/CMakeFiles/generate.stamp.depend'
    result='-1'
  -- Selecting Windows SDK version 10.0.26100.0 to target Windows 10.0.26300.
  Exception: <repo>\tools\GenerateRtPipelineVariantCatalog.ps1:80
  Line |
    80 |  . edBytes)) { throw 'Generated RT catalog adapter is stale, malformed,  .
       |                ~~~~~~~~~~~~~~~~~~~~~~~~~~~~~~~~~~~~~~~~~~~~~~~~~~~~~~~~~
       | Generated RT catalog adapter is stale, malformed, or hand-edited.
  CMake Error at cmake/HordeRtRaygenArtifacts.cmake:10 (message):
    Frozen RT catalog adapter is stale or malformed.
  Call Stack (most recent call first):
    CMakeLists.txt:19 (horde_rt_configure_raygen_artifacts)
  
  
  -- Configuring incomplete, errors occurred!
C:\Program Files (x86)\Microsoft Visual Studio\2022\BuildTools\MSBuild\Microsoft\VC\v170\Microsoft.CppCommon.targets(254,5): error MSB8066: Custom build for '<repo>\CMakeLists.txt' exited with code 1. [<repo>\build\presets\windows-x64-debug\horde_rt_music_pcm_wave_tests.vcxproj]
  Building Custom Rule <repo>/CMakeLists.txt
  CMake is re-running because <repo>/build/presets/windows-x64-debug/CMakeFiles/generate.stamp is out-of-date.
    the file '<repo>/src/vulkan/raytracing/variants/diagnostic_high_generic_dielectric.inc'
    is newer than '<repo>/build/presets/windows-x64-debug/CMakeFiles/generate.stamp.depend'
    result='-1'
  -- Selecting Windows SDK version 10.0.26100.0 to target Windows 10.0.26300.
  Exception: <repo>\tools\GenerateRtPipelineVariantCatalog.ps1:80
  Line |
    80 |  . edBytes)) { throw 'Generated RT catalog adapter is stale, malformed,  .
       |                ~~~~~~~~~~~~~~~~~~~~~~~~~~~~~~~~~~~~~~~~~~~~~~~~~~~~~~~~~
       | Generated RT catalog adapter is stale, malformed, or hand-edited.
  CMake Error at cmake/HordeRtRaygenArtifacts.cmake:10 (message):
    Frozen RT catalog adapter is stale or malformed.
  Call Stack (most recent call first):
    CMakeLists.txt:19 (horde_rt_configure_raygen_artifacts)
  
  
  -- Configuring incomplete, errors occurred!
C:\Program Files (x86)\Microsoft Visual Studio\2022\BuildTools\MSBuild\Microsoft\VC\v170\Microsoft.CppCommon.targets(254,5): error MSB8066: Custom build for '<repo>\CMakeLists.txt' exited with code 1. [<repo>\build\presets\windows-x64-debug\horde_rt_music_playback_session_tests.vcxproj]
  Building Custom Rule <repo>/CMakeLists.txt
  CMake is re-running because <repo>/build/presets/windows-x64-debug/CMakeFiles/generate.stamp is out-of-date.
    the file '<repo>/src/vulkan/raytracing/variants/diagnostic_high_generic_dielectric.inc'
    is newer than '<repo>/build/presets/windows-x64-debug/CMakeFiles/generate.stamp.depend'
    result='-1'
  -- Selecting Windows SDK version 10.0.26100.0 to target Windows 10.0.26300.
  Exception: <repo>\tools\GenerateRtPipelineVariantCatalog.ps1:80
  Line |
    80 |  . edBytes)) { throw 'Generated RT catalog adapter is stale, malformed,  .
       |                ~~~~~~~~~~~~~~~~~~~~~~~~~~~~~~~~~~~~~~~~~~~~~~~~~~~~~~~~~
       | Generated RT catalog adapter is stale, malformed, or hand-edited.
  CMake Error at cmake/HordeRtRaygenArtifacts.cmake:10 (message):
    Frozen RT catalog adapter is stale or malformed.
  Call Stack (most recent call first):
    CMakeLists.txt:19 (horde_rt_configure_raygen_artifacts)
  
  
  -- Configuring incomplete, errors occurred!
C:\Program Files (x86)\Microsoft Visual Studio\2022\BuildTools\MSBuild\Microsoft\VC\v170\Microsoft.CppCommon.targets(254,5): error MSB8066: Custom build for '<repo>\CMakeLists.txt' exited with code 1. [<repo>\build\presets\windows-x64-debug\horde_rt_performance_evidence_tests.vcxproj]
  Building Custom Rule <repo>/CMakeLists.txt
  CMake is re-running because <repo>/build/presets/windows-x64-debug/CMakeFiles/generate.stamp is out-of-date.
    the file '<repo>/src/vulkan/raytracing/variants/diagnostic_high_generic_dielectric.inc'
    is newer than '<repo>/build/presets/windows-x64-debug/CMakeFiles/generate.stamp.depend'
    result='-1'
  -- Selecting Windows SDK version 10.0.26100.0 to target Windows 10.0.26300.
  Exception: <repo>\tools\GenerateRtPipelineVariantCatalog.ps1:80
  Line |
    80 |  . edBytes)) { throw 'Generated RT catalog adapter is stale, malformed,  .
       |                ~~~~~~~~~~~~~~~~~~~~~~~~~~~~~~~~~~~~~~~~~~~~~~~~~~~~~~~~~
       | Generated RT catalog adapter is stale, malformed, or hand-edited.
  CMake Error at cmake/HordeRtRaygenArtifacts.cmake:10 (message):
    Frozen RT catalog adapter is stale or malformed.
  Call Stack (most recent call first):
    CMakeLists.txt:19 (horde_rt_configure_raygen_artifacts)
  
  
  -- Configuring incomplete, errors occurred!
C:\Program Files (x86)\Microsoft Visual Studio\2022\BuildTools\MSBuild\Microsoft\VC\v170\Microsoft.CppCommon.targets(254,5): error MSB8066: Custom build for '<repo>\CMakeLists.txt' exited with code 1. [<repo>\build\presets\windows-x64-debug\horde_rt_pipeline_bundle_contracts_tests.vcxproj]
  Building Custom Rule <repo>/CMakeLists.txt
  CMake is re-running because <repo>/build/presets/windows-x64-debug/CMakeFiles/generate.stamp is out-of-date.
    the file '<repo>/src/vulkan/raytracing/variants/diagnostic_high_generic_dielectric.inc'
    is newer than '<repo>/build/presets/windows-x64-debug/CMakeFiles/generate.stamp.depend'
    result='-1'
  -- Selecting Windows SDK version 10.0.26100.0 to target Windows 10.0.26300.
  Exception: <repo>\tools\GenerateRtPipelineVariantCatalog.ps1:80
  Line |
    80 |  . edBytes)) { throw 'Generated RT catalog adapter is stale, malformed,  .
       |                ~~~~~~~~~~~~~~~~~~~~~~~~~~~~~~~~~~~~~~~~~~~~~~~~~~~~~~~~~
       | Generated RT catalog adapter is stale, malformed, or hand-edited.
  CMake Error at cmake/HordeRtRaygenArtifacts.cmake:10 (message):
    Frozen RT catalog adapter is stale or malformed.
  Call Stack (most recent call first):
    CMakeLists.txt:19 (horde_rt_configure_raygen_artifacts)
  
  
  -- Configuring incomplete, errors occurred!
C:\Program Files (x86)\Microsoft Visual Studio\2022\BuildTools\MSBuild\Microsoft\VC\v170\Microsoft.CppCommon.targets(254,5): error MSB8066: Custom build for '<repo>\CMakeLists.txt' exited with code 1. [<repo>\build\presets\windows-x64-debug\horde_rt_pipeline_bundle_lifetime_tests.vcxproj]
  Building Custom Rule <repo>/CMakeLists.txt
  CMake is re-running because <repo>/build/presets/windows-x64-debug/CMakeFiles/generate.stamp is out-of-date.
    the file '<repo>/src/vulkan/raytracing/variants/diagnostic_high_generic_dielectric.inc'
    is newer than '<repo>/build/presets/windows-x64-debug/CMakeFiles/generate.stamp.depend'
    result='-1'
  -- Selecting Windows SDK version 10.0.26100.0 to target Windows 10.0.26300.
  Exception: <repo>\tools\GenerateRtPipelineVariantCatalog.ps1:80
  Line |
    80 |  . edBytes)) { throw 'Generated RT catalog adapter is stale, malformed,  .
       |                ~~~~~~~~~~~~~~~~~~~~~~~~~~~~~~~~~~~~~~~~~~~~~~~~~~~~~~~~~
       | Generated RT catalog adapter is stale, malformed, or hand-edited.
  CMake Error at cmake/HordeRtRaygenArtifacts.cmake:10 (message):
    Frozen RT catalog adapter is stale or malformed.
  Call Stack (most recent call first):
    CMakeLists.txt:19 (horde_rt_configure_raygen_artifacts)
  
  
  -- Configuring incomplete, errors occurred!
C:\Program Files (x86)\Microsoft Visual Studio\2022\BuildTools\MSBuild\Microsoft\VC\v170\Microsoft.CppCommon.targets(254,5): error MSB8066: Custom build for '<repo>\CMakeLists.txt' exited with code 1. [<repo>\build\presets\windows-x64-debug\horde_rt_pipeline_cache_seed_tests.vcxproj]
  Building Custom Rule <repo>/CMakeLists.txt
  CMake is re-running because <repo>/build/presets/windows-x64-debug/CMakeFiles/generate.stamp is out-of-date.
    the file '<repo>/src/vulkan/raytracing/variants/diagnostic_high_generic_dielectric.inc'
    is newer than '<repo>/build/presets/windows-x64-debug/CMakeFiles/generate.stamp.depend'
    result='-1'
  -- Selecting Windows SDK version 10.0.26100.0 to target Windows 10.0.26300.
  Generated RT catalog adapter is current.
  -- Strict non-contracted asset-transform arithmetic enabled for GltfDocument.cpp and StaticMeshAsset.cpp: /fp:strict
  -- Vulkan SDK found: 1.4.350
  -- Legacy torch-failure identifiers were rejected by the configured MSVC compiler.
  -- Horde Lantern RT: Vulkan capability probe and Windows diagnostic targets are available; Android builds from android/.
  -- Configuring done (20.0s)
  -- Generating done (1.1s)
  -- Build files have been written to: <repo>/build/presets/windows-x64-debug
  RtPipelineVariantProvider.cpp
  RtPipelineVariantProviderTests.cpp
  Generating Code...
  horde_rt_pipeline_variant_provider_tests.vcxproj -> <repo>\build\presets\windows-x64-debug\Debug\horde_rt_pipeline_variant_provider_tests.exe
  horde_rt_pipeline_variants_tests.vcxproj -> <repo>\build\presets\windows-x64-debug\Debug\horde_rt_pipeline_variants_tests.exe
  SkinnedMeshAsset.cpp
  PlayerRenderSlot.cpp
  PlayerAnimationTests.cpp
  Generating Code...
  horde_rt_player_animation_tests.vcxproj -> <repo>\build\presets\windows-x64-debug\Debug\horde_rt_player_animation_tests.exe
  PlayerDirectionalRigTests.cpp
  horde_rt_player_directional_rig_tests.vcxproj -> <repo>\build\presets\windows-x64-debug\Debug\horde_rt_player_directional_rig_tests.exe
  horde_rt_player_primitive_contract_tests.vcxproj -> <repo>\build\presets\windows-x64-debug\Debug\horde_rt_player_primitive_contract_tests.exe
  PlayerSkinningBenchmark.cpp
  horde_rt_player_skinning_benchmark.vcxproj -> <repo>\build\presets\windows-x64-debug\Debug\horde_rt_player_skinning_benchmark.exe
  horde_rt_playtest_report_tests.vcxproj -> <repo>\build\presets\windows-x64-debug\Debug\horde_rt_playtest_report_tests.exe
  horde_rt_playtest_submission_tests.vcxproj -> <repo>\build\presets\windows-x64-debug\Debug\horde_rt_playtest_submission_tests.exe
  horde_rt_present_completion_tests.vcxproj -> <repo>\build\presets\windows-x64-debug\Debug\horde_rt_present_completion_tests.exe
  horde_rt_present_timing_evidence_tests.vcxproj -> <repo>\build\presets\windows-x64-debug\Debug\horde_rt_present_timing_evidence_tests.exe
  horde_rt_presentation_transform_tests.vcxproj -> <repo>\build\presets\windows-x64-debug\Debug\horde_rt_presentation_transform_tests.exe
  ProductionPropAssetTests.cpp
