CMake is re-running because C:/Dev/tmp/horde-phase3-native-20260923/CMakeFiles/generate.stamp is out-of-date.
  the file 'C:/Users/sam_s/Documents/the Horde RT Demo/.worktrees/horde-1.6.1-engineering-pass/src/vulkan/raytracing/MinimalLegacyRayGenShader.inc'
  is newer than 'C:/Dev/tmp/horde-phase3-native-20260923/CMakeFiles/generate.stamp.depend'
  result='-1'
-- Selecting Windows SDK version 10.0.26100.0 to target Windows 10.0.26200.
Generated RT catalog adapter is current.
-- Strict non-contracted asset-transform arithmetic enabled for GltfDocument.cpp and StaticMeshAsset.cpp: /fp:strict
-- Vulkan SDK found: 1.4.350
-- Legacy torch-failure identifiers were rejected by the configured MSVC compiler.
-- Horde Lantern RT: Vulkan capability probe and Windows diagnostic targets are available; Android builds from android/.
-- Configuring done (13.8s)
-- Generating done (0.6s)
-- Build files have been written to: C:/Dev/tmp/horde-phase3-native-20260923
MSBuild version 17.14.40+3e7442088 for .NET Framework

  horde_gameplay_simulation.vcxproj -> C:\Dev\tmp\horde-phase3-native-20260923\Debug\horde_gameplay_simulation.lib
  RtPipelineVariantProvider.cpp
  horde_rt_probe_core.vcxproj -> C:\Dev\tmp\horde-phase3-native-20260923\Debug\horde_rt_probe_core.lib
  horde_rt_diagnostic_window.vcxproj -> C:\Dev\tmp\horde-phase3-native-20260923\Debug\HordeLanternRT.exe
MSBuild version 17.14.40+3e7442088 for .NET Framework

  horde_gameplay_simulation.vcxproj -> C:\Dev\tmp\horde-phase3-native-20260923\Debug\horde_gameplay_simulation.lib
  horde_rt_probe_core.vcxproj -> C:\Dev\tmp\horde-phase3-native-20260923\Debug\horde_rt_probe_core.lib
  CharacterRenderSlotSmoke.cpp
  horde_rt_character_render_slot_smoke.vcxproj -> C:\Dev\tmp\horde-phase3-native-20260923\Debug\horde_rt_character_render_slot_smoke.exe
MSBuild version 17.14.40+3e7442088 for .NET Framework

  horde_rt_pipeline_variants_tests.vcxproj -> C:\Dev\tmp\horde-phase3-native-20260923\Debug\horde_rt_pipeline_variants_tests.exe
