MSBuild version 17.14.40+3e7442088 for .NET Framework

  horde_gameplay_simulation.vcxproj -> C:\Dev\tmp\horde-phase3-native-20260923\Debug\horde_gameplay_simulation.lib
  ShowcaseBenchmark.cpp
  RtBenchmarkEvidenceReport.cpp
  RtBenchmarkEvidenceRun.cpp
  RtBenchmarkEvidenceRunTests.cpp
  Generating Code...
  horde_rt_benchmark_evidence_run_tests.vcxproj -> C:\Dev\tmp\horde-phase3-native-20260923\Debug\horde_rt_benchmark_evidence_run_tests.exe
MSBuild version 17.14.40+3e7442088 for .NET Framework

  horde_gameplay_simulation.vcxproj -> C:\Dev\tmp\horde-phase3-native-20260923\Debug\horde_gameplay_simulation.lib
  ShowcaseBenchmark.cpp
  RtBenchmarkEvidenceReport.cpp
  RtBenchmarkEvidenceRun.cpp
  RtBenchmarkEvidenceReportTests.cpp
  Generating Code...
  horde_rt_benchmark_evidence_report_tests.vcxproj -> C:\Dev\tmp\horde-phase3-native-20260923\Debug\horde_rt_benchmark_evidence_report_tests.exe
MSBuild version 17.14.40+3e7442088 for .NET Framework

  horde_rt_frame_evidence_coordinator_tests.vcxproj -> C:\Dev\tmp\horde-phase3-native-20260923\Debug\horde_rt_frame_evidence_coordinator_tests.exe
MSBuild version 17.14.40+3e7442088 for .NET Framework

  horde_rt_evidence_publication_tests.vcxproj -> C:\Dev\tmp\horde-phase3-native-20260923\Debug\horde_rt_evidence_publication_tests.exe
MSBuild version 17.14.40+3e7442088 for .NET Framework

  horde_rt_performance_evidence_tests.vcxproj -> C:\Dev\tmp\horde-phase3-native-20260923\Debug\horde_rt_performance_evidence_tests.exe
