candidate-backend-parity/opening: max=1, fraction=0, gate=True, outliers=0
candidate-backend-parity/skeleton: max=1, fraction=0, gate=True, outliers=0
candidate-backend-parity/worst-bend: max=1, fraction=0, gate=True, outliers=0
candidate-backend-parity/lantern-drop: max=3, fraction=9.645061728395062E-06, gate=True, outliers=0
candidate-backend-parity/skylight: max=1, fraction=0, gate=True, outliers=0
candidate-backend-parity/yellow: max=1, fraction=0, gate=True, outliers=0
candidate-backend-parity/blue: max=1, fraction=0, gate=True, outliers=0
candidate-backend-parity/red: max=1, fraction=0, gate=True, outliers=0
candidate-backend-parity/green: max=1, fraction=0, gate=True, outliers=0
candidate-backend-parity/mirror: max=1, fraction=0, gate=True, outliers=0
candidate-backend-parity/lich: max=1, fraction=0, gate=True, outliers=0
candidate-backend-parity/finale-roof: max=6, fraction=5.787037037037037E-06, gate=False, outliers=1
candidate-backend-parity/two-enemy-combat: max=1, fraction=0, gate=True, outliers=0
pipeline-old-control-differences/opening: max=57, fraction=0.024888117283950618, gate=False, outliers=10344
pipeline-old-control-differences/skeleton: max=201, fraction=0.15849537037037037, gate=False, outliers=81769
pipeline-old-control-differences/worst-bend: max=36, fraction=0.00014660493827160494, gate=False, outliers=58
pipeline-old-control-differences/lantern-drop: max=104, fraction=0.036647376543209875, gate=False, outliers=16934
pipeline-old-control-differences/skylight: max=21, fraction=0.005204475308641975, gate=False, outliers=1150
pipeline-old-control-differences/yellow: max=111, fraction=0.0012017746913580247, gate=False, outliers=432
pipeline-old-control-differences/blue: max=93, fraction=0.0011072530864197532, gate=False, outliers=383
pipeline-old-control-differences/red: max=120, fraction=0.003445216049382716, gate=False, outliers=762
pipeline-old-control-differences/green: max=48, fraction=0.030597993827160493, gate=False, outliers=12657
pipeline-old-control-differences/mirror: max=145, fraction=0.001224922839506173, gate=False, outliers=26
pipeline-old-control-differences/lich: max=112, fraction=0.000630787037037037, gate=False, outliers=30
pipeline-old-control-differences/finale-roof: max=133, fraction=0.18292438271604938, gate=False, outliers=89020
pipeline-old-control-differences/two-enemy-combat: max=148, fraction=0.05048996913580247, gate=False, outliers=25582
compute-old-control-differences/opening: max=57, fraction=0.024890046296296296, gate=False, outliers=10344
compute-old-control-differences/skeleton: max=201, fraction=0.15849151234567901, gate=False, outliers=81769
compute-old-control-differences/worst-bend: max=36, fraction=0.00014660493827160494, gate=False, outliers=59
compute-old-control-differences/lantern-drop: max=104, fraction=0.036647376543209875, gate=False, outliers=16934
compute-old-control-differences/skylight: max=21, fraction=0.005204475308641975, gate=False, outliers=1150
compute-old-control-differences/yellow: max=111, fraction=0.0012017746913580247, gate=False, outliers=432
compute-old-control-differences/blue: max=116, fraction=0.0011072530864197532, gate=False, outliers=383
compute-old-control-differences/red: max=121, fraction=0.003445216049382716, gate=False, outliers=762
compute-old-control-differences/green: max=48, fraction=0.030597993827160493, gate=False, outliers=12657
compute-old-control-differences/mirror: max=145, fraction=0.001224922839506173, gate=False, outliers=26
compute-old-control-differences/lich: max=112, fraction=0.000630787037037037, gate=False, outliers=30
compute-old-control-differences/finale-roof: max=133, fraction=0.18292438271604938, gate=False, outliers=89019
compute-old-control-differences/two-enemy-combat: max=148, fraction=0.05049189814814815, gate=False, outliers=25583
