shipping-diagnostic-parity/pipeline/opening: max=1, fraction=0, gate=True, outliers=0
shipping-diagnostic-parity/pipeline/skeleton: max=0, fraction=0, gate=True, outliers=0
shipping-diagnostic-parity/pipeline/worst-bend: max=1, fraction=0, gate=True, outliers=0
shipping-diagnostic-parity/pipeline/lantern-drop: max=1, fraction=0, gate=True, outliers=0
shipping-diagnostic-parity/pipeline/skylight: max=0, fraction=0, gate=True, outliers=0
shipping-diagnostic-parity/pipeline/yellow: max=0, fraction=0, gate=True, outliers=0
shipping-diagnostic-parity/pipeline/blue: max=0, fraction=0, gate=True, outliers=0
shipping-diagnostic-parity/pipeline/red: max=1, fraction=0, gate=True, outliers=0
shipping-diagnostic-parity/pipeline/green: max=0, fraction=0, gate=True, outliers=0
shipping-diagnostic-parity/pipeline/mirror: max=0, fraction=0, gate=True, outliers=0
shipping-diagnostic-parity/pipeline/lich: max=0, fraction=0, gate=True, outliers=0
shipping-diagnostic-parity/pipeline/finale-roof: max=1, fraction=0, gate=True, outliers=0
shipping-diagnostic-parity/pipeline/two-enemy-combat: max=1, fraction=0, gate=True, outliers=0
shipping-diagnostic-parity/compute/opening: max=0, fraction=0, gate=True, outliers=0
shipping-diagnostic-parity/compute/skeleton: max=0, fraction=0, gate=True, outliers=0
shipping-diagnostic-parity/compute/worst-bend: max=0, fraction=0, gate=True, outliers=0
shipping-diagnostic-parity/compute/lantern-drop: max=0, fraction=0, gate=True, outliers=0
shipping-diagnostic-parity/compute/skylight: max=0, fraction=0, gate=True, outliers=0
shipping-diagnostic-parity/compute/yellow: max=0, fraction=0, gate=True, outliers=0
shipping-diagnostic-parity/compute/blue: max=0, fraction=0, gate=True, outliers=0
shipping-diagnostic-parity/compute/red: max=0, fraction=0, gate=True, outliers=0
shipping-diagnostic-parity/compute/green: max=0, fraction=0, gate=True, outliers=0
shipping-diagnostic-parity/compute/mirror: max=0, fraction=0, gate=True, outliers=0
shipping-diagnostic-parity/compute/lich: max=0, fraction=0, gate=True, outliers=0
shipping-diagnostic-parity/compute/finale-roof: max=0, fraction=0, gate=True, outliers=0
shipping-diagnostic-parity/compute/two-enemy-combat: max=0, fraction=0, gate=True, outliers=0
shipping-backend-parity/opening: max=1, fraction=0, gate=True, outliers=0
shipping-backend-parity/skeleton: max=1, fraction=0, gate=True, outliers=0
shipping-backend-parity/worst-bend: max=1, fraction=0, gate=True, outliers=0
shipping-backend-parity/lantern-drop: max=3, fraction=9.645061728395062E-06, gate=True, outliers=0
shipping-backend-parity/skylight: max=1, fraction=0, gate=True, outliers=0
shipping-backend-parity/yellow: max=1, fraction=0, gate=True, outliers=0
shipping-backend-parity/blue: max=1, fraction=0, gate=True, outliers=0
shipping-backend-parity/red: max=1, fraction=0, gate=True, outliers=0
shipping-backend-parity/green: max=1, fraction=0, gate=True, outliers=0
shipping-backend-parity/mirror: max=1, fraction=0, gate=True, outliers=0
shipping-backend-parity/lich: max=1, fraction=0, gate=True, outliers=0
shipping-backend-parity/finale-roof: max=6, fraction=5.787037037037037E-06, gate=False, outliers=1
shipping-backend-parity/two-enemy-combat: max=1, fraction=0, gate=True, outliers=0
