=== Horde RT Diagnostic Window ===
Probe initialisation: OK

Backend: Vulkan
RT mode: RayTracingPipeline
Execution backend: Unsupported
GPU name: NVIDIA GeForce RTX 5050 Laptop GPU
Vendor ID: 4318
Device ID: 11672
Driver version: raw 2559295488 (vendor-specific)
Driver properties available: yes
Driver ID: 4
Driver name: NVIDIA
Driver info: 610.47
Driver conformance version: 1.4.3.3
Vulkan API version: 1.4.341
VK_KHR_acceleration_structure: yes
VK_KHR_ray_tracing_pipeline: yes
VK_KHR_ray_query: yes
VK_KHR_buffer_device_address: yes
VK_KHR_deferred_host_operations: yes
Internal render resolution: N/A
FPS / frame time: N/A
GPU RT command-buffer time: N/A (Not initialised)
RT scene status: Not attempted
RT scene geometry: Complete Horde showcase route with sequential animated skeleton and staff-lit lich
RT scene dispatch resolution: N/A
RT scene presented: no
RT EVIDENCE PUBLICATION version=1
Observer: unavailable
Lifecycle: N/A
Diagnostic status: unavailable
GPU status: unavailable
Completed frame: N/A (observer-unavailable)
Diagnostics:
- Inspecting candidate 1
- Driver version: raw 2559295488 (vendor-specific)
- Vulkan API version: 1.4.341
- Driver properties: available
- Optional VK_KHR_swapchain_maintenance1 advertised: yes
- Optional VK_EXT_swapchain_maintenance1 advertised: yes
- Optional swapchainMaintenance1 feature: yes; query only, not logical-device enablement.
- RT capability mode: RayTracingPipeline
- Internal render resolution: not measured yet.
- FPS / frame time: not measured yet.


Stored report (text): "<user-home>\\Documents\\the Horde RT Demo\\.worktrees\\horde-1.7-wp2-vertical-proof\\reports\\frozen-mist\\build\\Debug\\reports\\vulkan_capability_report.txt"
Stored report (json): "<user-home>\\Documents\\the Horde RT Demo\\.worktrees\\horde-1.7-wp2-vertical-proof\\reports\\frozen-mist\\build\\Debug\\reports\\vulkan_capability_report.json"
HORDE_PIPELINE_CACHE_CREATE attempted=1 result=0 available=1
PBR material encoding: RGBA8 raw fallback + raw RGBA8 KTX2 lich
RT render scale 100%: 1232x803 -> 1232x803
Development static RT asset: vertexBytes=6924416, indexBytes=996108, materialBytes=2816, instanceMetadataBytes=768, primitiveMetadataBytes=384, descriptors=9, textureBytes=240473372, blasBytes=1060096, blasBuildMs=1.9496, swordBlasBytes=717696, swordBlasBuildMs=1.1416, torchBlasBytes=342400, torchBlasBuildMs=0.808, productionPropBlasBytes=1195008, productionPropBlasBuildMs=5.9783
Showcase capture failed: Checkpoint 'rescue-journey-start' failed claimed reward player/lantern primary visibility or final GripRing contact: pixels=109928/997/41645 sword/torch=0/7918 wall-retraction=0 grip=5.96046e-08/0 authority=1.19209e-07/0 finalGrip=-33.0542,0.567412,-16.8409 body=-33.0986,0.515736,-16.83.
