C:\Users\sam_s\AppData\Local\Temp\horde-raygen-freeze-ec36cd1f47e44e84882e84943d5b7784\diagnostic_high_generic_dielectric\minimal.rgen.resolved
Raygen variant diagnostic_high_generic_dielectric: 226820 bytes; functions=60; calls=193; ray-query sites=3; dependency SHA-256=a32e74a7aa89ba328e096cc372f234d457d0d02cc1bd347c96b8e29ffde3c1c7
C:\Users\sam_s\AppData\Local\Temp\horde-raygen-freeze-ec36cd1f47e44e84882e84943d5b7784\diagnostic_high_opaque_fast\minimal.rgen.resolved
Raygen variant diagnostic_high_opaque_fast: 505248 bytes; functions=1; calls=0; ray-query sites=23; dependency SHA-256=1c4bb0167e569a88a51c9078b49117a57b79f5915da2f44a1f000c7fe00d6f98
C:\Users\sam_s\AppData\Local\Temp\horde-raygen-freeze-ec36cd1f47e44e84882e84943d5b7784\diagnostic_mobile_generic_dielectric\minimal.rgen.resolved
Raygen variant diagnostic_mobile_generic_dielectric: 226820 bytes; functions=60; calls=193; ray-query sites=3; dependency SHA-256=c86b8adf45c8c489ca527f698f05985db3b4bb14c0e0eba9293bba47cddab7ba
C:\Users\sam_s\AppData\Local\Temp\horde-raygen-freeze-ec36cd1f47e44e84882e84943d5b7784\diagnostic_mobile_opaque_fast\minimal.rgen.resolved
Raygen variant diagnostic_mobile_opaque_fast: 505248 bytes; functions=1; calls=0; ray-query sites=23; dependency SHA-256=773161cdf543e3507395b4bfcc0b70284abce0dd6bacd78bd80db4764e93a1ef
C:\Users\sam_s\AppData\Local\Temp\horde-raygen-freeze-ec36cd1f47e44e84882e84943d5b7784\shipping_high_generic_dielectric\minimal.rgen.resolved
Raygen variant shipping_high_generic_dielectric: 219040 bytes; functions=60; calls=193; ray-query sites=3; dependency SHA-256=4fdb85fbbbd831085a6e479d4bf03daebc04f36d3430838e35569d251785326d
C:\Users\sam_s\AppData\Local\Temp\horde-raygen-freeze-ec36cd1f47e44e84882e84943d5b7784\shipping_high_opaque_fast\minimal.rgen.resolved
Raygen variant shipping_high_opaque_fast: 501012 bytes; functions=1; calls=0; ray-query sites=23; dependency SHA-256=e8601a272e83a7f1e789034601d2984e2f64a98fc06ce91d1adafa3e3a074bbf
C:\Users\sam_s\AppData\Local\Temp\horde-raygen-freeze-ec36cd1f47e44e84882e84943d5b7784\shipping_mobile_generic_dielectric\minimal.rgen.resolved
Raygen variant shipping_mobile_generic_dielectric: 219040 bytes; functions=60; calls=193; ray-query sites=3; dependency SHA-256=685955b4b68925efd9da518260c903b64e110a58951ccb3fb64f520b6b03d638
C:\Users\sam_s\AppData\Local\Temp\horde-raygen-freeze-ec36cd1f47e44e84882e84943d5b7784\shipping_mobile_opaque_fast\minimal.rgen.resolved
Raygen variant shipping_mobile_opaque_fast: 501012 bytes; functions=1; calls=0; ray-query sites=23; dependency SHA-256=ab25723ce4be79e17bbddf0b21f18110339fd06575045f0dd02725eb92af754f
Frozen raygen variant catalog matches a fresh eight-key compilation.
C:\Users\sam_s\AppData\Local\Temp\horde-raygen-artifacts-4b29f57e4a704f91b494b68da078e71f\compatibility-generic\minimal.rgen.resolved
Raygen check artifacts: C:\Users\sam_s\AppData\Local\Temp\horde-raygen-artifacts-4b29f57e4a704f91b494b68da078e71f\compatibility-generic
Source dependency SHA-256: f622462d29589f6fab4b439c63285ac478636ffffb069a181d9a3f635000f339; embedded include SHA-256: d29d82df7d167568fa87833542594ab8ff5ee2b2b9523b4d9de0d0e71bb8d214
SPIR-V bytes: 227116; words: 56779; instructions: 13383; branch operations: 693; loops: 10; selection merges: 289; SHA-256: 38feab15ed38059b0dfd56baaa16bb25f0e4dc61b1a47047c93a2415466beb92
Raygen optimizer shape: functions=60; calls=193; ray-query sites=3
Embedded raygen SPIR-V words match the compiled shader.
C:\Users\sam_s\AppData\Local\Temp\horde-raygen-artifacts-4b29f57e4a704f91b494b68da078e71f\compatibility-generic\legacy\minimal.legacy.rgen.resolved
Raygen check artifacts: C:\Users\sam_s\AppData\Local\Temp\horde-raygen-artifacts-4b29f57e4a704f91b494b68da078e71f\compatibility-generic\legacy
Source dependency SHA-256: 31f89f0b35600c79b41d602729c0db07bd4db563a275d36613b6e2fce43ea2cd; embedded include SHA-256: 74a09bb23dc56def752f12a1265265ac136847ead6168bdc60944077f97ede81
SPIR-V bytes: 505248; words: 126312; instructions: 27715; branch operations: 3715; loops: 49; selection merges: 1519; SHA-256: f3720730760f6f4b4ead6c5cd0ddd79a33a23910647dd8dac596fa56007eabc7
Raygen optimizer shape: functions=1; calls=0; ray-query sites=23
Embedded raygen SPIR-V words match the compiled shader.
C:\Users\sam_s\AppData\Local\Temp\horde-raygen-artifacts-4b29f57e4a704f91b494b68da078e71f\compatibility-legacy\minimal.legacy.rgen.resolved
Raygen check artifacts: C:\Users\sam_s\AppData\Local\Temp\horde-raygen-artifacts-4b29f57e4a704f91b494b68da078e71f\compatibility-legacy
Source dependency SHA-256: 31f89f0b35600c79b41d602729c0db07bd4db563a275d36613b6e2fce43ea2cd; embedded include SHA-256: 74a09bb23dc56def752f12a1265265ac136847ead6168bdc60944077f97ede81
SPIR-V bytes: 505248; words: 126312; instructions: 27715; branch operations: 3715; loops: 49; selection merges: 1519; SHA-256: f3720730760f6f4b4ead6c5cd0ddd79a33a23910647dd8dac596fa56007eabc7
Raygen optimizer shape: functions=1; calls=0; ray-query sites=23
Embedded raygen SPIR-V words match the compiled shader.
Raygen variant artifact specialization and compatibility contracts passed.
