> Task :app:verifyMusicRuntimeAssets
> Task :app:prepareRuntimeAssets UP-TO-DATE
> Task :app:preBuild UP-TO-DATE
> Task :app:preDebugBuild UP-TO-DATE
> Task :app:mergeDebugNativeDebugMetadata NO-SOURCE
> Task :app:generateDebugBuildConfig UP-TO-DATE
> Task :app:javaPreCompileDebug UP-TO-DATE
> Task :app:checkDebugAarMetadata UP-TO-DATE
> Task :app:generateDebugResValues UP-TO-DATE
> Task :app:mapDebugSourceSetPaths UP-TO-DATE
> Task :app:generateDebugResources UP-TO-DATE
> Task :app:mergeDebugResources UP-TO-DATE
> Task :app:createDebugCompatibleScreenManifests UP-TO-DATE
> Task :app:extractDeepLinksDebug UP-TO-DATE
> Task :app:processDebugMainManifest UP-TO-DATE
> Task :app:processDebugManifest UP-TO-DATE
> Task :app:processDebugManifestForPackage UP-TO-DATE
> Task :app:processDebugResources UP-TO-DATE

> Task :app:compileDebugJavaWithJavac
Note: C:\Users\sam_s\Documents\the Horde RT Demo\.worktrees\horde-1.7-wp2-vertical-proof\android\app\src\main\java\com\samfa12\hordelanternrt\MainActivity.java uses or overrides a deprecated API.
Note: Recompile with -Xlint:deprecation for details.

> Task :app:mergeDebugShaders UP-TO-DATE
> Task :app:compileDebugShaders NO-SOURCE
> Task :app:generateDebugAssets UP-TO-DATE
> Task :app:mergeDebugAssets UP-TO-DATE
> Task :app:compressDebugAssets UP-TO-DATE
> Task :app:processDebugJavaRes NO-SOURCE
> Task :app:mergeDebugJavaResource UP-TO-DATE
> Task :app:checkDebugDuplicateClasses UP-TO-DATE
> Task :app:desugarDebugFileDependencies UP-TO-DATE
> Task :app:mergeExtDexDebug UP-TO-DATE
> Task :app:mergeLibDexDebug UP-TO-DATE
> Task :app:dexBuilderDebug
> Task :app:configureCMakeDebug[arm64-v8a]
> Task :app:mergeProjectDexDebug
> Task :app:buildCMakeDebug[arm64-v8a]
> Task :app:configureCMakeDebug[armeabi-v7a]
> Task :app:buildCMakeDebug[armeabi-v7a]
> Task :app:configureCMakeDebug[x86]
> Task :app:buildCMakeDebug[x86]
> Task :app:configureCMakeDebug[x86_64]
> Task :app:buildCMakeDebug[x86_64]
> Task :app:mergeDebugJniLibFolders UP-TO-DATE
> Task :app:validateSigningDebug UP-TO-DATE
> Task :app:writeDebugAppMetadata UP-TO-DATE
> Task :app:writeDebugSigningConfigVersions UP-TO-DATE
> Task :app:preReleaseBuild UP-TO-DATE
> Task :app:generateReleaseBuildConfig
> Task :app:javaPreCompileRelease
> Task :app:checkReleaseAarMetadata
> Task :app:generateReleaseResValues
> Task :app:mapReleaseSourceSetPaths
> Task :app:generateReleaseResources
> Task :app:createReleaseCompatibleScreenManifests
> Task :app:extractDeepLinksRelease
> Task :app:processReleaseMainManifest
> Task :app:processReleaseManifest
> Task :app:extractProguardFiles UP-TO-DATE
> Task :app:mergeReleaseResources FAILED
> Task :app:mergeDebugNativeLibs
> Task :app:configureCMakeRelWithDebInfo[arm64-v8a]
> Task :app:processReleaseManifestForPackage
[Incubating] Problems report is available at: file:///C:/Users/sam_s/Documents/the%20Horde%20RT%20Demo/.worktrees/horde-1.7-wp2-vertical-proof/android/build/reports/problems/problems-report.html

FAILURE: Build failed with an exception.

* What went wrong:
Execution failed for task ':app:mergeReleaseResources'.
> Multiple task action failures occurred:
   > A failure occurred while executing com.android.build.gradle.internal.res.Aapt2CompileRunnable
      > Android resource compilation failed
        ERROR: AAPT: com.samfa12.hordelanternrt.app-main-5:/mipmap-mdpi/ic_launcher.png: error: failed to read PNG signature: file does not start with PNG signature.
        C:\Users\sam_s\Documents\the Horde RT Demo\.worktrees\horde-1.7-wp2-vertical-proof\android\app\src\main\res\mipmap-mdpi\ic_launcher.png: error: file failed to compile.
        
            
   > A failure occurred while executing com.android.build.gradle.internal.res.Aapt2CompileRunnable
      > Android resource compilation failed
        ERROR: AAPT: com.samfa12.hordelanternrt.app-main-5:/mipmap-xhdpi/ic_launcher.png: error: failed to read PNG signature: file does not start with PNG signature.
        C:\Users\sam_s\Documents\the Horde RT Demo\.worktrees\horde-1.7-wp2-vertical-proof\android\app\src\main\res\mipmap-xhdpi\ic_launcher.png: error: file failed to compile.
        
            
   > A failure occurred while executing com.android.build.gradle.internal.res.Aapt2CompileRunnable
      > Android resource compilation failed
        ERROR: AAPT: com.samfa12.hordelanternrt.app-main-5:/mipmap-xxhdpi/ic_launcher.png: error: failed to read PNG signature: file does not start with PNG signature.
        C:\Users\sam_s\Documents\the Horde RT Demo\.worktrees\horde-1.7-wp2-vertical-proof\android\app\src\main\res\mipmap-xxhdpi\ic_launcher.png: error: file failed to compile.
        
            
   > A failure occurred while executing com.android.build.gradle.internal.res.Aapt2CompileRunnable
      > Android resource compilation failed
        ERROR: AAPT: com.samfa12.hordelanternrt.app-main-5:/mipmap-hdpi/ic_launcher.png: error: failed to read PNG signature: file does not start with PNG signature.
        C:\Users\sam_s\Documents\the Horde RT Demo\.worktrees\horde-1.7-wp2-vertical-proof\android\app\src\main\res\mipmap-hdpi\ic_launcher.png: error: file failed to compile.
        
            
   > A failure occurred while executing com.android.build.gradle.internal.res.Aapt2CompileRunnable
      > Android resource compilation failed
        ERROR: AAPT: com.samfa12.hordelanternrt.app-main-5:/mipmap-xxxhdpi/ic_launcher.png: error: failed to read PNG signature: file does not start with PNG signature.
        C:\Users\sam_s\Documents\the Horde RT Demo\.worktrees\horde-1.7-wp2-vertical-proof\android\app\src\main\res\mipmap-xxxhdpi\ic_launcher.png: error: file failed to compile.
        
            

* Try:
> Run with --stacktrace option to get the stack trace.
> Run with --info or --debug option to get more log output.
> Run with --scan to get full insights.
> Get more help at https://help.gradle.org.

BUILD FAILED in 52s
53 actionable tasks: 26 executed, 27 up-to-date
