MSBuild version 17.14.40+3e7442088 for .NET Framework

  1>Checking Build System
  Building Custom Rule C:/Users/sam_s/Documents/the Horde RT Demo/.worktrees/horde-1.7-wp2-vertical-proof/third_party/pocket-audio-core/native/CMakeLists.txt
  PcmLoopStream.cpp
  PcmWave.cpp
  Generating Code...
  pocket_audio_native_pcm.vcxproj -> C:\Users\sam_s\Documents\the Horde RT Demo\.worktrees\horde-1.7-wp2-vertical-proof\build\presets\windows-x64-release\pocket-audio-core-native\Release\pocket_audio_native_pcm.lib
  Building Custom Rule C:/Users/sam_s/Documents/the Horde RT Demo/.worktrees/horde-1.7-wp2-vertical-proof/CMakeLists.txt
  AmbiencePcmLoop.cpp
  MusicDirector.cpp
  MusicPcmStream.cpp
  MusicPcmWave.cpp
  MusicPcmAssetBank.cpp
  MusicPlaybackSession.cpp
  PlaytestReport.cpp
  PlaytestSubmission.cpp
  BenchmarkSummarySubmission.cpp
  GameSimulation.cpp
  PlayerAnimationState.cpp
  PlayerIkTargets.cpp
  FireEmitterState.cpp
  InteractionState.cpp
  ChestRewardSequence.cpp
  FinaleSequence.cpp
  LanternPendulum.cpp
  HeldItemState.cpp
  HeldItemKinematics.cpp
  HeldLightState.cpp
  Generating Code...
  horde_gameplay_simulation.vcxproj -> C:\Users\sam_s\Documents\the Horde RT Demo\.worktrees\horde-1.7-wp2-vertical-proof\build\presets\windows-x64-release\Release\horde_gameplay_simulation.lib
  Building Custom Rule C:/Users/sam_s/Documents/the Horde RT Demo/.worktrees/horde-1.7-wp2-vertical-proof/CMakeLists.txt
  RtPerformanceEvidence.cpp
  RtEvidencePublication.cpp
  RtBenchmarkEvidenceRun.cpp
  RtBenchmarkEvidenceReport.cpp
  BenchmarkSummary.cpp
  BenchmarkSummaryReport.cpp
  BenchmarkSummarySubmission.cpp
  ShowcaseBenchmark.cpp
  AssetManifest.cpp
  AssetValidation.cpp
  GitHubReleaseUpdater.cpp
  DeviceCapabilities.cpp
  RtCapabilityReport.cpp
  GpuFrameTimer.cpp
  VulkanContext.cpp
  RayTracingRequirements.cpp
  RtGpuResources.cpp
  HeldItemRenderSlot.cpp
  FireEmitterBuffer.cpp
  RtStaticMeshSlot.cpp
  Generating Code...
  Compiling...
  RtTextureArrays.cpp
  CharacterRenderSlot.cpp
  PlayerRenderSlot.cpp
  RtPipelineVariants.cpp
  RtPipelineVariantProvider.cpp
  RtPipelineBundleContracts.cpp
  RtPipelineBundle.cpp
  RtFrameEvidenceCoordinator.cpp
  PresentableTinyRtScene.cpp
  SimulationFrameAdapter.cpp
  SkinnedMeshAsset.cpp
  Generating Code...
  GltfDocument.cpp
  StaticMeshAsset.cpp
  Generating Code...
  horde_rt_probe_core.vcxproj -> C:\Users\sam_s\Documents\the Horde RT Demo\.worktrees\horde-1.7-wp2-vertical-proof\build\presets\windows-x64-release\Release\horde_rt_probe_core.lib
  Building Custom Rule C:/Users/sam_s/Documents/the Horde RT Demo/.worktrees/horde-1.7-wp2-vertical-proof/CMakeLists.txt
  VerticalSupportTests.cpp
  horde_rt_vertical_support_tests.vcxproj -> C:\Users\sam_s\Documents\the Horde RT Demo\.worktrees\horde-1.7-wp2-vertical-proof\build\presets\windows-x64-release\Release\horde_rt_vertical_support_tests.exe
MSBuild version 17.14.40+3e7442088 for .NET Framework

  pocket_audio_native_pcm.vcxproj -> C:\Users\sam_s\Documents\the Horde RT Demo\.worktrees\horde-1.7-wp2-vertical-proof\build\presets\windows-x64-release\pocket-audio-core-native\Release\pocket_audio_native_pcm.lib
  horde_gameplay_simulation.vcxproj -> C:\Users\sam_s\Documents\the Horde RT Demo\.worktrees\horde-1.7-wp2-vertical-proof\build\presets\windows-x64-release\Release\horde_gameplay_simulation.lib
  horde_rt_probe_core.vcxproj -> C:\Users\sam_s\Documents\the Horde RT Demo\.worktrees\horde-1.7-wp2-vertical-proof\build\presets\windows-x64-release\Release\horde_rt_probe_core.lib
  Building Custom Rule C:/Users/sam_s/Documents/the Horde RT Demo/.worktrees/horde-1.7-wp2-vertical-proof/CMakeLists.txt
  HeldItemVerticalSupportRigTests.cpp
  horde_rt_held_item_vertical_support_rig_tests.vcxproj -> C:\Users\sam_s\Documents\the Horde RT Demo\.worktrees\horde-1.7-wp2-vertical-proof\build\presets\windows-x64-release\Release\horde_rt_held_item_vertical_support_rig_tests.exe
MSBuild version 17.14.40+3e7442088 for .NET Framework

  pocket_audio_native_pcm.vcxproj -> C:\Users\sam_s\Documents\the Horde RT Demo\.worktrees\horde-1.7-wp2-vertical-proof\build\presets\windows-x64-release\pocket-audio-core-native\Release\pocket_audio_native_pcm.lib
  horde_gameplay_simulation.vcxproj -> C:\Users\sam_s\Documents\the Horde RT Demo\.worktrees\horde-1.7-wp2-vertical-proof\build\presets\windows-x64-release\Release\horde_gameplay_simulation.lib
  Building Custom Rule C:/Users/sam_s/Documents/the Horde RT Demo/.worktrees/horde-1.7-wp2-vertical-proof/CMakeLists.txt
  SimulationTimingTests.cpp
  horde_rt_simulation_timing_tests.vcxproj -> C:\Users\sam_s\Documents\the Horde RT Demo\.worktrees\horde-1.7-wp2-vertical-proof\build\presets\windows-x64-release\Release\horde_rt_simulation_timing_tests.exe
MSBuild version 17.14.40+3e7442088 for .NET Framework

  pocket_audio_native_pcm.vcxproj -> C:\Users\sam_s\Documents\the Horde RT Demo\.worktrees\horde-1.7-wp2-vertical-proof\build\presets\windows-x64-release\pocket-audio-core-native\Release\pocket_audio_native_pcm.lib
  horde_gameplay_simulation.vcxproj -> C:\Users\sam_s\Documents\the Horde RT Demo\.worktrees\horde-1.7-wp2-vertical-proof\build\presets\windows-x64-release\Release\horde_gameplay_simulation.lib
  Building Custom Rule C:/Users/sam_s/Documents/the Horde RT Demo/.worktrees/horde-1.7-wp2-vertical-proof/CMakeLists.txt
  SimulationGameplayTests.cpp
  horde_rt_simulation_gameplay_tests.vcxproj -> C:\Users\sam_s\Documents\the Horde RT Demo\.worktrees\horde-1.7-wp2-vertical-proof\build\presets\windows-x64-release\Release\horde_rt_simulation_gameplay_tests.exe
MSBuild version 17.14.40+3e7442088 for .NET Framework

  pocket_audio_native_pcm.vcxproj -> C:\Users\sam_s\Documents\the Horde RT Demo\.worktrees\horde-1.7-wp2-vertical-proof\build\presets\windows-x64-release\pocket-audio-core-native\Release\pocket_audio_native_pcm.lib
  horde_gameplay_simulation.vcxproj -> C:\Users\sam_s\Documents\the Horde RT Demo\.worktrees\horde-1.7-wp2-vertical-proof\build\presets\windows-x64-release\Release\horde_gameplay_simulation.lib
  Building Custom Rule C:/Users/sam_s/Documents/the Horde RT Demo/.worktrees/horde-1.7-wp2-vertical-proof/CMakeLists.txt
  CombatTimingTraceTests.cpp
  horde_rt_combat_timing_trace_tests.vcxproj -> C:\Users\sam_s\Documents\the Horde RT Demo\.worktrees\horde-1.7-wp2-vertical-proof\build\presets\windows-x64-release\Release\horde_rt_combat_timing_trace_tests.exe
MSBuild version 17.14.40+3e7442088 for .NET Framework

  pocket_audio_native_pcm.vcxproj -> C:\Users\sam_s\Documents\the Horde RT Demo\.worktrees\horde-1.7-wp2-vertical-proof\build\presets\windows-x64-release\pocket-audio-core-native\Release\pocket_audio_native_pcm.lib
  horde_gameplay_simulation.vcxproj -> C:\Users\sam_s\Documents\the Horde RT Demo\.worktrees\horde-1.7-wp2-vertical-proof\build\presets\windows-x64-release\Release\horde_gameplay_simulation.lib
  Building Custom Rule C:/Users/sam_s/Documents/the Horde RT Demo/.worktrees/horde-1.7-wp2-vertical-proof/CMakeLists.txt
  InputPresentationTraceTests.cpp
  horde_rt_input_presentation_trace_tests.vcxproj -> C:\Users\sam_s\Documents\the Horde RT Demo\.worktrees\horde-1.7-wp2-vertical-proof\build\presets\windows-x64-release\Release\horde_rt_input_presentation_trace_tests.exe
MSBuild version 17.14.40+3e7442088 for .NET Framework

  Building Custom Rule C:/Users/sam_s/Documents/the Horde RT Demo/.worktrees/horde-1.7-wp2-vertical-proof/CMakeLists.txt
  InputMailboxStress.cpp
  horde_rt_input_mailbox_stress.vcxproj -> C:\Users\sam_s\Documents\the Horde RT Demo\.worktrees\horde-1.7-wp2-vertical-proof\build\presets\windows-x64-release\Release\horde_rt_input_mailbox_stress.exe
MSBuild version 17.14.40+3e7442088 for .NET Framework

  pocket_audio_native_pcm.vcxproj -> C:\Users\sam_s\Documents\the Horde RT Demo\.worktrees\horde-1.7-wp2-vertical-proof\build\presets\windows-x64-release\pocket-audio-core-native\Release\pocket_audio_native_pcm.lib
  horde_gameplay_simulation.vcxproj -> C:\Users\sam_s\Documents\the Horde RT Demo\.worktrees\horde-1.7-wp2-vertical-proof\build\presets\windows-x64-release\Release\horde_gameplay_simulation.lib
  Building Custom Rule C:/Users/sam_s/Documents/the Horde RT Demo/.worktrees/horde-1.7-wp2-vertical-proof/CMakeLists.txt
  HeldItemTransitionTests.cpp
  horde_rt_held_item_transition_tests.vcxproj -> C:\Users\sam_s\Documents\the Horde RT Demo\.worktrees\horde-1.7-wp2-vertical-proof\build\presets\windows-x64-release\Release\horde_rt_held_item_transition_tests.exe
MSBuild version 17.14.40+3e7442088 for .NET Framework

  pocket_audio_native_pcm.vcxproj -> C:\Users\sam_s\Documents\the Horde RT Demo\.worktrees\horde-1.7-wp2-vertical-proof\build\presets\windows-x64-release\pocket-audio-core-native\Release\pocket_audio_native_pcm.lib
  horde_gameplay_simulation.vcxproj -> C:\Users\sam_s\Documents\the Horde RT Demo\.worktrees\horde-1.7-wp2-vertical-proof\build\presets\windows-x64-release\Release\horde_gameplay_simulation.lib
  Building Custom Rule C:/Users/sam_s/Documents/the Horde RT Demo/.worktrees/horde-1.7-wp2-vertical-proof/CMakeLists.txt
  HeldItemClearanceTests.cpp
  AssetManifest.cpp
  AssetValidation.cpp
  Generating Code...
  GltfDocument.cpp
  StaticMeshAsset.cpp
  Generating Code...
  horde_rt_held_item_clearance_tests.vcxproj -> C:\Users\sam_s\Documents\the Horde RT Demo\.worktrees\horde-1.7-wp2-vertical-proof\build\presets\windows-x64-release\Release\horde_rt_held_item_clearance_tests.exe
MSBuild version 17.14.40+3e7442088 for .NET Framework

  pocket_audio_native_pcm.vcxproj -> C:\Users\sam_s\Documents\the Horde RT Demo\.worktrees\horde-1.7-wp2-vertical-proof\build\presets\windows-x64-release\pocket-audio-core-native\Release\pocket_audio_native_pcm.lib
  horde_gameplay_simulation.vcxproj -> C:\Users\sam_s\Documents\the Horde RT Demo\.worktrees\horde-1.7-wp2-vertical-proof\build\presets\windows-x64-release\Release\horde_gameplay_simulation.lib
  Building Custom Rule C:/Users/sam_s/Documents/the Horde RT Demo/.worktrees/horde-1.7-wp2-vertical-proof/CMakeLists.txt
  HeldItemSocketTests.cpp
  AssetManifest.cpp
  AssetValidation.cpp
  SkinnedMeshAsset.cpp
  RtPerformanceEvidence.cpp
  HeldItemRenderSlot.cpp
  PlayerRenderSlot.cpp
  RtStaticMeshSlot.cpp
  Generating Code...
  GltfDocument.cpp
  StaticMeshAsset.cpp
  Generating Code...
  horde_rt_held_item_socket_tests.vcxproj -> C:\Users\sam_s\Documents\the Horde RT Demo\.worktrees\horde-1.7-wp2-vertical-proof\build\presets\windows-x64-release\Release\horde_rt_held_item_socket_tests.exe
MSBuild version 17.14.40+3e7442088 for .NET Framework

  pocket_audio_native_pcm.vcxproj -> C:\Users\sam_s\Documents\the Horde RT Demo\.worktrees\horde-1.7-wp2-vertical-proof\build\presets\windows-x64-release\pocket-audio-core-native\Release\pocket_audio_native_pcm.lib
  horde_gameplay_simulation.vcxproj -> C:\Users\sam_s\Documents\the Horde RT Demo\.worktrees\horde-1.7-wp2-vertical-proof\build\presets\windows-x64-release\Release\horde_gameplay_simulation.lib
  Building Custom Rule C:/Users/sam_s/Documents/the Horde RT Demo/.worktrees/horde-1.7-wp2-vertical-proof/CMakeLists.txt
  PlayerAnimationTests.cpp
  RtPerformanceEvidence.cpp
  SkinnedMeshAsset.cpp
  PlayerRenderSlot.cpp
  Generating Code...
  horde_rt_player_animation_tests.vcxproj -> C:\Users\sam_s\Documents\the Horde RT Demo\.worktrees\horde-1.7-wp2-vertical-proof\build\presets\windows-x64-release\Release\horde_rt_player_animation_tests.exe
MSBuild version 17.14.40+3e7442088 for .NET Framework

  pocket_audio_native_pcm.vcxproj -> C:\Users\sam_s\Documents\the Horde RT Demo\.worktrees\horde-1.7-wp2-vertical-proof\build\presets\windows-x64-release\pocket-audio-core-native\Release\pocket_audio_native_pcm.lib
  horde_gameplay_simulation.vcxproj -> C:\Users\sam_s\Documents\the Horde RT Demo\.worktrees\horde-1.7-wp2-vertical-proof\build\presets\windows-x64-release\Release\horde_gameplay_simulation.lib
  Building Custom Rule C:/Users/sam_s/Documents/the Horde RT Demo/.worktrees/horde-1.7-wp2-vertical-proof/CMakeLists.txt
  LanternRewardTests.cpp
  horde_rt_lantern_reward_tests.vcxproj -> C:\Users\sam_s\Documents\the Horde RT Demo\.worktrees\horde-1.7-wp2-vertical-proof\build\presets\windows-x64-release\Release\horde_rt_lantern_reward_tests.exe
MSBuild version 17.14.40+3e7442088 for .NET Framework

  pocket_audio_native_pcm.vcxproj -> C:\Users\sam_s\Documents\the Horde RT Demo\.worktrees\horde-1.7-wp2-vertical-proof\build\presets\windows-x64-release\pocket-audio-core-native\Release\pocket_audio_native_pcm.lib
  horde_gameplay_simulation.vcxproj -> C:\Users\sam_s\Documents\the Horde RT Demo\.worktrees\horde-1.7-wp2-vertical-proof\build\presets\windows-x64-release\Release\horde_gameplay_simulation.lib
  Building Custom Rule C:/Users/sam_s/Documents/the Horde RT Demo/.worktrees/horde-1.7-wp2-vertical-proof/CMakeLists.txt
  LanternPendulumTests.cpp
  horde_rt_lantern_pendulum_tests.vcxproj -> C:\Users\sam_s\Documents\the Horde RT Demo\.worktrees\horde-1.7-wp2-vertical-proof\build\presets\windows-x64-release\Release\horde_rt_lantern_pendulum_tests.exe
MSBuild version 17.14.40+3e7442088 for .NET Framework

  pocket_audio_native_pcm.vcxproj -> C:\Users\sam_s\Documents\the Horde RT Demo\.worktrees\horde-1.7-wp2-vertical-proof\build\presets\windows-x64-release\pocket-audio-core-native\Release\pocket_audio_native_pcm.lib
  horde_gameplay_simulation.vcxproj -> C:\Users\sam_s\Documents\the Horde RT Demo\.worktrees\horde-1.7-wp2-vertical-proof\build\presets\windows-x64-release\Release\horde_gameplay_simulation.lib
  Building Custom Rule C:/Users/sam_s/Documents/the Horde RT Demo/.worktrees/horde-1.7-wp2-vertical-proof/CMakeLists.txt
  FireEmitterTests.cpp
  FireEmitterBuffer.cpp
  Generating Code...
  horde_rt_fire_emitter_tests.vcxproj -> C:\Users\sam_s\Documents\the Horde RT Demo\.worktrees\horde-1.7-wp2-vertical-proof\build\presets\windows-x64-release\Release\horde_rt_fire_emitter_tests.exe
MSBuild version 17.14.40+3e7442088 for .NET Framework

  Building Custom Rule C:/Users/sam_s/Documents/the Horde RT Demo/.worktrees/horde-1.7-wp2-vertical-proof/CMakeLists.txt
  SpatialAudioSmoke.cpp
  horde_rt_spatial_audio_smoke.vcxproj -> C:\Users\sam_s\Documents\the Horde RT Demo\.worktrees\horde-1.7-wp2-vertical-proof\build\presets\windows-x64-release\Release\horde_rt_spatial_audio_smoke.exe
MSBuild version 17.14.40+3e7442088 for .NET Framework

  pocket_audio_native_pcm.vcxproj -> C:\Users\sam_s\Documents\the Horde RT Demo\.worktrees\horde-1.7-wp2-vertical-proof\build\presets\windows-x64-release\pocket-audio-core-native\Release\pocket_audio_native_pcm.lib
  horde_gameplay_simulation.vcxproj -> C:\Users\sam_s\Documents\the Horde RT Demo\.worktrees\horde-1.7-wp2-vertical-proof\build\presets\windows-x64-release\Release\horde_gameplay_simulation.lib
  horde_rt_probe_core.vcxproj -> C:\Users\sam_s\Documents\the Horde RT Demo\.worktrees\horde-1.7-wp2-vertical-proof\build\presets\windows-x64-release\Release\horde_rt_probe_core.lib
  Building Custom Rule C:/Users/sam_s/Documents/the Horde RT Demo/.worktrees/horde-1.7-wp2-vertical-proof/CMakeLists.txt
  GraphicsPreviewFrameAdapterTests.cpp
  horde_rt_graphics_preview_frame_adapter_tests.vcxproj -> C:\Users\sam_s\Documents\the Horde RT Demo\.worktrees\horde-1.7-wp2-vertical-proof\build\presets\windows-x64-release\Release\horde_rt_graphics_preview_frame_adapter_tests.exe
MSBuild version 17.14.40+3e7442088 for .NET Framework

  Building Custom Rule C:/Users/sam_s/Documents/the Horde RT Demo/.worktrees/horde-1.7-wp2-vertical-proof/CMakeLists.txt
  RtSceneAbiTests.cpp
  RtStaticMeshSlot.cpp
  RtTextureArrays.cpp
  Generating Code...
  horde_rt_scene_abi_tests.vcxproj -> C:\Users\sam_s\Documents\the Horde RT Demo\.worktrees\horde-1.7-wp2-vertical-proof\build\presets\windows-x64-release\Release\horde_rt_scene_abi_tests.exe
MSBuild version 17.14.40+3e7442088 for .NET Framework

  pocket_audio_native_pcm.vcxproj -> C:\Users\sam_s\Documents\the Horde RT Demo\.worktrees\horde-1.7-wp2-vertical-proof\build\presets\windows-x64-release\pocket-audio-core-native\Release\pocket_audio_native_pcm.lib
  horde_gameplay_simulation.vcxproj -> C:\Users\sam_s\Documents\the Horde RT Demo\.worktrees\horde-1.7-wp2-vertical-proof\build\presets\windows-x64-release\Release\horde_gameplay_simulation.lib
  horde_rt_probe_core.vcxproj -> C:\Users\sam_s\Documents\the Horde RT Demo\.worktrees\horde-1.7-wp2-vertical-proof\build\presets\windows-x64-release\Release\horde_rt_probe_core.lib
  Building Custom Rule C:/Users/sam_s/Documents/the Horde RT Demo/.worktrees/horde-1.7-wp2-vertical-proof/CMakeLists.txt
  RtSceneInitialisePreflightTests.cpp
  horde_rt_scene_initialise_preflight_tests.vcxproj -> C:\Users\sam_s\Documents\the Horde RT Demo\.worktrees\horde-1.7-wp2-vertical-proof\build\presets\windows-x64-release\Release\horde_rt_scene_initialise_preflight_tests.exe
MSBuild version 17.14.40+3e7442088 for .NET Framework

  pocket_audio_native_pcm.vcxproj -> C:\Users\sam_s\Documents\the Horde RT Demo\.worktrees\horde-1.7-wp2-vertical-proof\build\presets\windows-x64-release\pocket-audio-core-native\Release\pocket_audio_native_pcm.lib
  horde_gameplay_simulation.vcxproj -> C:\Users\sam_s\Documents\the Horde RT Demo\.worktrees\horde-1.7-wp2-vertical-proof\build\presets\windows-x64-release\Release\horde_gameplay_simulation.lib
  horde_rt_probe_core.vcxproj -> C:\Users\sam_s\Documents\the Horde RT Demo\.worktrees\horde-1.7-wp2-vertical-proof\build\presets\windows-x64-release\Release\horde_rt_probe_core.lib
  Building Custom Rule C:/Users/sam_s/Documents/the Horde RT Demo/.worktrees/horde-1.7-wp2-vertical-proof/CMakeLists.txt
  RtSceneResourceInventoryTests.cpp
  horde_rt_scene_resource_inventory_tests.vcxproj -> C:\Users\sam_s\Documents\the Horde RT Demo\.worktrees\horde-1.7-wp2-vertical-proof\build\presets\windows-x64-release\Release\horde_rt_scene_resource_inventory_tests.exe
MSBuild version 17.14.40+3e7442088 for .NET Framework

  Building Custom Rule C:/Users/sam_s/Documents/the Horde RT Demo/.worktrees/horde-1.7-wp2-vertical-proof/CMakeLists.txt
  RtFrameEvidenceCoordinatorTests.cpp
  RtFrameEvidenceCoordinator.cpp
  GpuFrameTimer.cpp
  RtPerformanceEvidence.cpp
  Generating Code...
  horde_rt_frame_evidence_coordinator_tests.vcxproj -> C:\Users\sam_s\Documents\the Horde RT Demo\.worktrees\horde-1.7-wp2-vertical-proof\build\presets\windows-x64-release\Release\horde_rt_frame_evidence_coordinator_tests.exe
MSBuild version 17.14.40+3e7442088 for .NET Framework

  Building Custom Rule C:/Users/sam_s/Documents/the Horde RT Demo/.worktrees/horde-1.7-wp2-vertical-proof/CMakeLists.txt
  RtPresentationTransformTests.cpp
  horde_rt_presentation_transform_tests.vcxproj -> C:\Users\sam_s\Documents\the Horde RT Demo\.worktrees\horde-1.7-wp2-vertical-proof\build\presets\windows-x64-release\Release\horde_rt_presentation_transform_tests.exe
MSBuild version 17.14.40+3e7442088 for .NET Framework

  pocket_audio_native_pcm.vcxproj -> C:\Users\sam_s\Documents\the Horde RT Demo\.worktrees\horde-1.7-wp2-vertical-proof\build\presets\windows-x64-release\pocket-audio-core-native\Release\pocket_audio_native_pcm.lib
  horde_gameplay_simulation.vcxproj -> C:\Users\sam_s\Documents\the Horde RT Demo\.worktrees\horde-1.7-wp2-vertical-proof\build\presets\windows-x64-release\Release\horde_gameplay_simulation.lib
  Building Custom Rule C:/Users/sam_s/Documents/the Horde RT Demo/.worktrees/horde-1.7-wp2-vertical-proof/CMakeLists.txt
  WaterfallProductionRouteTests.cpp
  horde_rt_waterfall_production_route_tests.vcxproj -> C:\Users\sam_s\Documents\the Horde RT Demo\.worktrees\horde-1.7-wp2-vertical-proof\build\presets\windows-x64-release\Release\horde_rt_waterfall_production_route_tests.exe
MSBuild version 17.14.40+3e7442088 for .NET Framework

  pocket_audio_native_pcm.vcxproj -> C:\Users\sam_s\Documents\the Horde RT Demo\.worktrees\horde-1.7-wp2-vertical-proof\build\presets\windows-x64-release\pocket-audio-core-native\Release\pocket_audio_native_pcm.lib
  horde_gameplay_simulation.vcxproj -> C:\Users\sam_s\Documents\the Horde RT Demo\.worktrees\horde-1.7-wp2-vertical-proof\build\presets\windows-x64-release\Release\horde_gameplay_simulation.lib
  Building Custom Rule C:/Users/sam_s/Documents/the Horde RT Demo/.worktrees/horde-1.7-wp2-vertical-proof/CMakeLists.txt
  horde_rt_probe_core.vcxproj -> C:\Users\sam_s\Documents\the Horde RT Demo\.worktrees\horde-1.7-wp2-vertical-proof\build\presets\windows-x64-release\Release\horde_rt_probe_core.lib
  WindowsMusicPlayback.cpp
  horde_windows_music.vcxproj -> C:\Users\sam_s\Documents\the Horde RT Demo\.worktrees\horde-1.7-wp2-vertical-proof\build\presets\windows-x64-release\Release\horde_windows_music.lib
  Building Custom Rule C:/Users/sam_s/Documents/the Horde RT Demo/.worktrees/horde-1.7-wp2-vertical-proof/CMakeLists.txt
  DiagnosticWindowMain.cpp
  DiagnosticWindow.cpp
  WindowsGitHubReleaseUpdate.cpp
  WindowsPlaytestReport.cpp
  WindowsRemotePlaytestReport.cpp
  WindowsPlaytestScreenshot.cpp
  WindowsPlaytestSubmission.cpp
  WindowsPlaytestVerification.cpp
  DiagnosticOverlay.cpp
  Generating Code...
  horde_rt_diagnostic_window.vcxproj -> C:\Users\sam_s\Documents\the Horde RT Demo\.worktrees\horde-1.7-wp2-vertical-proof\build\presets\windows-x64-release\Release\HordeLanternRT.exe
