CMake is re-running because C:/Users/sam_s/Documents/the Horde RT Demo/.worktrees/horde-1.7-wp2-vertical-proof/build/presets/windows-x64-debug/CMakeFiles/generate.stamp is out-of-date.
  the file 'C:/Users/sam_s/Documents/the Horde RT Demo/.worktrees/horde-1.7-wp2-vertical-proof/src/vulkan/raytracing/MinimalLegacyRayGenShader.inc'
  is newer than 'C:/Users/sam_s/Documents/the Horde RT Demo/.worktrees/horde-1.7-wp2-vertical-proof/build/presets/windows-x64-debug/CMakeFiles/generate.stamp.depend'
  result='-1'
-- Selecting Windows SDK version 10.0.26100.0 to target Windows 10.0.26300.
Generated RT catalog adapter is current.
-- Strict non-contracted asset-transform arithmetic enabled for GltfDocument.cpp and StaticMeshAsset.cpp: /fp:strict
-- Vulkan SDK found: 1.4.350
-- Legacy torch-failure identifiers were rejected by the configured MSVC compiler.
-- Horde Lantern RT: Vulkan capability probe and Windows diagnostic targets are available; Android builds from android/.
-- Configuring done (20.2s)
-- Generating done (1.4s)
-- Build files have been written to: C:/Users/sam_s/Documents/the Horde RT Demo/.worktrees/horde-1.7-wp2-vertical-proof/build/presets/windows-x64-debug
MSBuild version 17.14.40+3e7442088 for .NET Framework

  1>Checking Build System
  pocket_audio_native_pcm.vcxproj -> C:\Users\sam_s\Documents\the Horde RT Demo\.worktrees\horde-1.7-wp2-vertical-proof\build\presets\windows-x64-debug\pocket-audio-core-native\Debug\pocket_audio_native_pcm.lib
  Building Custom Rule C:/Users/sam_s/Documents/the Horde RT Demo/.worktrees/horde-1.7-wp2-vertical-proof/CMakeLists.txt
  horde_gameplay_simulation.vcxproj -> C:\Users\sam_s\Documents\the Horde RT Demo\.worktrees\horde-1.7-wp2-vertical-proof\build\presets\windows-x64-debug\Debug\horde_gameplay_simulation.lib
  Building Custom Rule C:/Users/sam_s/Documents/the Horde RT Demo/.worktrees/horde-1.7-wp2-vertical-proof/CMakeLists.txt
  horde_rt_probe_core.vcxproj -> C:\Users\sam_s\Documents\the Horde RT Demo\.worktrees\horde-1.7-wp2-vertical-proof\build\presets\windows-x64-debug\Debug\horde_rt_probe_core.lib
  Building Custom Rule C:/Users/sam_s/Documents/the Horde RT Demo/.worktrees/horde-1.7-wp2-vertical-proof/CMakeLists.txt
  VerticalSupportTests.cpp
  horde_rt_vertical_support_tests.vcxproj -> C:\Users\sam_s\Documents\the Horde RT Demo\.worktrees\horde-1.7-wp2-vertical-proof\build\presets\windows-x64-debug\Debug\horde_rt_vertical_support_tests.exe
MSBuild version 17.14.40+3e7442088 for .NET Framework

  pocket_audio_native_pcm.vcxproj -> C:\Users\sam_s\Documents\the Horde RT Demo\.worktrees\horde-1.7-wp2-vertical-proof\build\presets\windows-x64-debug\pocket-audio-core-native\Debug\pocket_audio_native_pcm.lib
  horde_gameplay_simulation.vcxproj -> C:\Users\sam_s\Documents\the Horde RT Demo\.worktrees\horde-1.7-wp2-vertical-proof\build\presets\windows-x64-debug\Debug\horde_gameplay_simulation.lib
  horde_rt_probe_core.vcxproj -> C:\Users\sam_s\Documents\the Horde RT Demo\.worktrees\horde-1.7-wp2-vertical-proof\build\presets\windows-x64-debug\Debug\horde_rt_probe_core.lib
  Building Custom Rule C:/Users/sam_s/Documents/the Horde RT Demo/.worktrees/horde-1.7-wp2-vertical-proof/CMakeLists.txt
  horde_rt_held_item_vertical_support_rig_tests.vcxproj -> C:\Users\sam_s\Documents\the Horde RT Demo\.worktrees\horde-1.7-wp2-vertical-proof\build\presets\windows-x64-debug\Debug\horde_rt_held_item_vertical_support_rig_tests.exe
MSBuild version 17.14.40+3e7442088 for .NET Framework

  pocket_audio_native_pcm.vcxproj -> C:\Users\sam_s\Documents\the Horde RT Demo\.worktrees\horde-1.7-wp2-vertical-proof\build\presets\windows-x64-debug\pocket-audio-core-native\Debug\pocket_audio_native_pcm.lib
  horde_gameplay_simulation.vcxproj -> C:\Users\sam_s\Documents\the Horde RT Demo\.worktrees\horde-1.7-wp2-vertical-proof\build\presets\windows-x64-debug\Debug\horde_gameplay_simulation.lib
  Building Custom Rule C:/Users/sam_s/Documents/the Horde RT Demo/.worktrees/horde-1.7-wp2-vertical-proof/CMakeLists.txt
  SimulationTimingTests.cpp
  horde_rt_simulation_timing_tests.vcxproj -> C:\Users\sam_s\Documents\the Horde RT Demo\.worktrees\horde-1.7-wp2-vertical-proof\build\presets\windows-x64-debug\Debug\horde_rt_simulation_timing_tests.exe
MSBuild version 17.14.40+3e7442088 for .NET Framework

  pocket_audio_native_pcm.vcxproj -> C:\Users\sam_s\Documents\the Horde RT Demo\.worktrees\horde-1.7-wp2-vertical-proof\build\presets\windows-x64-debug\pocket-audio-core-native\Debug\pocket_audio_native_pcm.lib
  horde_gameplay_simulation.vcxproj -> C:\Users\sam_s\Documents\the Horde RT Demo\.worktrees\horde-1.7-wp2-vertical-proof\build\presets\windows-x64-debug\Debug\horde_gameplay_simulation.lib
  Building Custom Rule C:/Users/sam_s/Documents/the Horde RT Demo/.worktrees/horde-1.7-wp2-vertical-proof/CMakeLists.txt
  SimulationGameplayTests.cpp
  horde_rt_simulation_gameplay_tests.vcxproj -> C:\Users\sam_s\Documents\the Horde RT Demo\.worktrees\horde-1.7-wp2-vertical-proof\build\presets\windows-x64-debug\Debug\horde_rt_simulation_gameplay_tests.exe
MSBuild version 17.14.40+3e7442088 for .NET Framework

  pocket_audio_native_pcm.vcxproj -> C:\Users\sam_s\Documents\the Horde RT Demo\.worktrees\horde-1.7-wp2-vertical-proof\build\presets\windows-x64-debug\pocket-audio-core-native\Debug\pocket_audio_native_pcm.lib
  horde_gameplay_simulation.vcxproj -> C:\Users\sam_s\Documents\the Horde RT Demo\.worktrees\horde-1.7-wp2-vertical-proof\build\presets\windows-x64-debug\Debug\horde_gameplay_simulation.lib
  Building Custom Rule C:/Users/sam_s/Documents/the Horde RT Demo/.worktrees/horde-1.7-wp2-vertical-proof/CMakeLists.txt
  CombatTimingTraceTests.cpp
  horde_rt_combat_timing_trace_tests.vcxproj -> C:\Users\sam_s\Documents\the Horde RT Demo\.worktrees\horde-1.7-wp2-vertical-proof\build\presets\windows-x64-debug\Debug\horde_rt_combat_timing_trace_tests.exe
MSBuild version 17.14.40+3e7442088 for .NET Framework

  pocket_audio_native_pcm.vcxproj -> C:\Users\sam_s\Documents\the Horde RT Demo\.worktrees\horde-1.7-wp2-vertical-proof\build\presets\windows-x64-debug\pocket-audio-core-native\Debug\pocket_audio_native_pcm.lib
  horde_gameplay_simulation.vcxproj -> C:\Users\sam_s\Documents\the Horde RT Demo\.worktrees\horde-1.7-wp2-vertical-proof\build\presets\windows-x64-debug\Debug\horde_gameplay_simulation.lib
  Building Custom Rule C:/Users/sam_s/Documents/the Horde RT Demo/.worktrees/horde-1.7-wp2-vertical-proof/CMakeLists.txt
  InputPresentationTraceTests.cpp
  horde_rt_input_presentation_trace_tests.vcxproj -> C:\Users\sam_s\Documents\the Horde RT Demo\.worktrees\horde-1.7-wp2-vertical-proof\build\presets\windows-x64-debug\Debug\horde_rt_input_presentation_trace_tests.exe
MSBuild version 17.14.40+3e7442088 for .NET Framework

  Building Custom Rule C:/Users/sam_s/Documents/the Horde RT Demo/.worktrees/horde-1.7-wp2-vertical-proof/CMakeLists.txt
  InputMailboxStress.cpp
  horde_rt_input_mailbox_stress.vcxproj -> C:\Users\sam_s\Documents\the Horde RT Demo\.worktrees\horde-1.7-wp2-vertical-proof\build\presets\windows-x64-debug\Debug\horde_rt_input_mailbox_stress.exe
MSBuild version 17.14.40+3e7442088 for .NET Framework

  pocket_audio_native_pcm.vcxproj -> C:\Users\sam_s\Documents\the Horde RT Demo\.worktrees\horde-1.7-wp2-vertical-proof\build\presets\windows-x64-debug\pocket-audio-core-native\Debug\pocket_audio_native_pcm.lib
  horde_gameplay_simulation.vcxproj -> C:\Users\sam_s\Documents\the Horde RT Demo\.worktrees\horde-1.7-wp2-vertical-proof\build\presets\windows-x64-debug\Debug\horde_gameplay_simulation.lib
  Building Custom Rule C:/Users/sam_s/Documents/the Horde RT Demo/.worktrees/horde-1.7-wp2-vertical-proof/CMakeLists.txt
  HeldItemTransitionTests.cpp
  horde_rt_held_item_transition_tests.vcxproj -> C:\Users\sam_s\Documents\the Horde RT Demo\.worktrees\horde-1.7-wp2-vertical-proof\build\presets\windows-x64-debug\Debug\horde_rt_held_item_transition_tests.exe
MSBuild version 17.14.40+3e7442088 for .NET Framework

  pocket_audio_native_pcm.vcxproj -> C:\Users\sam_s\Documents\the Horde RT Demo\.worktrees\horde-1.7-wp2-vertical-proof\build\presets\windows-x64-debug\pocket-audio-core-native\Debug\pocket_audio_native_pcm.lib
  horde_gameplay_simulation.vcxproj -> C:\Users\sam_s\Documents\the Horde RT Demo\.worktrees\horde-1.7-wp2-vertical-proof\build\presets\windows-x64-debug\Debug\horde_gameplay_simulation.lib
  Building Custom Rule C:/Users/sam_s/Documents/the Horde RT Demo/.worktrees/horde-1.7-wp2-vertical-proof/CMakeLists.txt
  HeldItemClearanceTests.cpp
  AssetManifest.cpp
  AssetValidation.cpp
  Generating Code...
  GltfDocument.cpp
  StaticMeshAsset.cpp
  Generating Code...
  horde_rt_held_item_clearance_tests.vcxproj -> C:\Users\sam_s\Documents\the Horde RT Demo\.worktrees\horde-1.7-wp2-vertical-proof\build\presets\windows-x64-debug\Debug\horde_rt_held_item_clearance_tests.exe
MSBuild version 17.14.40+3e7442088 for .NET Framework

  pocket_audio_native_pcm.vcxproj -> C:\Users\sam_s\Documents\the Horde RT Demo\.worktrees\horde-1.7-wp2-vertical-proof\build\presets\windows-x64-debug\pocket-audio-core-native\Debug\pocket_audio_native_pcm.lib
  horde_gameplay_simulation.vcxproj -> C:\Users\sam_s\Documents\the Horde RT Demo\.worktrees\horde-1.7-wp2-vertical-proof\build\presets\windows-x64-debug\Debug\horde_gameplay_simulation.lib
  Building Custom Rule C:/Users/sam_s/Documents/the Horde RT Demo/.worktrees/horde-1.7-wp2-vertical-proof/CMakeLists.txt
  HeldItemSocketTests.cpp
  AssetManifest.cpp
  AssetValidation.cpp
  SkinnedMeshAsset.cpp
  RtPerformanceEvidence.cpp
  HeldItemRenderSlot.cpp
  PlayerRenderSlot.cpp
  RtStaticMeshSlot.cpp
  Generating Code...
  GltfDocument.cpp
  StaticMeshAsset.cpp
  Generating Code...
  horde_rt_held_item_socket_tests.vcxproj -> C:\Users\sam_s\Documents\the Horde RT Demo\.worktrees\horde-1.7-wp2-vertical-proof\build\presets\windows-x64-debug\Debug\horde_rt_held_item_socket_tests.exe
MSBuild version 17.14.40+3e7442088 for .NET Framework

  pocket_audio_native_pcm.vcxproj -> C:\Users\sam_s\Documents\the Horde RT Demo\.worktrees\horde-1.7-wp2-vertical-proof\build\presets\windows-x64-debug\pocket-audio-core-native\Debug\pocket_audio_native_pcm.lib
  horde_gameplay_simulation.vcxproj -> C:\Users\sam_s\Documents\the Horde RT Demo\.worktrees\horde-1.7-wp2-vertical-proof\build\presets\windows-x64-debug\Debug\horde_gameplay_simulation.lib
  Building Custom Rule C:/Users/sam_s/Documents/the Horde RT Demo/.worktrees/horde-1.7-wp2-vertical-proof/CMakeLists.txt
  PlayerAnimationTests.cpp
  RtPerformanceEvidence.cpp
  SkinnedMeshAsset.cpp
  PlayerRenderSlot.cpp
  Generating Code...
  horde_rt_player_animation_tests.vcxproj -> C:\Users\sam_s\Documents\the Horde RT Demo\.worktrees\horde-1.7-wp2-vertical-proof\build\presets\windows-x64-debug\Debug\horde_rt_player_animation_tests.exe
MSBuild version 17.14.40+3e7442088 for .NET Framework

  pocket_audio_native_pcm.vcxproj -> C:\Users\sam_s\Documents\the Horde RT Demo\.worktrees\horde-1.7-wp2-vertical-proof\build\presets\windows-x64-debug\pocket-audio-core-native\Debug\pocket_audio_native_pcm.lib
  horde_gameplay_simulation.vcxproj -> C:\Users\sam_s\Documents\the Horde RT Demo\.worktrees\horde-1.7-wp2-vertical-proof\build\presets\windows-x64-debug\Debug\horde_gameplay_simulation.lib
  Building Custom Rule C:/Users/sam_s/Documents/the Horde RT Demo/.worktrees/horde-1.7-wp2-vertical-proof/CMakeLists.txt
  LanternRewardTests.cpp
  horde_rt_lantern_reward_tests.vcxproj -> C:\Users\sam_s\Documents\the Horde RT Demo\.worktrees\horde-1.7-wp2-vertical-proof\build\presets\windows-x64-debug\Debug\horde_rt_lantern_reward_tests.exe
MSBuild version 17.14.40+3e7442088 for .NET Framework

  pocket_audio_native_pcm.vcxproj -> C:\Users\sam_s\Documents\the Horde RT Demo\.worktrees\horde-1.7-wp2-vertical-proof\build\presets\windows-x64-debug\pocket-audio-core-native\Debug\pocket_audio_native_pcm.lib
  horde_gameplay_simulation.vcxproj -> C:\Users\sam_s\Documents\the Horde RT Demo\.worktrees\horde-1.7-wp2-vertical-proof\build\presets\windows-x64-debug\Debug\horde_gameplay_simulation.lib
  Building Custom Rule C:/Users/sam_s/Documents/the Horde RT Demo/.worktrees/horde-1.7-wp2-vertical-proof/CMakeLists.txt
  LanternPendulumTests.cpp
  horde_rt_lantern_pendulum_tests.vcxproj -> C:\Users\sam_s\Documents\the Horde RT Demo\.worktrees\horde-1.7-wp2-vertical-proof\build\presets\windows-x64-debug\Debug\horde_rt_lantern_pendulum_tests.exe
MSBuild version 17.14.40+3e7442088 for .NET Framework

  pocket_audio_native_pcm.vcxproj -> C:\Users\sam_s\Documents\the Horde RT Demo\.worktrees\horde-1.7-wp2-vertical-proof\build\presets\windows-x64-debug\pocket-audio-core-native\Debug\pocket_audio_native_pcm.lib
  horde_gameplay_simulation.vcxproj -> C:\Users\sam_s\Documents\the Horde RT Demo\.worktrees\horde-1.7-wp2-vertical-proof\build\presets\windows-x64-debug\Debug\horde_gameplay_simulation.lib
  Building Custom Rule C:/Users/sam_s/Documents/the Horde RT Demo/.worktrees/horde-1.7-wp2-vertical-proof/CMakeLists.txt
  FireEmitterTests.cpp
  FireEmitterBuffer.cpp
  Generating Code...
  horde_rt_fire_emitter_tests.vcxproj -> C:\Users\sam_s\Documents\the Horde RT Demo\.worktrees\horde-1.7-wp2-vertical-proof\build\presets\windows-x64-debug\Debug\horde_rt_fire_emitter_tests.exe
MSBuild version 17.14.40+3e7442088 for .NET Framework

  Building Custom Rule C:/Users/sam_s/Documents/the Horde RT Demo/.worktrees/horde-1.7-wp2-vertical-proof/CMakeLists.txt
  SpatialAudioSmoke.cpp
  horde_rt_spatial_audio_smoke.vcxproj -> C:\Users\sam_s\Documents\the Horde RT Demo\.worktrees\horde-1.7-wp2-vertical-proof\build\presets\windows-x64-debug\Debug\horde_rt_spatial_audio_smoke.exe
MSBuild version 17.14.40+3e7442088 for .NET Framework

  pocket_audio_native_pcm.vcxproj -> C:\Users\sam_s\Documents\the Horde RT Demo\.worktrees\horde-1.7-wp2-vertical-proof\build\presets\windows-x64-debug\pocket-audio-core-native\Debug\pocket_audio_native_pcm.lib
  horde_gameplay_simulation.vcxproj -> C:\Users\sam_s\Documents\the Horde RT Demo\.worktrees\horde-1.7-wp2-vertical-proof\build\presets\windows-x64-debug\Debug\horde_gameplay_simulation.lib
  horde_rt_probe_core.vcxproj -> C:\Users\sam_s\Documents\the Horde RT Demo\.worktrees\horde-1.7-wp2-vertical-proof\build\presets\windows-x64-debug\Debug\horde_rt_probe_core.lib
  Building Custom Rule C:/Users/sam_s/Documents/the Horde RT Demo/.worktrees/horde-1.7-wp2-vertical-proof/CMakeLists.txt
  GraphicsPreviewFrameAdapterTests.cpp
  horde_rt_graphics_preview_frame_adapter_tests.vcxproj -> C:\Users\sam_s\Documents\the Horde RT Demo\.worktrees\horde-1.7-wp2-vertical-proof\build\presets\windows-x64-debug\Debug\horde_rt_graphics_preview_frame_adapter_tests.exe
MSBuild version 17.14.40+3e7442088 for .NET Framework

  Building Custom Rule C:/Users/sam_s/Documents/the Horde RT Demo/.worktrees/horde-1.7-wp2-vertical-proof/CMakeLists.txt
  RtSceneAbiTests.cpp
  RtStaticMeshSlot.cpp
  RtTextureArrays.cpp
  Generating Code...
  horde_rt_scene_abi_tests.vcxproj -> C:\Users\sam_s\Documents\the Horde RT Demo\.worktrees\horde-1.7-wp2-vertical-proof\build\presets\windows-x64-debug\Debug\horde_rt_scene_abi_tests.exe
MSBuild version 17.14.40+3e7442088 for .NET Framework

  pocket_audio_native_pcm.vcxproj -> C:\Users\sam_s\Documents\the Horde RT Demo\.worktrees\horde-1.7-wp2-vertical-proof\build\presets\windows-x64-debug\pocket-audio-core-native\Debug\pocket_audio_native_pcm.lib
  horde_gameplay_simulation.vcxproj -> C:\Users\sam_s\Documents\the Horde RT Demo\.worktrees\horde-1.7-wp2-vertical-proof\build\presets\windows-x64-debug\Debug\horde_gameplay_simulation.lib
  horde_rt_probe_core.vcxproj -> C:\Users\sam_s\Documents\the Horde RT Demo\.worktrees\horde-1.7-wp2-vertical-proof\build\presets\windows-x64-debug\Debug\horde_rt_probe_core.lib
  Building Custom Rule C:/Users/sam_s/Documents/the Horde RT Demo/.worktrees/horde-1.7-wp2-vertical-proof/CMakeLists.txt
  RtSceneInitialisePreflightTests.cpp
  horde_rt_scene_initialise_preflight_tests.vcxproj -> C:\Users\sam_s\Documents\the Horde RT Demo\.worktrees\horde-1.7-wp2-vertical-proof\build\presets\windows-x64-debug\Debug\horde_rt_scene_initialise_preflight_tests.exe
MSBuild version 17.14.40+3e7442088 for .NET Framework

  pocket_audio_native_pcm.vcxproj -> C:\Users\sam_s\Documents\the Horde RT Demo\.worktrees\horde-1.7-wp2-vertical-proof\build\presets\windows-x64-debug\pocket-audio-core-native\Debug\pocket_audio_native_pcm.lib
  horde_gameplay_simulation.vcxproj -> C:\Users\sam_s\Documents\the Horde RT Demo\.worktrees\horde-1.7-wp2-vertical-proof\build\presets\windows-x64-debug\Debug\horde_gameplay_simulation.lib
  horde_rt_probe_core.vcxproj -> C:\Users\sam_s\Documents\the Horde RT Demo\.worktrees\horde-1.7-wp2-vertical-proof\build\presets\windows-x64-debug\Debug\horde_rt_probe_core.lib
  Building Custom Rule C:/Users/sam_s/Documents/the Horde RT Demo/.worktrees/horde-1.7-wp2-vertical-proof/CMakeLists.txt
  RtSceneResourceInventoryTests.cpp
  horde_rt_scene_resource_inventory_tests.vcxproj -> C:\Users\sam_s\Documents\the Horde RT Demo\.worktrees\horde-1.7-wp2-vertical-proof\build\presets\windows-x64-debug\Debug\horde_rt_scene_resource_inventory_tests.exe
MSBuild version 17.14.40+3e7442088 for .NET Framework

  Building Custom Rule C:/Users/sam_s/Documents/the Horde RT Demo/.worktrees/horde-1.7-wp2-vertical-proof/CMakeLists.txt
  RtFrameEvidenceCoordinatorTests.cpp
  RtFrameEvidenceCoordinator.cpp
  GpuFrameTimer.cpp
  RtPerformanceEvidence.cpp
  Generating Code...
  horde_rt_frame_evidence_coordinator_tests.vcxproj -> C:\Users\sam_s\Documents\the Horde RT Demo\.worktrees\horde-1.7-wp2-vertical-proof\build\presets\windows-x64-debug\Debug\horde_rt_frame_evidence_coordinator_tests.exe
MSBuild version 17.14.40+3e7442088 for .NET Framework

  Building Custom Rule C:/Users/sam_s/Documents/the Horde RT Demo/.worktrees/horde-1.7-wp2-vertical-proof/CMakeLists.txt
  RtPresentationTransformTests.cpp
  horde_rt_presentation_transform_tests.vcxproj -> C:\Users\sam_s\Documents\the Horde RT Demo\.worktrees\horde-1.7-wp2-vertical-proof\build\presets\windows-x64-debug\Debug\horde_rt_presentation_transform_tests.exe
MSBuild version 17.14.40+3e7442088 for .NET Framework

  pocket_audio_native_pcm.vcxproj -> C:\Users\sam_s\Documents\the Horde RT Demo\.worktrees\horde-1.7-wp2-vertical-proof\build\presets\windows-x64-debug\pocket-audio-core-native\Debug\pocket_audio_native_pcm.lib
  horde_gameplay_simulation.vcxproj -> C:\Users\sam_s\Documents\the Horde RT Demo\.worktrees\horde-1.7-wp2-vertical-proof\build\presets\windows-x64-debug\Debug\horde_gameplay_simulation.lib
  Building Custom Rule C:/Users/sam_s/Documents/the Horde RT Demo/.worktrees/horde-1.7-wp2-vertical-proof/CMakeLists.txt
  WaterfallProductionRouteTests.cpp
  horde_rt_waterfall_production_route_tests.vcxproj -> C:\Users\sam_s\Documents\the Horde RT Demo\.worktrees\horde-1.7-wp2-vertical-proof\build\presets\windows-x64-debug\Debug\horde_rt_waterfall_production_route_tests.exe
MSBuild version 17.14.40+3e7442088 for .NET Framework

  pocket_audio_native_pcm.vcxproj -> C:\Users\sam_s\Documents\the Horde RT Demo\.worktrees\horde-1.7-wp2-vertical-proof\build\presets\windows-x64-debug\pocket-audio-core-native\Debug\pocket_audio_native_pcm.lib
  horde_gameplay_simulation.vcxproj -> C:\Users\sam_s\Documents\the Horde RT Demo\.worktrees\horde-1.7-wp2-vertical-proof\build\presets\windows-x64-debug\Debug\horde_gameplay_simulation.lib
  Building Custom Rule C:/Users/sam_s/Documents/the Horde RT Demo/.worktrees/horde-1.7-wp2-vertical-proof/CMakeLists.txt
  horde_windows_music.vcxproj -> C:\Users\sam_s\Documents\the Horde RT Demo\.worktrees\horde-1.7-wp2-vertical-proof\build\presets\windows-x64-debug\Debug\horde_windows_music.lib
  horde_rt_probe_core.vcxproj -> C:\Users\sam_s\Documents\the Horde RT Demo\.worktrees\horde-1.7-wp2-vertical-proof\build\presets\windows-x64-debug\Debug\horde_rt_probe_core.lib
  Building Custom Rule C:/Users/sam_s/Documents/the Horde RT Demo/.worktrees/horde-1.7-wp2-vertical-proof/CMakeLists.txt
  DiagnosticWindow.cpp
  horde_rt_diagnostic_window.vcxproj -> C:\Users\sam_s\Documents\the Horde RT Demo\.worktrees\horde-1.7-wp2-vertical-proof\build\presets\windows-x64-debug\Debug\HordeLanternRT.exe
MSBuild version 17.14.40+3e7442088 for .NET Framework

  pocket_audio_native_pcm.vcxproj -> C:\Users\sam_s\Documents\the Horde RT Demo\.worktrees\horde-1.7-wp2-vertical-proof\build\presets\windows-x64-debug\pocket-audio-core-native\Debug\pocket_audio_native_pcm.lib
  horde_gameplay_simulation.vcxproj -> C:\Users\sam_s\Documents\the Horde RT Demo\.worktrees\horde-1.7-wp2-vertical-proof\build\presets\windows-x64-debug\Debug\horde_gameplay_simulation.lib
  horde_rt_probe_core.vcxproj -> C:\Users\sam_s\Documents\the Horde RT Demo\.worktrees\horde-1.7-wp2-vertical-proof\build\presets\windows-x64-debug\Debug\horde_rt_probe_core.lib
  Building Custom Rule C:/Users/sam_s/Documents/the Horde RT Demo/.worktrees/horde-1.7-wp2-vertical-proof/CMakeLists.txt
  horde_rt_final_held_torch_clearance_tests.vcxproj -> C:\Users\sam_s\Documents\the Horde RT Demo\.worktrees\horde-1.7-wp2-vertical-proof\build\presets\windows-x64-debug\Debug\horde_rt_final_held_torch_clearance_tests.exe
