UpdateCTestConfiguration  from :C:/Users/sam_s/Documents/the Horde RT Demo/.worktrees/horde-1.7-wp2-vertical-proof/DartConfiguration.tcl
UpdateCTestConfiguration  from :C:/Users/sam_s/Documents/the Horde RT Demo/.worktrees/horde-1.7-wp2-vertical-proof/build/presets/windows-x64-debug/DartConfiguration.tcl
Parse Config file:C:/Users/sam_s/Documents/the Horde RT Demo/.worktrees/horde-1.7-wp2-vertical-proof/build/presets/windows-x64-debug/DartConfiguration.tcl
Test project C:/Users/sam_s/Documents/the Horde RT Demo/.worktrees/horde-1.7-wp2-vertical-proof/build/presets/windows-x64-debug
Constructing a list of tests
Done constructing a list of tests
Updating test list for fixtures
Added 0 tests to meet fixture requirements
Checking test dependency graph...
Checking test dependency graph end
test 42
    Start  42: horde_rt_vertical_support_tests

42: Test command: "C:\Users\sam_s\Documents\the Horde RT Demo\.worktrees\horde-1.7-wp2-vertical-proof\build\presets\windows-x64-debug\Debug\horde_rt_vertical_support_tests.exe"
42: Working Directory: C:/Users/sam_s/Documents/the Horde RT Demo/.worktrees/horde-1.7-wp2-vertical-proof/build/presets/windows-x64-debug
42: Test timeout computed to be: 180
42: Vertical support proof cases=265 failures=0 fixed-walk directions=2
1/4 Test  #42: horde_rt_vertical_support_tests .................   Passed    4.35 sec
test 43
    Start  43: horde_rt_held_item_vertical_support_rig_tests

43: Test command: "C:\Users\sam_s\Documents\the Horde RT Demo\.worktrees\horde-1.7-wp2-vertical-proof\build\presets\windows-x64-debug\Debug\horde_rt_held_item_vertical_support_rig_tests.exe" "C:/Users/sam_s/Documents/the Horde RT Demo/.worktrees/horde-1.7-wp2-vertical-proof"
43: Working Directory: C:/Users/sam_s/Documents/the Horde RT Demo/.worktrees/horde-1.7-wp2-vertical-proof/build/presets/windows-x64-debug
43: Test timeout computed to be: 180
43: Actual cached player rig support transform passed: support delta=0.35 m; actual skinned body vertices, hand/item sockets, reward-lantern hinge/body/flame/light, and torch clearance translated with XZ preserved.
43: First fixture (0,0) torch retraction/headroom floor=0/0.0557224 m raised=0.197407/0.0347347 m
2/4 Test  #43: horde_rt_held_item_vertical_support_rig_tests ...   Passed    1.75 sec
test 125
    Start 125: horde_rt_spatial_audio_smoke

125: Test command: "C:\Users\sam_s\Documents\the Horde RT Demo\.worktrees\horde-1.7-wp2-vertical-proof\build\presets\windows-x64-debug\Debug\horde_rt_spatial_audio_smoke.exe"
125: Working Directory: C:/Users/sam_s/Documents/the Horde RT Demo/.worktrees/horde-1.7-wp2-vertical-proof
125: Test timeout computed to be: 180
125: Spatial audio smoke tests passed.
3/4 Test #125: horde_rt_spatial_audio_smoke ....................   Passed    1.33 sec
test 133
    Start 133: horde_rt_scene_resource_inventory_tests

133: Test command: "C:\Users\sam_s\Documents\the Horde RT Demo\.worktrees\horde-1.7-wp2-vertical-proof\build\presets\windows-x64-debug\Debug\horde_rt_scene_resource_inventory_tests.exe"
133: Working Directory: C:/Users/sam_s/Documents/the Horde RT Demo/.worktrees/horde-1.7-wp2-vertical-proof/build/presets/windows-x64-debug
133: Test timeout computed to be: 180
4/4 Test #133: horde_rt_scene_resource_inventory_tests .........   Passed    3.24 sec

The following tests passed:
	horde_rt_vertical_support_tests
	horde_rt_held_item_vertical_support_rig_tests
	horde_rt_spatial_audio_smoke
	horde_rt_scene_resource_inventory_tests

100% tests passed, 0 tests failed out of 4

Total Test time (real) =  10.69 sec
