Test project C:/Users/sam_s/Documents/the Horde RT Demo/.worktrees/horde-1.7-wp2-vertical-proof/build/presets/windows-x64-debug
    Start 78: horde_rt_raygen_variant_manifest_tests
1/3 Test #78: horde_rt_raygen_variant_manifest_tests ...   Passed   53.90 sec
    Start 79: horde_rt_raygen_variant_artifact_tests
2/3 Test #79: horde_rt_raygen_variant_artifact_tests ...***Failed   46.89 sec
C:\Users\sam_s\AppData\Local\Temp\horde-raygen-freeze-dd92a52ab4734d388aa9968e169331b8\diagnostic_high_generic_dielectric\minimal.rgen.resolved
Raygen variant diagnostic_high_generic_dielectric: 295960 bytes; functions=83; calls=264; ray-query sites=2; dependency SHA-256=48417a6160c6b049f93f9a69f4630ec04790d22c6ad472a9ad77823a684272b8
C:\Users\sam_s\AppData\Local\Temp\horde-raygen-freeze-dd92a52ab4734d388aa9968e169331b8\diagnostic_high_opaque_fast\minimal.rgen.resolved
Raygen variant diagnostic_high_opaque_fast: 595520 bytes; functions=1; calls=0; ray-query sites=29; dependency SHA-256=f48687e370d8f4c34b0cbcfd0ff0fdc7484d9a3c605e3bce7ea4d6f43e04258e
C:\Users\sam_s\AppData\Local\Temp\horde-raygen-freeze-dd92a52ab4734d388aa9968e169331b8\diagnostic_mobile_generic_dielectric\minimal.rgen.resolved
Raygen variant diagnostic_mobile_generic_dielectric: 294460 bytes; functions=83; calls=261; ray-query sites=2; dependency SHA-256=d9eddf452a49888ecb3e6b4f72c89d737b6a61691b0e151f0320b18b5407c390
C:\Users\sam_s\AppData\Local\Temp\horde-raygen-freeze-dd92a52ab4734d388aa9968e169331b8\diagnostic_mobile_opaque_fast\minimal.rgen.resolved
Raygen variant diagnostic_mobile_opaque_fast: 592420 bytes; functions=1; calls=0; ray-query sites=27; dependency SHA-256=e8f9143905742dceda9feda2493161e69d56d4a3ecf30ed4296f9b16fef0f9ca
C:\Users\sam_s\AppData\Local\Temp\horde-raygen-freeze-dd92a52ab4734d388aa9968e169331b8\shipping_high_generic_dielectric\minimal.rgen.resolved
Raygen variant shipping_high_generic_dielectric: 287132 bytes; functions=83; calls=264; ray-query sites=2; dependency SHA-256=8c608eaf2e12a13ff100ed2d0acd82eb201afea395a651f3c2c1e876678cf6a0
C:\Users\sam_s\AppData\Local\Temp\horde-raygen-freeze-dd92a52ab4734d388aa9968e169331b8\shipping_high_opaque_fast\minimal.rgen.resolved
Raygen variant shipping_high_opaque_fast: 591284 bytes; functions=1; calls=0; ray-query sites=29; dependency SHA-256=12168a8c2897ccc8795a53a2ca848a8ea7ebd4169695846e2700b56908baade6
C:\Users\sam_s\AppData\Local\Temp\horde-raygen-freeze-dd92a52ab4734d388aa9968e169331b8\shipping_mobile_generic_dielectric\minimal.rgen.resolved
Raygen variant shipping_mobile_generic_dielectric: 285632 bytes; functions=83; calls=261; ray-query sites=2; dependency SHA-256=f95f347812f32154079cb48b1a412a9c346df59c26d02d8ffaaeda5f6222db4f
C:\Users\sam_s\AppData\Local\Temp\horde-raygen-freeze-dd92a52ab4734d388aa9968e169331b8\shipping_mobile_opaque_fast\minimal.rgen.resolved
Raygen variant shipping_mobile_opaque_fast: 588184 bytes; functions=1; calls=0; ray-query sites=27; dependency SHA-256=9f47b79fc53f8ccec50d32857d96cd2b663dee14332619322b4bfebd14f1eb30
Exception: C:\Users\sam_s\Documents\the Horde RT Demo\.worktrees\horde-1.7-wp2-vertical-proof\tools\compile-raygen.ps1:321
Line |
 321 |  … .$metric) { throw "Raygen variant exceeds frozen budget: $($variant.k …
     |                ~~~~~~~~~~~~~~~~~~~~~~~~~~~~~~~~~~~~~~~~~~~~~~~~~~~~~~~~~
     | Raygen variant exceeds frozen budget: diagnostic_high_generic_dielectric/bytes

    Start 80: horde_rt_rayquery_compute_shader_tests
3/3 Test #80: horde_rt_rayquery_compute_shader_tests ...***Failed   35.93 sec
RayQuery compute variant rayquery_compute_diagnostic_high_generic_dielectric: bytes=296208; functions=83; calls=264; ray-query sites=2; atomics=41; SPIR-V SHA-256=5f51a1b5175b29db3b5fb34eaa784fe3322607059b190fa770cd7835e3cef760
RayQuery compute variant rayquery_compute_diagnostic_high_opaque_fast: bytes=596724; functions=1; calls=0; ray-query sites=29; atomics=5; SPIR-V SHA-256=6728cadff8b1dc2bc7d18d370b1bf6ccff1533908efd587a77e3848b7b940f95
RayQuery compute variant rayquery_compute_diagnostic_mobile_generic_dielectric: bytes=294708; functions=83; calls=261; ray-query sites=2; atomics=41; SPIR-V SHA-256=c26dd2ce36c68f02ef22df49e3f08a7612f80a0a84d8cd696a474af667f85451
RayQuery compute variant rayquery_compute_diagnostic_mobile_opaque_fast: bytes=593624; functions=1; calls=0; ray-query sites=27; atomics=5; SPIR-V SHA-256=a48b9bb85102c62a1695d62b98ed4cdd4075d2343b1366e79e9e42e7f26aa945
RayQuery compute variant rayquery_compute_shipping_high_generic_dielectric: bytes=287380; functions=83; calls=264; ray-query sites=2; atomics=0; SPIR-V SHA-256=cf819ead8266e755bc3c783380f983a7a0d3e0e338834234cb643f78a65ef1bb
RayQuery compute variant rayquery_compute_shipping_high_opaque_fast: bytes=592488; functions=1; calls=0; ray-query sites=29; atomics=0; SPIR-V SHA-256=f21fb2fe7acf6991d43ba697cc40ca05460e844b0be5c6e5d1e0bd5dcc193ee5
RayQuery compute variant rayquery_compute_shipping_mobile_generic_dielectric: bytes=285880; functions=83; calls=261; ray-query sites=2; atomics=0; SPIR-V SHA-256=72b03e6bce4b3800a686a106290647af078a119c5da38c7d4cce870477df86d0
RayQuery compute variant rayquery_compute_shipping_mobile_opaque_fast: bytes=589388; functions=1; calls=0; ray-query sites=27; atomics=0; SPIR-V SHA-256=d05eec30c1fbdc256a34856c1a87f8f5789137ea79d04027bcaa059259565e64
Exception: C:\Users\sam_s\Documents\the Horde RT Demo\.worktrees\horde-1.7-wp2-vertical-proof\tools\GenerateRayQueryComputeVariants.ps1:46
Line |
  46 |      if (-not $Value) { throw $Message }
     |                         ~~~~~~~~~~~~~~
     | Frozen RayQuery compute catalog is stale or malformed: C:\Users\sam_s\Documents\the Horde RT
     | Demo\.worktrees\horde-1.7-wp2-vertical-proof\tools\rayquery-variant-catalog.json


33% tests passed, 2 tests failed out of 3

Total Test time (real) = 136.75 sec

The following tests FAILED:
	 79 - horde_rt_raygen_variant_artifact_tests (Failed)
	 80 - horde_rt_rayquery_compute_shader_tests (Failed)
Errors while running CTest
