MSBuild version 17.14.40+3e7442088 for .NET Framework

  1>Checking Build System
  Building Custom Rule C:/Users/sam_s/Documents/the Horde RT Demo/.worktrees/horde-1.6.1-engineering-pass/third_party/pocket-audio-core/native/CMakeLists.txt
  PcmLoopStream.cpp
  PcmWave.cpp
  Generating Code...
  pocket_audio_native_pcm.vcxproj -> C:\Dev\tmp\horde-staged-rt-20261001\build-shipping-profiled\pocket-audio-core-native\Debug\pocket_audio_native_pcm.lib
  Building Custom Rule C:/Users/sam_s/Documents/the Horde RT Demo/.worktrees/horde-1.6.1-engineering-pass/CMakeLists.txt
  MusicDirector.cpp
  MusicPcmStream.cpp
  MusicPcmWave.cpp
  MusicPcmAssetBank.cpp
  MusicPlaybackSession.cpp
  PlaytestReport.cpp
  GameSimulation.cpp
  PlayerAnimationState.cpp
  PlayerIkTargets.cpp
  FireEmitterState.cpp
  InteractionState.cpp
  ChestRewardSequence.cpp
  FinaleSequence.cpp
  LanternPendulum.cpp
  HeldItemState.cpp
  HeldItemKinematics.cpp
  HeldLightState.cpp
  Generating Code...
  horde_gameplay_simulation.vcxproj -> C:\Dev\tmp\horde-staged-rt-20261001\build-shipping-profiled\Debug\horde_gameplay_simulation.lib
  Building Custom Rule C:/Users/sam_s/Documents/the Horde RT Demo/.worktrees/horde-1.6.1-engineering-pass/CMakeLists.txt
  Building Custom Rule C:/Users/sam_s/Documents/the Horde RT Demo/.worktrees/horde-1.6.1-engineering-pass/CMakeLists.txt
  WindowsMusicPlayback.cpp
  RtPerformanceEvidence.cpp
  RtEvidencePublication.cpp
  RtBenchmarkEvidenceRun.cpp
  horde_windows_music.vcxproj -> C:\Dev\tmp\horde-staged-rt-20261001\build-shipping-profiled\Debug\horde_windows_music.lib
  RtBenchmarkEvidenceReport.cpp
  ShowcaseBenchmark.cpp
  AssetManifest.cpp
  AssetValidation.cpp
  GitHubReleaseUpdater.cpp
  DeviceCapabilities.cpp
  RtCapabilityReport.cpp
  GpuFrameTimer.cpp
  VulkanContext.cpp
  RayTracingRequirements.cpp
  RtGpuResources.cpp
  HeldItemRenderSlot.cpp
  FireEmitterBuffer.cpp
  RtStaticMeshSlot.cpp
  RtTextureArrays.cpp
  CharacterRenderSlot.cpp
  PlayerRenderSlot.cpp
  Generating Code...
  Compiling...
  RtPipelineVariants.cpp
  RtPipelineVariantProvider.cpp
  RtPipelineBundleContracts.cpp
  RtPipelineBundle.cpp
  RtFrameEvidenceCoordinator.cpp
  PresentableTinyRtScene.cpp
  SimulationFrameAdapter.cpp
  SkinnedMeshAsset.cpp
  StagedPrimaryPass.cpp
  StagedPrimaryTiming.cpp
  Generating Code...
  GltfDocument.cpp
  StaticMeshAsset.cpp
  Generating Code...
  horde_rt_probe_core.vcxproj -> C:\Dev\tmp\horde-staged-rt-20261001\build-shipping-profiled\Debug\horde_rt_probe_core.lib
  Building Custom Rule C:/Users/sam_s/Documents/the Horde RT Demo/.worktrees/horde-1.6.1-engineering-pass/CMakeLists.txt
  DiagnosticWindowMain.cpp
  DiagnosticWindow.cpp
  WindowsGitHubReleaseUpdate.cpp
  DiagnosticOverlay.cpp
  Generating Code...
  horde_rt_diagnostic_window.vcxproj -> C:\Dev\tmp\horde-staged-rt-20261001\build-shipping-profiled\Debug\HordeLanternRT.exe
