MSBuild version 17.14.40+3e7442088 for .NET Framework

  pocket_audio_native_pcm.vcxproj -> C:\Dev\tmp\horde-staged-rt-20261001\build-shipping-profiled\pocket-audio-core-native\Release\pocket_audio_native_pcm.lib
  horde_gameplay_simulation.vcxproj -> C:\Dev\tmp\horde-staged-rt-20261001\build-shipping-profiled\Release\horde_gameplay_simulation.lib
  horde_windows_music.vcxproj -> C:\Dev\tmp\horde-staged-rt-20261001\build-shipping-profiled\Release\horde_windows_music.lib
  StagedPrimaryPass.cpp
  StagedPrimaryTiming.cpp
  Generating Code...
  horde_rt_probe_core.vcxproj -> C:\Dev\tmp\horde-staged-rt-20261001\build-shipping-profiled\Release\horde_rt_probe_core.lib
  DiagnosticWindow.cpp
  horde_rt_diagnostic_window.vcxproj -> C:\Dev\tmp\horde-staged-rt-20261001\build-shipping-profiled\Release\HordeLanternRT.exe
MSBuild version 17.14.40+3e7442088 for .NET Framework

  StagedPrimaryTiming.cpp
  StagedPrimaryTimingTests.cpp
  Generating Code...
  horde_rt_staged_primary_timing_tests.vcxproj -> C:\Dev\tmp\horde-staged-rt-20261001\build-shipping-profiled\Release\horde_rt_staged_primary_timing_tests.exe
MSBuild version 17.14.40+3e7442088 for .NET Framework

  StagedPrimaryPass.cpp
  horde_rt_staged_primary_resource_tests.vcxproj -> C:\Dev\tmp\horde-staged-rt-20261001\build-shipping-profiled\Release\horde_rt_staged_primary_resource_tests.exe
MSBuild version 17.14.40+3e7442088 for .NET Framework

  horde_rt_staged_primary_contract_tests.vcxproj -> C:\Dev\tmp\horde-staged-rt-20261001\build-shipping-profiled\Release\horde_rt_staged_primary_contract_tests.exe
MSBuild version 17.14.40+3e7442088 for .NET Framework

  Building Custom Rule C:/Users/sam_s/Documents/the Horde RT Demo/.worktrees/horde-1.6.1-engineering-pass/CMakeLists.txt
  GpuFrameTimerCollectionTests.cpp
  GpuFrameTimer.cpp
  Generating Code...
  horde_rt_gpu_frame_timer_collection_tests.vcxproj -> C:\Dev\tmp\horde-staged-rt-20261001\build-shipping-profiled\Release\horde_rt_gpu_frame_timer_collection_tests.exe
MSBuild version 17.14.40+3e7442088 for .NET Framework

  pocket_audio_native_pcm.vcxproj -> C:\Dev\tmp\horde-staged-rt-20261001\build-shipping-profiled\pocket-audio-core-native\Release\pocket_audio_native_pcm.lib
  horde_gameplay_simulation.vcxproj -> C:\Dev\tmp\horde-staged-rt-20261001\build-shipping-profiled\Release\horde_gameplay_simulation.lib
  horde_rt_probe_core.vcxproj -> C:\Dev\tmp\horde-staged-rt-20261001\build-shipping-profiled\Release\horde_rt_probe_core.lib
  Building Custom Rule C:/Users/sam_s/Documents/the Horde RT Demo/.worktrees/horde-1.6.1-engineering-pass/CMakeLists.txt
  RtSceneInitialisePreflightTests.cpp
  horde_rt_scene_initialise_preflight_tests.vcxproj -> C:\Dev\tmp\horde-staged-rt-20261001\build-shipping-profiled\Release\horde_rt_scene_initialise_preflight_tests.exe
MSBuild version 17.14.40+3e7442088 for .NET Framework

  pocket_audio_native_pcm.vcxproj -> C:\Dev\tmp\horde-staged-rt-20261001\build-shipping-profiled\pocket-audio-core-native\Release\pocket_audio_native_pcm.lib
  horde_gameplay_simulation.vcxproj -> C:\Dev\tmp\horde-staged-rt-20261001\build-shipping-profiled\Release\horde_gameplay_simulation.lib
  horde_rt_probe_core.vcxproj -> C:\Dev\tmp\horde-staged-rt-20261001\build-shipping-profiled\Release\horde_rt_probe_core.lib
  Building Custom Rule C:/Users/sam_s/Documents/the Horde RT Demo/.worktrees/horde-1.6.1-engineering-pass/CMakeLists.txt
  RtSceneResourceInventoryTests.cpp
  horde_rt_scene_resource_inventory_tests.vcxproj -> C:\Dev\tmp\horde-staged-rt-20261001\build-shipping-profiled\Release\horde_rt_scene_resource_inventory_tests.exe
