{
  "rows": [
    {
      "variant": "reference",
      "cue": "A",
      "sfx": "skeleton_attack.wav",
      "musicGain": 0.7,
      "sfxGain": 0.85,
      "attenuation": 1,
      "stereoModel": "mono duplicated to both channels; conservative near-field probe, not runtime pan",
      "sfxToMusicRmsDb": 3.560823668646653,
      "mixedPeak": 0.852974028748436,
      "musicRms": 0.02409246303499618,
      "sfxRms": 0.03630131728144306,
      "musicSha256": "8e5be0c046d95a3058037c311ea6a1b7a330f82536788fd33954980d31dfcc02",
      "sfxSha256": "81eabe7c1bb196f1df5876419a85348128df2d864f79857c18849091218df11e"
    },
    {
      "variant": "reference",
      "cue": "E",
      "sfx": "lich_charge.wav",
      "musicGain": 0.7,
      "sfxGain": 0.42,
      "attenuation": 1,
      "stereoModel": "mono duplicated to both channels; conservative near-field probe, not runtime pan",
      "sfxToMusicRmsDb": 1.4838432155558234,
      "mixedPeak": 0.43697500534073913,
      "musicRms": 0.046492098119042,
      "sfxRms": 0.05515327506713692,
      "musicSha256": "070278efd96e8259733801bc30fe87e232cb26b4aeb3075cb927c9c89c8afb32",
      "sfxSha256": "37d8fc97f20a64737970459d3cbcb6f6d1894e730dc0b7f6021c535492f4cf30"
    },
    {
      "variant": "reference",
      "cue": "E",
      "sfx": "sword_swing_1.wav",
      "musicGain": 0.7,
      "sfxGain": 1,
      "attenuation": 1,
      "stereoModel": "mono duplicated to both channels; conservative near-field probe, not runtime pan",
      "sfxToMusicRmsDb": -1.1129252002232801,
      "mixedPeak": 0.3401684621723075,
      "musicRms": 0.051254350696194974,
      "sfxRms": 0.04509044029846652,
      "musicSha256": "070278efd96e8259733801bc30fe87e232cb26b4aeb3075cb927c9c89c8afb32",
      "sfxSha256": "1007af0e6b21cbfea341032e55c7944b4fdd097f55979679840c77745f3db267"
    },
    {
      "variant": "whistle",
      "cue": "A",
      "sfx": "skeleton_attack.wav",
      "musicGain": 0.7,
      "sfxGain": 0.85,
      "attenuation": 1,
      "stereoModel": "mono duplicated to both channels; conservative near-field probe, not runtime pan",
      "sfxToMusicRmsDb": 8.962798785713407,
      "mixedPeak": 0.8558366649372845,
      "musicRms": 0.012935476921529765,
      "sfxRms": 0.03630131728144306,
      "musicSha256": "a58cacd493bd4604cf1d51096cf03092e35c993a079c10af7fcec3debc093277",
      "sfxSha256": "81eabe7c1bb196f1df5876419a85348128df2d864f79857c18849091218df11e"
    },
    {
      "variant": "whistle",
      "cue": "E",
      "sfx": "lich_charge.wav",
      "musicGain": 0.7,
      "sfxGain": 0.42,
      "attenuation": 1,
      "stereoModel": "mono duplicated to both channels; conservative near-field probe, not runtime pan",
      "sfxToMusicRmsDb": 2.40802307477382,
      "mixedPeak": 0.4687203588976714,
      "musicRms": 0.041799410095162755,
      "sfxRms": 0.05515327506713692,
      "musicSha256": "ddeb175cb27a3bf1e3ee1e0677a2bf6fb8c2fe8c6fd62a68e32c19bc06378f03",
      "sfxSha256": "37d8fc97f20a64737970459d3cbcb6f6d1894e730dc0b7f6021c535492f4cf30"
    },
    {
      "variant": "whistle",
      "cue": "E",
      "sfx": "sword_swing_1.wav",
      "musicGain": 0.7,
      "sfxGain": 1,
      "attenuation": 1,
      "stereoModel": "mono duplicated to both channels; conservative near-field probe, not runtime pan",
      "sfxToMusicRmsDb": -0.6867158961498934,
      "mixedPeak": 0.3490920743430891,
      "musicRms": 0.04880005044393511,
      "sfxRms": 0.04509044029846652,
      "musicSha256": "ddeb175cb27a3bf1e3ee1e0677a2bf6fb8c2fe8c6fd62a68e32c19bc06378f03",
      "sfxSha256": "1007af0e6b21cbfea341032e55c7944b4fdd097f55979679840c77745f3db267"
    },
    {
      "variant": "reed",
      "cue": "A",
      "sfx": "skeleton_attack.wav",
      "musicGain": 0.7,
      "sfxGain": 0.85,
      "attenuation": 1,
      "stereoModel": "mono duplicated to both channels; conservative near-field probe, not runtime pan",
      "sfxToMusicRmsDb": 9.3387313987622,
      "mixedPeak": 0.8561571092867825,
      "musicRms": 0.0123875612487578,
      "sfxRms": 0.03630131728144306,
      "musicSha256": "b11791a5c1052910b537e7d95331623500ad208f37c478e455c5c555f0af05fa",
      "sfxSha256": "81eabe7c1bb196f1df5876419a85348128df2d864f79857c18849091218df11e"
    },
    {
      "variant": "reed",
      "cue": "E",
      "sfx": "lich_charge.wav",
      "musicGain": 0.7,
      "sfxGain": 0.42,
      "attenuation": 1,
      "stereoModel": "mono duplicated to both channels; conservative near-field probe, not runtime pan",
      "sfxToMusicRmsDb": 2.427316348151141,
      "mixedPeak": 0.46957487716299934,
      "musicRms": 0.04170666744085241,
      "sfxRms": 0.05515327506713692,
      "musicSha256": "f3d22139c9231ca3e958b3a486c19013e8754f907dac5aa4c2eb915d8092e678",
      "sfxSha256": "37d8fc97f20a64737970459d3cbcb6f6d1894e730dc0b7f6021c535492f4cf30"
    },
    {
      "variant": "reed",
      "cue": "E",
      "sfx": "sword_swing_1.wav",
      "musicGain": 0.7,
      "sfxGain": 1,
      "attenuation": 1,
      "stereoModel": "mono duplicated to both channels; conservative near-field probe, not runtime pan",
      "sfxToMusicRmsDb": -0.7377637391904466,
      "mixedPeak": 0.3403759880367443,
      "musicRms": 0.04908769766409571,
      "sfxRms": 0.04509044029846652,
      "musicSha256": "f3d22139c9231ca3e958b3a486c19013e8754f907dac5aa4c2eb915d8092e678",
      "sfxSha256": "1007af0e6b21cbfea341032e55c7944b4fdd097f55979679840c77745f3db267"
    },
    {
      "variant": "owner-combo",
      "cue": "A",
      "sfx": "skeleton_attack.wav",
      "musicGain": 0.7,
      "sfxGain": 0.85,
      "attenuation": 1,
      "stereoModel": "mono duplicated to both channels; conservative near-field probe, not runtime pan",
      "sfxToMusicRmsDb": 8.018341130274777,
      "mixedPeak": 0.8617114780114139,
      "musicRms": 0.014421330445452924,
      "sfxRms": 0.03630131728144306,
      "musicSha256": "a68ff774581481161993a9b485931a702bb3daa1dc09d3d74e4c6e2bb8794ae1",
      "sfxSha256": "81eabe7c1bb196f1df5876419a85348128df2d864f79857c18849091218df11e"
    },
    {
      "variant": "owner-combo",
      "cue": "E",
      "sfx": "lich_charge.wav",
      "musicGain": 0.7,
      "sfxGain": 0.42,
      "attenuation": 1,
      "stereoModel": "mono duplicated to both channels; conservative near-field probe, not runtime pan",
      "sfxToMusicRmsDb": 2.291174952166871,
      "mixedPeak": 0.45806024353770564,
      "musicRms": 0.04236552170648539,
      "sfxRms": 0.05515327506713692,
      "musicSha256": "b69bf129779543aed417311b09222639c64c4157e9a41415db6a6cfabdd2e33f",
      "sfxSha256": "37d8fc97f20a64737970459d3cbcb6f6d1894e730dc0b7f6021c535492f4cf30"
    },
    {
      "variant": "owner-combo",
      "cue": "E",
      "sfx": "sword_swing_1.wav",
      "musicGain": 0.7,
      "sfxGain": 1,
      "attenuation": 1,
      "stereoModel": "mono duplicated to both channels; conservative near-field probe, not runtime pan",
      "sfxToMusicRmsDb": -0.7187176754841464,
      "mixedPeak": 0.33866695150608844,
      "musicRms": 0.0489801780927772,
      "sfxRms": 0.04509044029846652,
      "musicSha256": "b69bf129779543aed417311b09222639c64c4157e9a41415db6a6cfabdd2e33f",
      "sfxSha256": "1007af0e6b21cbfea341032e55c7944b4fdd097f55979679840c77745f3db267"
    }
  ],
  "listening": [
    {
      "variant": "owner-combo",
      "musicGain": 0.7,
      "events": [
        {
          "file": "lich_charge.wav",
          "time": 3,
          "gain": 0.42
        },
        {
          "file": "sword_swing_1.wav",
          "time": 7,
          "gain": 1
        }
      ],
      "peak": 0.5722190008239998,
      "clipping": false,
      "acceptance": "owner listening required; illustrative near-field mix, not installed-game acceptance",
      "path": "owner-combo-combat-context.wav",
      "sha256": "b8c31bbde797762549160bf0b80b950410f185a596dd265c0bff7a6d47ea981d"
    }
  ],
  "verdict": "No subjective intelligibility pass; owner must listen to warning/impact cues in the game."
}
