mobile/baseline/lantern-glass-production: transport=0 shadow=0 recovery=20 interfaceBudget=0
mobile/baseline/player-viewmodel-lantern-high-look-up: transport=0 shadow=0 recovery=109 interfaceBudget=0
mobile/baseline/player-viewmodel-lantern-low-parry: transport=0 shadow=0 recovery=0 interfaceBudget=0
mobile/baseline/glass-edge-fresnel: transport=0 shadow=0 recovery=1806 interfaceBudget=0
mobile/candidate/lantern-glass-production: transport=0 shadow=0 recovery=20 interfaceBudget=0
mobile/candidate/player-viewmodel-lantern-high-look-up: transport=0 shadow=0 recovery=109 interfaceBudget=0
mobile/candidate/player-viewmodel-lantern-low-parry: transport=0 shadow=0 recovery=0 interfaceBudget=0
mobile/candidate/glass-edge-fresnel: transport=0 shadow=0 recovery=1878 interfaceBudget=0
mobile/compute/lantern-glass-production: transport=0 shadow=0 recovery=20 interfaceBudget=0
mobile/compute/player-viewmodel-lantern-high-look-up: transport=0 shadow=0 recovery=109 interfaceBudget=0
mobile/compute/player-viewmodel-lantern-low-parry: transport=0 shadow=0 recovery=0 interfaceBudget=0
mobile/compute/glass-edge-fresnel: transport=0 shadow=0 recovery=1886 interfaceBudget=0
high/baseline/lantern-glass-production: transport=0 shadow=0 recovery=0 interfaceBudget=0
high/baseline/player-viewmodel-lantern-high-look-up: transport=0 shadow=0 recovery=0 interfaceBudget=0
high/baseline/player-viewmodel-lantern-low-parry: transport=0 shadow=0 recovery=0 interfaceBudget=0
high/baseline/glass-edge-fresnel: transport=0 shadow=0 recovery=1828 interfaceBudget=0
high/candidate/lantern-glass-production: transport=0 shadow=0 recovery=0 interfaceBudget=0
high/candidate/player-viewmodel-lantern-high-look-up: transport=0 shadow=0 recovery=0 interfaceBudget=0
high/candidate/player-viewmodel-lantern-low-parry: transport=0 shadow=0 recovery=0 interfaceBudget=0
high/candidate/glass-edge-fresnel: transport=0 shadow=0 recovery=1893 interfaceBudget=0
high/compute/lantern-glass-production: transport=0 shadow=0 recovery=0 interfaceBudget=0
high/compute/player-viewmodel-lantern-high-look-up: transport=0 shadow=0 recovery=0 interfaceBudget=0
high/compute/player-viewmodel-lantern-low-parry: transport=0 shadow=0 recovery=0 interfaceBudget=0
high/compute/glass-edge-fresnel: transport=0 shadow=0 recovery=1894 interfaceBudget=0
