=== Horde RT Diagnostic Window ===
Probe initialisation: OK

Backend: Vulkan
RT mode: RayTracingPipeline
Execution backend: Unsupported
GPU name: NVIDIA GeForce RTX 5050 Laptop GPU
Vendor ID: 4318
Device ID: 11672
Driver version: 610.188.0
Vulkan API version: 1.4.341
VK_KHR_acceleration_structure: yes
VK_KHR_ray_tracing_pipeline: yes
VK_KHR_ray_query: yes
VK_KHR_buffer_device_address: yes
VK_KHR_deferred_host_operations: yes
Internal render resolution: N/A
FPS / frame time: N/A
GPU RT command-buffer time: N/A (Not initialised)
RT scene status: Not attempted
RT scene geometry: Complete Horde showcase route with sequential animated skeleton and staff-lit lich
RT scene dispatch resolution: N/A
RT scene presented: no
RT EVIDENCE PUBLICATION version=1
Observer: unavailable
Lifecycle: N/A
Diagnostic status: unavailable
GPU status: unavailable
Completed frame: N/A (observer-unavailable)
Diagnostics:
- Inspecting candidate 1
- Driver version packed: 2559295488
- Driver version: 610.188.0
- Vulkan API version: 1.4.341
- RT capability mode: RayTracingPipeline
- Internal render resolution: not measured yet.
- FPS / frame time: not measured yet.


Stored report (text): "C:\\Dev\\tmp\\horde-seam-reconciled-native-20260927-a\\stage\\reports\\vulkan_capability_report.txt"
Stored report (json): "C:\\Dev\\tmp\\horde-seam-reconciled-native-20260927-a\\stage\\reports\\vulkan_capability_report.json"
PBR material encoding: RGBA8 raw fallback + raw RGBA8 KTX2 lich
RT render scale 100%: 540x960 -> 540x960
Development static RT asset: vertexBytes=5798464, indexBytes=825492, materialBytes=1904, instanceMetadataBytes=672, primitiveMetadataBytes=304, descriptors=9, textureBytes=173364524, blasBytes=1032704, blasBuildMs=1.578, swordBlasBytes=717696, swordBlasBuildMs=0.8262, torchBlasBytes=315008, torchBlasBuildMs=0.7518, productionPropBlasBytes=648064, productionPropBlasBuildMs=2.9627
Captured player-viewmodel-lantern-low-parry -> "C:\\Dev\\tmp\\horde-seam-reconciled-native-20260927-a\\player-viewmodel-lantern-low-parry\\144-player-viewmodel-lantern-low-parry.png"
Captured all 1 showcase checkpoints to "C:\\Dev\\tmp\\horde-seam-reconciled-native-20260927-a\\player-viewmodel-lantern-low-parry"
