Extensions: writing cache failed ([Errno 30] Read-only file system: '/home/agent/.config/blender').
18:00:54 | INFO: Data are loaded, start creating Blender stuff
18:00:54 | INFO: Blender create Mesh node Cylinder.001
Blender 4.3.2
Error: Cannot read 'source/NormalTree_Bark.jpg': No such file or directory
18:00:54 | ERROR: Missing image file (index 1): source/NormalTree_Bark.jpg
Error: Cannot read 'source/NormalTree_Bark_Normal.png': No such file or directory
18:00:54 | ERROR: Missing image file (index 0): source/NormalTree_Bark_Normal.png
18:00:54 | INFO: glTF import finished in 0.01s
Info: Removed 334 vertices
ERROR Draco mesh compression is not available because library could not be found at /usr/bin/4.3/python/lib/python3.13/site-packages/libextern_draco.so
18:00:54 | INFO: Starting glTF 2.0 export
18:00:54 | INFO: Extracting primitive: Cylinder.001
18:00:54 | INFO: Primitives created: 1
18:00:54 | INFO: Finished glTF 2.0 export in 0.22353076934814453 s

18:00:54 | INFO: Starting glTF 2.0 export
18:00:54 | INFO: Extracting primitive: Cylinder.002
18:00:55 | INFO: Primitives created: 1
18:00:55 | INFO: Finished glTF 2.0 export in 0.1118004322052002 s

18:00:55 | INFO: Starting glTF 2.0 export
18:00:55 | INFO: Extracting primitive: Cylinder.003
18:00:55 | INFO: Primitives created: 1
18:00:55 | INFO: Finished glTF 2.0 export in 0.11460757255554199 s
Fra:1 Mem:27.46M (Peak 27.46M) | Time:00:00.00 | Mem:0.00M, Peak:0.00M | Scene, ViewLayer | Synchronizing object | Horde_Dead_Snag_01_LOD0
Fra:1 Mem:30.04M (Peak 30.04M) | Time:00:00.01 | Mem:0.00M, Peak:0.00M | Scene, ViewLayer | Initializing
Fra:1 Mem:30.04M (Peak 30.04M) | Time:00:00.01 | Mem:0.00M, Peak:0.00M | Scene, ViewLayer | Updating Images | Loading snag_bark_basecolor.png
Fra:1 Mem:30.04M (Peak 30.04M) | Time:00:00.01 | Mem:0.00M, Peak:0.00M | Scene, ViewLayer | Updating Images | Loading snag_bark_normal.png
Fra:1 Mem:30.04M (Peak 30.04M) | Time:00:00.01 | Mem:0.00M, Peak:0.00M | Scene, ViewLayer | Updating Images | Loading snag_bark_roughness.png
Fra:1 Mem:41.84M (Peak 54.04M) | Time:00:00.04 | Mem:12.00M, Peak:12.00M | Scene, ViewLayer | Waiting for render to start
Fra:1 Mem:41.84M (Peak 54.04M) | Time:00:00.04 | Mem:12.00M, Peak:12.00M | Scene, ViewLayer | Loading render kernels (may take a few minutes the first time)
Fra:1 Mem:41.84M (Peak 54.04M) | Time:00:00.04 | Mem:12.00M, Peak:12.00M | Scene, ViewLayer | Updating Scene
Fra:1 Mem:41.84M (Peak 54.04M) | Time:00:00.04 | Mem:12.00M, Peak:12.00M | Scene, ViewLayer | Updating Shaders
Fra:1 Mem:41.93M (Peak 54.04M) | Time:00:00.05 | Mem:12.00M, Peak:12.00M | Scene, ViewLayer | Updating Procedurals
Fra:1 Mem:41.93M (Peak 54.04M) | Time:00:00.05 | Mem:12.00M, Peak:12.00M | Scene, ViewLayer | Updating Background
Fra:1 Mem:41.93M (Peak 54.04M) | Time:00:00.05 | Mem:12.00M, Peak:12.00M | Scene, ViewLayer | Updating Camera
Fra:1 Mem:41.93M (Peak 54.04M) | Time:00:00.05 | Mem:12.00M, Peak:12.00M | Scene, ViewLayer | Updating Meshes Flags
Fra:1 Mem:41.93M (Peak 54.04M) | Time:00:00.05 | Mem:12.00M, Peak:12.00M | Scene, ViewLayer | Updating Objects
Fra:1 Mem:41.93M (Peak 54.04M) | Time:00:00.05 | Mem:12.00M, Peak:12.00M | Scene, ViewLayer | Updating Objects | Copying Transformations to device
Fra:1 Mem:41.93M (Peak 54.04M) | Time:00:00.05 | Mem:12.00M, Peak:12.00M | Scene, ViewLayer | Updating Objects | Applying Static Transformations
Fra:1 Mem:41.93M (Peak 54.04M) | Time:00:00.05 | Mem:12.00M, Peak:12.00M | Scene, ViewLayer | Updating Particle Systems
Fra:1 Mem:41.93M (Peak 54.04M) | Time:00:00.05 | Mem:12.00M, Peak:12.00M | Scene, ViewLayer | Updating Particle Systems | Copying Particles to device
Fra:1 Mem:41.93M (Peak 54.04M) | Time:00:00.05 | Mem:12.00M, Peak:12.00M | Scene, ViewLayer | Updating Meshes
Fra:1 Mem:42.00M (Peak 54.04M) | Time:00:00.05 | Mem:12.00M, Peak:12.00M | Scene, ViewLayer | Updating Mesh | Computing attributes
Fra:1 Mem:42.36M (Peak 54.04M) | Time:00:00.05 | Mem:12.00M, Peak:12.00M | Scene, ViewLayer | Updating Mesh | Copying Attributes to device
Fra:1 Mem:42.36M (Peak 54.04M) | Time:00:00.05 | Mem:12.36M, Peak:12.36M | Scene, ViewLayer | Updating Scene BVH | Building
Fra:1 Mem:42.36M (Peak 54.04M) | Time:00:00.05 | Mem:12.36M, Peak:12.36M | Scene, ViewLayer | Updating Scene BVH | Building BVH
Fra:1 Mem:42.36M (Peak 54.04M) | Time:00:00.05 | Mem:12.51M, Peak:12.51M | Scene, ViewLayer | Updating Scene BVH | Building BVH 0%
Fra:1 Mem:42.36M (Peak 54.04M) | Time:00:00.05 | Mem:12.66M, Peak:12.80M | Scene, ViewLayer | Updating Scene BVH | Copying BVH to device
Fra:1 Mem:42.36M (Peak 54.04M) | Time:00:00.05 | Mem:12.66M, Peak:12.80M | Scene, ViewLayer | Updating Mesh | Computing normals
Fra:1 Mem:42.53M (Peak 54.04M) | Time:00:00.05 | Mem:12.66M, Peak:12.80M | Scene, ViewLayer | Updating Mesh | Copying Mesh to device
Fra:1 Mem:42.53M (Peak 54.04M) | Time:00:00.05 | Mem:12.82M, Peak:12.82M | Scene, ViewLayer | Updating Objects Flags
Fra:1 Mem:42.53M (Peak 54.04M) | Time:00:00.05 | Mem:12.82M, Peak:12.82M | Scene, ViewLayer | Updating Primitive Offsets
Fra:1 Mem:42.53M (Peak 54.04M) | Time:00:00.05 | Mem:12.82M, Peak:12.82M | Scene, ViewLayer | Updating Images
Fra:1 Mem:42.53M (Peak 54.04M) | Time:00:00.05 | Mem:12.82M, Peak:12.82M | Scene, ViewLayer | Updating Camera Volume
Fra:1 Mem:42.53M (Peak 54.04M) | Time:00:00.05 | Mem:12.82M, Peak:12.82M | Scene, ViewLayer | Updating Lookup Tables
Fra:1 Mem:42.53M (Peak 54.04M) | Time:00:00.05 | Mem:12.91M, Peak:12.91M | Scene, ViewLayer | Updating Lights
Fra:1 Mem:42.53M (Peak 54.04M) | Time:00:00.05 | Mem:12.91M, Peak:12.91M | Scene, ViewLayer | Updating Lights | Computing tree
Fra:1 Mem:42.53M (Peak 54.04M) | Time:00:00.05 | Mem:12.91M, Peak:12.91M | Scene, ViewLayer | Updating Integrator
Fra:1 Mem:42.53M (Peak 54.04M) | Time:00:00.05 | Mem:12.91M, Peak:12.91M | Scene, ViewLayer | Updating Film
Fra:1 Mem:42.53M (Peak 54.04M) | Time:00:00.05 | Mem:12.83M, Peak:12.91M | Scene, ViewLayer | Updating Lookup Tables
Fra:1 Mem:42.53M (Peak 54.04M) | Time:00:00.05 | Mem:12.91M, Peak:12.91M | Scene, ViewLayer | Updating Baking
Fra:1 Mem:42.53M (Peak 54.04M) | Time:00:00.05 | Mem:12.91M, Peak:12.91M | Scene, ViewLayer | Updating Device | Writing constant memory
Fra:1 Mem:42.53M (Peak 54.04M) | Time:00:00.05 | Mem:12.91M, Peak:12.91M | Scene, ViewLayer | Sample 0/48
Fra:1 Mem:64.79M (Peak 64.79M) | Time:00:00.17 | Remaining:00:05.68 | Mem:35.17M, Peak:35.17M | Scene, ViewLayer | Sample 1/48
Fra:1 Mem:74.68M (Peak 94.46M) | Time:00:02.80 | Mem:35.17M, Peak:35.17M | Scene, ViewLayer | Sample 48/48
Fra:1 Mem:74.68M (Peak 94.46M) | Time:00:02.80 | Mem:35.17M, Peak:35.17M | Scene, ViewLayer | Finished
Saved: 'evidence/view_000.png'
Time: 00:03.03 (Saving: 00:00.22)

Fra:1 Mem:29.46M (Peak 29.46M) | Time:00:00.00 | Mem:0.00M, Peak:0.00M | Scene, ViewLayer | Synchronizing object | Horde_Dead_Snag_01_LOD0
Fra:1 Mem:30.04M (Peak 30.04M) | Time:00:00.00 | Mem:0.00M, Peak:0.00M | Scene, ViewLayer | Initializing
Fra:1 Mem:30.04M (Peak 30.04M) | Time:00:00.00 | Mem:0.00M, Peak:0.00M | Scene, ViewLayer | Updating Images | Loading snag_bark_normal.png
Fra:1 Mem:30.04M (Peak 30.04M) | Time:00:00.00 | Mem:0.00M, Peak:0.00M | Scene, ViewLayer | Updating Images | Loading snag_bark_roughness.png
Fra:1 Mem:41.84M (Peak 54.04M) | Time:00:00.01 | Mem:12.00M, Peak:12.00M | Scene, ViewLayer | Waiting for render to start
Fra:1 Mem:41.84M (Peak 54.04M) | Time:00:00.01 | Mem:12.00M, Peak:12.00M | Scene, ViewLayer | Loading render kernels (may take a few minutes the first time)
Fra:1 Mem:41.84M (Peak 54.04M) | Time:00:00.01 | Mem:12.00M, Peak:12.00M | Scene, ViewLayer | Updating Scene
Fra:1 Mem:41.84M (Peak 54.04M) | Time:00:00.01 | Mem:12.00M, Peak:12.00M | Scene, ViewLayer | Updating Shaders
Fra:1 Mem:41.93M (Peak 54.04M) | Time:00:00.01 | Mem:12.00M, Peak:12.00M | Scene, ViewLayer | Updating Procedurals
Fra:1 Mem:41.93M (Peak 54.04M) | Time:00:00.01 | Mem:12.00M, Peak:12.00M | Scene, ViewLayer | Updating Background
Fra:1 Mem:41.93M (Peak 54.04M) | Time:00:00.01 | Mem:12.00M, Peak:12.00M | Scene, ViewLayer | Updating Camera
Fra:1 Mem:41.93M (Peak 54.04M) | Time:00:00.01 | Mem:12.00M, Peak:12.00M | Scene, ViewLayer | Updating Meshes Flags
Fra:1 Mem:41.93M (Peak 54.04M) | Time:00:00.01 | Mem:12.00M, Peak:12.00M | Scene, ViewLayer | Updating Objects
Fra:1 Mem:41.93M (Peak 54.04M) | Time:00:00.01 | Mem:12.00M, Peak:12.00M | Scene, ViewLayer | Updating Objects | Copying Transformations to device
Fra:1 Mem:41.93M (Peak 54.04M) | Time:00:00.01 | Mem:12.00M, Peak:12.00M | Scene, ViewLayer | Updating Objects | Applying Static Transformations
Fra:1 Mem:41.93M (Peak 54.04M) | Time:00:00.01 | Mem:12.00M, Peak:12.00M | Scene, ViewLayer | Updating Particle Systems
Fra:1 Mem:41.93M (Peak 54.04M) | Time:00:00.01 | Mem:12.00M, Peak:12.00M | Scene, ViewLayer | Updating Particle Systems | Copying Particles to device
Fra:1 Mem:41.93M (Peak 54.04M) | Time:00:00.01 | Mem:12.00M, Peak:12.00M | Scene, ViewLayer | Updating Meshes
Fra:1 Mem:42.00M (Peak 54.04M) | Time:00:00.01 | Mem:12.00M, Peak:12.00M | Scene, ViewLayer | Updating Mesh | Computing attributes
Fra:1 Mem:42.36M (Peak 54.04M) | Time:00:00.01 | Mem:12.00M, Peak:12.00M | Scene, ViewLayer | Updating Mesh | Copying Attributes to device
Fra:1 Mem:42.36M (Peak 54.04M) | Time:00:00.01 | Mem:12.36M, Peak:12.36M | Scene, ViewLayer | Updating Scene BVH | Building
Fra:1 Mem:42.36M (Peak 54.04M) | Time:00:00.01 | Mem:12.36M, Peak:12.36M | Scene, ViewLayer | Updating Scene BVH | Building BVH
Fra:1 Mem:42.36M (Peak 54.04M) | Time:00:00.01 | Mem:12.51M, Peak:12.51M | Scene, ViewLayer | Updating Scene BVH | Building BVH 0%
Fra:1 Mem:42.36M (Peak 54.04M) | Time:00:00.02 | Mem:12.66M, Peak:12.80M | Scene, ViewLayer | Updating Scene BVH | Copying BVH to device
Fra:1 Mem:42.36M (Peak 54.04M) | Time:00:00.02 | Mem:12.66M, Peak:12.80M | Scene, ViewLayer | Updating Mesh | Computing normals
Fra:1 Mem:42.53M (Peak 54.04M) | Time:00:00.02 | Mem:12.66M, Peak:12.80M | Scene, ViewLayer | Updating Mesh | Copying Mesh to device
Fra:1 Mem:42.53M (Peak 54.04M) | Time:00:00.02 | Mem:12.82M, Peak:12.82M | Scene, ViewLayer | Updating Objects Flags
Fra:1 Mem:42.53M (Peak 54.04M) | Time:00:00.02 | Mem:12.82M, Peak:12.82M | Scene, ViewLayer | Updating Primitive Offsets
Fra:1 Mem:42.53M (Peak 54.04M) | Time:00:00.02 | Mem:12.82M, Peak:12.82M | Scene, ViewLayer | Updating Images
Fra:1 Mem:42.53M (Peak 54.04M) | Time:00:00.02 | Mem:12.82M, Peak:12.82M | Scene, ViewLayer | Updating Camera Volume
Fra:1 Mem:42.53M (Peak 54.04M) | Time:00:00.02 | Mem:12.82M, Peak:12.82M | Scene, ViewLayer | Updating Lookup Tables
Fra:1 Mem:42.53M (Peak 54.04M) | Time:00:00.02 | Mem:12.91M, Peak:12.91M | Scene, ViewLayer | Updating Lights
Fra:1 Mem:42.53M (Peak 54.04M) | Time:00:00.02 | Mem:12.91M, Peak:12.91M | Scene, ViewLayer | Updating Lights | Computing tree
Fra:1 Mem:42.53M (Peak 54.04M) | Time:00:00.02 | Mem:12.91M, Peak:12.91M | Scene, ViewLayer | Updating Integrator
Fra:1 Mem:42.53M (Peak 54.04M) | Time:00:00.02 | Mem:12.91M, Peak:12.91M | Scene, ViewLayer | Updating Film
Fra:1 Mem:42.53M (Peak 54.04M) | Time:00:00.02 | Mem:12.83M, Peak:12.91M | Scene, ViewLayer | Updating Lookup Tables
Fra:1 Mem:42.53M (Peak 54.04M) | Time:00:00.02 | Mem:12.91M, Peak:12.91M | Scene, ViewLayer | Updating Baking
Fra:1 Mem:42.53M (Peak 54.04M) | Time:00:00.02 | Mem:12.91M, Peak:12.91M | Scene, ViewLayer | Updating Device | Writing constant memory
Fra:1 Mem:42.53M (Peak 54.04M) | Time:00:00.02 | Mem:12.91M, Peak:12.91M | Scene, ViewLayer | Sample 0/48
Fra:1 Mem:64.79M (Peak 64.79M) | Time:00:00.11 | Remaining:00:04.38 | Mem:35.17M, Peak:35.17M | Scene, ViewLayer | Sample 1/48
Fra:1 Mem:74.68M (Peak 94.46M) | Time:00:02.43 | Mem:35.17M, Peak:35.17M | Scene, ViewLayer | Sample 48/48
Fra:1 Mem:74.68M (Peak 94.46M) | Time:00:02.43 | Mem:35.17M, Peak:35.17M | Scene, ViewLayer | Finished
Saved: 'evidence/view_090.png'
Time: 00:02.51 (Saving: 00:00.08)

Fra:1 Mem:29.46M (Peak 29.46M) | Time:00:00.00 | Mem:0.00M, Peak:0.00M | Scene, ViewLayer | Synchronizing object | Horde_Dead_Snag_01_LOD0
Fra:1 Mem:30.04M (Peak 30.04M) | Time:00:00.00 | Mem:0.00M, Peak:0.00M | Scene, ViewLayer | Initializing
Fra:1 Mem:30.04M (Peak 30.04M) | Time:00:00.00 | Mem:0.00M, Peak:0.00M | Scene, ViewLayer | Updating Images | Loading snag_bark_basecolor.png
Fra:1 Mem:30.04M (Peak 30.04M) | Time:00:00.00 | Mem:0.00M, Peak:0.00M | Scene, ViewLayer | Updating Images | Loading snag_bark_normal.png
Fra:1 Mem:34.04M (Peak 34.04M) | Time:00:00.00 | Mem:0.00M, Peak:0.00M | Scene, ViewLayer | Updating Images | Loading snag_bark_roughness.png
Fra:1 Mem:41.84M (Peak 54.04M) | Time:00:00.02 | Mem:12.00M, Peak:12.00M | Scene, ViewLayer | Waiting for render to start
Fra:1 Mem:41.84M (Peak 54.04M) | Time:00:00.02 | Mem:12.00M, Peak:12.00M | Scene, ViewLayer | Loading render kernels (may take a few minutes the first time)
Fra:1 Mem:41.84M (Peak 54.04M) | Time:00:00.02 | Mem:12.00M, Peak:12.00M | Scene, ViewLayer | Updating Scene
Fra:1 Mem:41.84M (Peak 54.04M) | Time:00:00.02 | Mem:12.00M, Peak:12.00M | Scene, ViewLayer | Updating Shaders
Fra:1 Mem:41.93M (Peak 54.04M) | Time:00:00.02 | Mem:12.00M, Peak:12.00M | Scene, ViewLayer | Updating Procedurals
Fra:1 Mem:41.93M (Peak 54.04M) | Time:00:00.02 | Mem:12.00M, Peak:12.00M | Scene, ViewLayer | Updating Background
Fra:1 Mem:41.93M (Peak 54.04M) | Time:00:00.02 | Mem:12.00M, Peak:12.00M | Scene, ViewLayer | Updating Camera
Fra:1 Mem:41.93M (Peak 54.04M) | Time:00:00.02 | Mem:12.00M, Peak:12.00M | Scene, ViewLayer | Updating Meshes Flags
Fra:1 Mem:41.93M (Peak 54.04M) | Time:00:00.02 | Mem:12.00M, Peak:12.00M | Scene, ViewLayer | Updating Objects
Fra:1 Mem:41.93M (Peak 54.04M) | Time:00:00.02 | Mem:12.00M, Peak:12.00M | Scene, ViewLayer | Updating Objects | Copying Transformations to device
Fra:1 Mem:41.93M (Peak 54.04M) | Time:00:00.02 | Mem:12.00M, Peak:12.00M | Scene, ViewLayer | Updating Objects | Applying Static Transformations
Fra:1 Mem:41.93M (Peak 54.04M) | Time:00:00.02 | Mem:12.00M, Peak:12.00M | Scene, ViewLayer | Updating Particle Systems
Fra:1 Mem:41.93M (Peak 54.04M) | Time:00:00.02 | Mem:12.00M, Peak:12.00M | Scene, ViewLayer | Updating Particle Systems | Copying Particles to device
Fra:1 Mem:41.93M (Peak 54.04M) | Time:00:00.02 | Mem:12.00M, Peak:12.00M | Scene, ViewLayer | Updating Meshes
Fra:1 Mem:42.00M (Peak 54.04M) | Time:00:00.02 | Mem:12.00M, Peak:12.00M | Scene, ViewLayer | Updating Mesh | Computing attributes
Fra:1 Mem:42.36M (Peak 54.04M) | Time:00:00.02 | Mem:12.00M, Peak:12.00M | Scene, ViewLayer | Updating Mesh | Copying Attributes to device
Fra:1 Mem:42.36M (Peak 54.04M) | Time:00:00.02 | Mem:12.36M, Peak:12.36M | Scene, ViewLayer | Updating Scene BVH | Building
Fra:1 Mem:42.36M (Peak 54.04M) | Time:00:00.02 | Mem:12.36M, Peak:12.36M | Scene, ViewLayer | Updating Scene BVH | Building BVH
Fra:1 Mem:42.36M (Peak 54.04M) | Time:00:00.02 | Mem:12.51M, Peak:12.51M | Scene, ViewLayer | Updating Scene BVH | Building BVH 0%
Fra:1 Mem:42.36M (Peak 54.04M) | Time:00:00.03 | Mem:12.66M, Peak:12.80M | Scene, ViewLayer | Updating Scene BVH | Copying BVH to device
Fra:1 Mem:42.36M (Peak 54.04M) | Time:00:00.03 | Mem:12.66M, Peak:12.80M | Scene, ViewLayer | Updating Mesh | Computing normals
Fra:1 Mem:42.53M (Peak 54.04M) | Time:00:00.03 | Mem:12.66M, Peak:12.80M | Scene, ViewLayer | Updating Mesh | Copying Mesh to device
Fra:1 Mem:42.53M (Peak 54.04M) | Time:00:00.03 | Mem:12.82M, Peak:12.82M | Scene, ViewLayer | Updating Objects Flags
Fra:1 Mem:42.53M (Peak 54.04M) | Time:00:00.03 | Mem:12.82M, Peak:12.82M | Scene, ViewLayer | Updating Primitive Offsets
Fra:1 Mem:42.53M (Peak 54.04M) | Time:00:00.03 | Mem:12.82M, Peak:12.82M | Scene, ViewLayer | Updating Images
Fra:1 Mem:42.53M (Peak 54.04M) | Time:00:00.03 | Mem:12.82M, Peak:12.82M | Scene, ViewLayer | Updating Camera Volume
Fra:1 Mem:42.53M (Peak 54.04M) | Time:00:00.03 | Mem:12.82M, Peak:12.82M | Scene, ViewLayer | Updating Lookup Tables
Fra:1 Mem:42.53M (Peak 54.04M) | Time:00:00.03 | Mem:12.91M, Peak:12.91M | Scene, ViewLayer | Updating Lights
Fra:1 Mem:42.53M (Peak 54.04M) | Time:00:00.03 | Mem:12.91M, Peak:12.91M | Scene, ViewLayer | Updating Lights | Computing tree
Fra:1 Mem:42.53M (Peak 54.04M) | Time:00:00.03 | Mem:12.91M, Peak:12.91M | Scene, ViewLayer | Updating Integrator
Fra:1 Mem:42.53M (Peak 54.04M) | Time:00:00.03 | Mem:12.91M, Peak:12.91M | Scene, ViewLayer | Updating Film
Fra:1 Mem:42.53M (Peak 54.04M) | Time:00:00.03 | Mem:12.83M, Peak:12.91M | Scene, ViewLayer | Updating Lookup Tables
Fra:1 Mem:42.53M (Peak 54.04M) | Time:00:00.03 | Mem:12.91M, Peak:12.91M | Scene, ViewLayer | Updating Baking
Fra:1 Mem:42.53M (Peak 54.04M) | Time:00:00.03 | Mem:12.91M, Peak:12.91M | Scene, ViewLayer | Updating Device | Writing constant memory
Fra:1 Mem:42.53M (Peak 54.04M) | Time:00:00.03 | Mem:12.91M, Peak:12.91M | Scene, ViewLayer | Sample 0/48
Fra:1 Mem:64.79M (Peak 64.79M) | Time:00:00.12 | Remaining:00:04.55 | Mem:35.17M, Peak:35.17M | Scene, ViewLayer | Sample 1/48
Fra:1 Mem:74.68M (Peak 94.46M) | Time:00:02.84 | Mem:35.17M, Peak:35.17M | Scene, ViewLayer | Sample 48/48
Fra:1 Mem:74.68M (Peak 94.46M) | Time:00:02.84 | Mem:35.17M, Peak:35.17M | Scene, ViewLayer | Finished
Saved: 'evidence/view_180.png'
Time: 00:02.92 (Saving: 00:00.08)

Fra:1 Mem:29.46M (Peak 29.46M) | Time:00:00.00 | Mem:0.00M, Peak:0.00M | Scene, ViewLayer | Synchronizing object | Horde_Dead_Snag_01_LOD0
Fra:1 Mem:30.04M (Peak 30.04M) | Time:00:00.00 | Mem:0.00M, Peak:0.00M | Scene, ViewLayer | Initializing
Fra:1 Mem:30.04M (Peak 30.04M) | Time:00:00.00 | Mem:0.00M, Peak:0.00M | Scene, ViewLayer | Updating Images | Loading snag_bark_basecolor.png
Fra:1 Mem:30.04M (Peak 30.04M) | Time:00:00.00 | Mem:0.00M, Peak:0.00M | Scene, ViewLayer | Updating Images | Loading snag_bark_normal.png
Fra:1 Mem:34.04M (Peak 34.04M) | Time:00:00.00 | Mem:0.00M, Peak:0.00M | Scene, ViewLayer | Updating Images | Loading snag_bark_roughness.png
Fra:1 Mem:41.84M (Peak 54.04M) | Time:00:00.01 | Mem:12.00M, Peak:12.00M | Scene, ViewLayer | Waiting for render to start
Fra:1 Mem:41.84M (Peak 54.04M) | Time:00:00.01 | Mem:12.00M, Peak:12.00M | Scene, ViewLayer | Loading render kernels (may take a few minutes the first time)
Fra:1 Mem:41.84M (Peak 54.04M) | Time:00:00.01 | Mem:12.00M, Peak:12.00M | Scene, ViewLayer | Updating Scene
Fra:1 Mem:41.84M (Peak 54.04M) | Time:00:00.01 | Mem:12.00M, Peak:12.00M | Scene, ViewLayer | Updating Shaders
Fra:1 Mem:41.93M (Peak 54.04M) | Time:00:00.01 | Mem:12.00M, Peak:12.00M | Scene, ViewLayer | Updating Procedurals
Fra:1 Mem:41.93M (Peak 54.04M) | Time:00:00.01 | Mem:12.00M, Peak:12.00M | Scene, ViewLayer | Updating Background
Fra:1 Mem:41.93M (Peak 54.04M) | Time:00:00.01 | Mem:12.00M, Peak:12.00M | Scene, ViewLayer | Updating Camera
Fra:1 Mem:41.93M (Peak 54.04M) | Time:00:00.01 | Mem:12.00M, Peak:12.00M | Scene, ViewLayer | Updating Meshes Flags
Fra:1 Mem:41.93M (Peak 54.04M) | Time:00:00.01 | Mem:12.00M, Peak:12.00M | Scene, ViewLayer | Updating Objects
Fra:1 Mem:41.93M (Peak 54.04M) | Time:00:00.01 | Mem:12.00M, Peak:12.00M | Scene, ViewLayer | Updating Objects | Copying Transformations to device
Fra:1 Mem:41.93M (Peak 54.04M) | Time:00:00.01 | Mem:12.00M, Peak:12.00M | Scene, ViewLayer | Updating Objects | Applying Static Transformations
Fra:1 Mem:41.93M (Peak 54.04M) | Time:00:00.01 | Mem:12.00M, Peak:12.00M | Scene, ViewLayer | Updating Particle Systems
Fra:1 Mem:41.93M (Peak 54.04M) | Time:00:00.01 | Mem:12.00M, Peak:12.00M | Scene, ViewLayer | Updating Particle Systems | Copying Particles to device
Fra:1 Mem:41.93M (Peak 54.04M) | Time:00:00.01 | Mem:12.00M, Peak:12.00M | Scene, ViewLayer | Updating Meshes
Fra:1 Mem:42.00M (Peak 54.04M) | Time:00:00.01 | Mem:12.00M, Peak:12.00M | Scene, ViewLayer | Updating Mesh | Computing attributes
Fra:1 Mem:42.36M (Peak 54.04M) | Time:00:00.01 | Mem:12.00M, Peak:12.00M | Scene, ViewLayer | Updating Mesh | Copying Attributes to device
Fra:1 Mem:42.36M (Peak 54.04M) | Time:00:00.01 | Mem:12.36M, Peak:12.36M | Scene, ViewLayer | Updating Scene BVH | Building
Fra:1 Mem:42.36M (Peak 54.04M) | Time:00:00.01 | Mem:12.36M, Peak:12.36M | Scene, ViewLayer | Updating Scene BVH | Building BVH
Fra:1 Mem:42.36M (Peak 54.04M) | Time:00:00.01 | Mem:12.51M, Peak:12.51M | Scene, ViewLayer | Updating Scene BVH | Building BVH 0%
Fra:1 Mem:42.36M (Peak 54.04M) | Time:00:00.01 | Mem:12.66M, Peak:12.80M | Scene, ViewLayer | Updating Scene BVH | Copying BVH to device
Fra:1 Mem:42.36M (Peak 54.04M) | Time:00:00.01 | Mem:12.66M, Peak:12.80M | Scene, ViewLayer | Updating Mesh | Computing normals
Fra:1 Mem:42.53M (Peak 54.04M) | Time:00:00.01 | Mem:12.66M, Peak:12.80M | Scene, ViewLayer | Updating Mesh | Copying Mesh to device
Fra:1 Mem:42.53M (Peak 54.04M) | Time:00:00.01 | Mem:12.82M, Peak:12.82M | Scene, ViewLayer | Updating Objects Flags
Fra:1 Mem:42.53M (Peak 54.04M) | Time:00:00.01 | Mem:12.82M, Peak:12.82M | Scene, ViewLayer | Updating Primitive Offsets
Fra:1 Mem:42.53M (Peak 54.04M) | Time:00:00.01 | Mem:12.82M, Peak:12.82M | Scene, ViewLayer | Updating Images
Fra:1 Mem:42.53M (Peak 54.04M) | Time:00:00.01 | Mem:12.82M, Peak:12.82M | Scene, ViewLayer | Updating Camera Volume
Fra:1 Mem:42.53M (Peak 54.04M) | Time:00:00.01 | Mem:12.82M, Peak:12.82M | Scene, ViewLayer | Updating Lookup Tables
Fra:1 Mem:42.53M (Peak 54.04M) | Time:00:00.01 | Mem:12.91M, Peak:12.91M | Scene, ViewLayer | Updating Lights
Fra:1 Mem:42.53M (Peak 54.04M) | Time:00:00.01 | Mem:12.91M, Peak:12.91M | Scene, ViewLayer | Updating Lights | Computing tree
Fra:1 Mem:42.53M (Peak 54.04M) | Time:00:00.01 | Mem:12.91M, Peak:12.91M | Scene, ViewLayer | Updating Integrator
Fra:1 Mem:42.53M (Peak 54.04M) | Time:00:00.01 | Mem:12.91M, Peak:12.91M | Scene, ViewLayer | Updating Film
Fra:1 Mem:42.53M (Peak 54.04M) | Time:00:00.01 | Mem:12.83M, Peak:12.91M | Scene, ViewLayer | Updating Lookup Tables
Fra:1 Mem:42.53M (Peak 54.04M) | Time:00:00.01 | Mem:12.91M, Peak:12.91M | Scene, ViewLayer | Updating Baking
Fra:1 Mem:42.53M (Peak 54.04M) | Time:00:00.01 | Mem:12.91M, Peak:12.91M | Scene, ViewLayer | Updating Device | Writing constant memory
Fra:1 Mem:42.53M (Peak 54.04M) | Time:00:00.01 | Mem:12.91M, Peak:12.91M | Scene, ViewLayer | Sample 0/48
Fra:1 Mem:64.79M (Peak 64.79M) | Time:00:00.10 | Remaining:00:04.36 | Mem:35.17M, Peak:35.17M | Scene, ViewLayer | Sample 1/48
Fra:1 Mem:74.68M (Peak 94.46M) | Time:00:02.70 | Mem:35.17M, Peak:35.17M | Scene, ViewLayer | Sample 48/48
Fra:1 Mem:74.68M (Peak 94.46M) | Time:00:02.70 | Mem:35.17M, Peak:35.17M | Scene, ViewLayer | Finished
Saved: 'evidence/lod_0.png'
Time: 00:02.78 (Saving: 00:00.07)

Fra:1 Mem:29.46M (Peak 29.46M) | Time:00:00.00 | Mem:0.00M, Peak:0.00M | Scene, ViewLayer | Synchronizing object | Horde_Dead_Snag_01_LOD1
Fra:1 Mem:29.76M (Peak 29.76M) | Time:00:00.00 | Mem:0.00M, Peak:0.00M | Scene, ViewLayer | Initializing
Fra:1 Mem:29.75M (Peak 29.76M) | Time:00:00.00 | Mem:0.00M, Peak:0.00M | Scene, ViewLayer | Updating Images | Loading snag_bark_basecolor.png
Fra:1 Mem:29.75M (Peak 29.76M) | Time:00:00.00 | Mem:0.00M, Peak:0.00M | Scene, ViewLayer | Updating Images | Loading snag_bark_normal.png
Fra:1 Mem:37.75M (Peak 37.75M) | Time:00:00.00 | Mem:0.00M, Peak:0.00M | Scene, ViewLayer | Updating Images | Loading snag_bark_roughness.png
Fra:1 Mem:41.56M (Peak 53.75M) | Time:00:00.00 | Mem:12.00M, Peak:12.00M | Scene, ViewLayer | Waiting for render to start
Fra:1 Mem:41.56M (Peak 53.75M) | Time:00:00.01 | Mem:12.00M, Peak:12.00M | Scene, ViewLayer | Loading render kernels (may take a few minutes the first time)
Fra:1 Mem:41.56M (Peak 53.75M) | Time:00:00.01 | Mem:12.00M, Peak:12.00M | Scene, ViewLayer | Updating Scene
Fra:1 Mem:41.56M (Peak 53.75M) | Time:00:00.01 | Mem:12.00M, Peak:12.00M | Scene, ViewLayer | Updating Shaders
Fra:1 Mem:41.64M (Peak 53.75M) | Time:00:00.01 | Mem:12.00M, Peak:12.00M | Scene, ViewLayer | Updating Procedurals
Fra:1 Mem:41.64M (Peak 53.75M) | Time:00:00.01 | Mem:12.00M, Peak:12.00M | Scene, ViewLayer | Updating Background
Fra:1 Mem:41.64M (Peak 53.75M) | Time:00:00.01 | Mem:12.00M, Peak:12.00M | Scene, ViewLayer | Updating Camera
Fra:1 Mem:41.64M (Peak 53.75M) | Time:00:00.01 | Mem:12.00M, Peak:12.00M | Scene, ViewLayer | Updating Meshes Flags
Fra:1 Mem:41.64M (Peak 53.75M) | Time:00:00.01 | Mem:12.00M, Peak:12.00M | Scene, ViewLayer | Updating Objects
Fra:1 Mem:41.64M (Peak 53.75M) | Time:00:00.01 | Mem:12.00M, Peak:12.00M | Scene, ViewLayer | Updating Objects | Copying Transformations to device
Fra:1 Mem:41.64M (Peak 53.75M) | Time:00:00.01 | Mem:12.00M, Peak:12.00M | Scene, ViewLayer | Updating Objects | Applying Static Transformations
Fra:1 Mem:41.64M (Peak 53.75M) | Time:00:00.01 | Mem:12.00M, Peak:12.00M | Scene, ViewLayer | Updating Particle Systems
Fra:1 Mem:41.64M (Peak 53.75M) | Time:00:00.01 | Mem:12.00M, Peak:12.00M | Scene, ViewLayer | Updating Particle Systems | Copying Particles to device
Fra:1 Mem:41.64M (Peak 53.75M) | Time:00:00.01 | Mem:12.00M, Peak:12.00M | Scene, ViewLayer | Updating Meshes
Fra:1 Mem:41.68M (Peak 53.75M) | Time:00:00.01 | Mem:12.00M, Peak:12.00M | Scene, ViewLayer | Updating Mesh | Computing attributes
Fra:1 Mem:41.86M (Peak 53.75M) | Time:00:00.01 | Mem:12.00M, Peak:12.00M | Scene, ViewLayer | Updating Mesh | Copying Attributes to device
Fra:1 Mem:41.86M (Peak 53.75M) | Time:00:00.01 | Mem:12.18M, Peak:12.18M | Scene, ViewLayer | Updating Scene BVH | Building
Fra:1 Mem:41.86M (Peak 53.75M) | Time:00:00.01 | Mem:12.18M, Peak:12.18M | Scene, ViewLayer | Updating Scene BVH | Building BVH
Fra:1 Mem:41.86M (Peak 53.75M) | Time:00:00.01 | Mem:12.26M, Peak:12.26M | Scene, ViewLayer | Updating Scene BVH | Building BVH 0%
Fra:1 Mem:41.86M (Peak 53.75M) | Time:00:00.01 | Mem:12.33M, Peak:12.40M | Scene, ViewLayer | Updating Scene BVH | Copying BVH to device
Fra:1 Mem:41.86M (Peak 53.75M) | Time:00:00.01 | Mem:12.33M, Peak:12.40M | Scene, ViewLayer | Updating Mesh | Computing normals
Fra:1 Mem:41.94M (Peak 53.75M) | Time:00:00.01 | Mem:12.33M, Peak:12.40M | Scene, ViewLayer | Updating Mesh | Copying Mesh to device
Fra:1 Mem:41.94M (Peak 53.75M) | Time:00:00.01 | Mem:12.42M, Peak:12.42M | Scene, ViewLayer | Updating Objects Flags
Fra:1 Mem:41.94M (Peak 53.75M) | Time:00:00.01 | Mem:12.42M, Peak:12.42M | Scene, ViewLayer | Updating Primitive Offsets
Fra:1 Mem:41.94M (Peak 53.75M) | Time:00:00.01 | Mem:12.42M, Peak:12.42M | Scene, ViewLayer | Updating Images
Fra:1 Mem:41.94M (Peak 53.75M) | Time:00:00.01 | Mem:12.42M, Peak:12.42M | Scene, ViewLayer | Updating Camera Volume
Fra:1 Mem:41.94M (Peak 53.75M) | Time:00:00.01 | Mem:12.42M, Peak:12.42M | Scene, ViewLayer | Updating Lookup Tables
Fra:1 Mem:41.94M (Peak 53.75M) | Time:00:00.01 | Mem:12.50M, Peak:12.50M | Scene, ViewLayer | Updating Lights
Fra:1 Mem:41.95M (Peak 53.75M) | Time:00:00.01 | Mem:12.50M, Peak:12.50M | Scene, ViewLayer | Updating Lights | Computing tree
Fra:1 Mem:41.95M (Peak 53.75M) | Time:00:00.01 | Mem:12.50M, Peak:12.50M | Scene, ViewLayer | Updating Integrator
Fra:1 Mem:41.95M (Peak 53.75M) | Time:00:00.01 | Mem:12.50M, Peak:12.50M | Scene, ViewLayer | Updating Film
Fra:1 Mem:41.95M (Peak 53.75M) | Time:00:00.01 | Mem:12.42M, Peak:12.50M | Scene, ViewLayer | Updating Lookup Tables
Fra:1 Mem:41.95M (Peak 53.75M) | Time:00:00.01 | Mem:12.50M, Peak:12.50M | Scene, ViewLayer | Updating Baking
Fra:1 Mem:41.95M (Peak 53.75M) | Time:00:00.01 | Mem:12.50M, Peak:12.50M | Scene, ViewLayer | Updating Device | Writing constant memory
Fra:1 Mem:41.95M (Peak 53.75M) | Time:00:00.01 | Mem:12.50M, Peak:12.50M | Scene, ViewLayer | Sample 0/48
Fra:1 Mem:64.21M (Peak 64.21M) | Time:00:00.11 | Remaining:00:04.72 | Mem:34.76M, Peak:34.76M | Scene, ViewLayer | Sample 1/48
Fra:1 Mem:74.10M (Peak 93.88M) | Time:00:02.72 | Mem:34.76M, Peak:34.76M | Scene, ViewLayer | Sample 48/48
Fra:1 Mem:74.10M (Peak 93.88M) | Time:00:02.72 | Mem:34.76M, Peak:34.76M | Scene, ViewLayer | Finished
Saved: 'evidence/lod_1.png'
Time: 00:02.80 (Saving: 00:00.08)

Fra:1 Mem:29.46M (Peak 29.46M) | Time:00:00.00 | Mem:0.00M, Peak:0.00M | Scene, ViewLayer | Synchronizing object | Horde_Dead_Snag_01_LOD2
Fra:1 Mem:29.61M (Peak 29.61M) | Time:00:00.00 | Mem:0.00M, Peak:0.00M | Scene, ViewLayer | Initializing
Fra:1 Mem:29.60M (Peak 29.61M) | Time:00:00.00 | Mem:0.00M, Peak:0.00M | Scene, ViewLayer | Updating Images | Loading snag_bark_basecolor.png
Fra:1 Mem:29.60M (Peak 29.61M) | Time:00:00.00 | Mem:0.00M, Peak:0.00M | Scene, ViewLayer | Updating Images | Loading snag_bark_roughness.png
Fra:1 Mem:41.41M (Peak 53.60M) | Time:00:00.01 | Mem:12.00M, Peak:12.00M | Scene, ViewLayer | Waiting for render to start
Fra:1 Mem:41.41M (Peak 53.60M) | Time:00:00.01 | Mem:12.00M, Peak:12.00M | Scene, ViewLayer | Loading render kernels (may take a few minutes the first time)
Fra:1 Mem:41.41M (Peak 53.60M) | Time:00:00.01 | Mem:12.00M, Peak:12.00M | Scene, ViewLayer | Updating Scene
Fra:1 Mem:41.41M (Peak 53.60M) | Time:00:00.01 | Mem:12.00M, Peak:12.00M | Scene, ViewLayer | Updating Shaders
Fra:1 Mem:41.50M (Peak 53.60M) | Time:00:00.01 | Mem:12.00M, Peak:12.00M | Scene, ViewLayer | Updating Procedurals
Fra:1 Mem:41.50M (Peak 53.60M) | Time:00:00.01 | Mem:12.00M, Peak:12.00M | Scene, ViewLayer | Updating Background
Fra:1 Mem:41.50M (Peak 53.60M) | Time:00:00.01 | Mem:12.00M, Peak:12.00M | Scene, ViewLayer | Updating Camera
Fra:1 Mem:41.50M (Peak 53.60M) | Time:00:00.01 | Mem:12.00M, Peak:12.00M | Scene, ViewLayer | Updating Meshes Flags
Fra:1 Mem:41.50M (Peak 53.60M) | Time:00:00.01 | Mem:12.00M, Peak:12.00M | Scene, ViewLayer | Updating Objects
Fra:1 Mem:41.50M (Peak 53.60M) | Time:00:00.01 | Mem:12.00M, Peak:12.00M | Scene, ViewLayer | Updating Objects | Copying Transformations to device
Fra:1 Mem:41.50M (Peak 53.60M) | Time:00:00.01 | Mem:12.00M, Peak:12.00M | Scene, ViewLayer | Updating Objects | Applying Static Transformations
Fra:1 Mem:41.50M (Peak 53.60M) | Time:00:00.01 | Mem:12.00M, Peak:12.00M | Scene, ViewLayer | Updating Particle Systems
Fra:1 Mem:41.50M (Peak 53.60M) | Time:00:00.01 | Mem:12.00M, Peak:12.00M | Scene, ViewLayer | Updating Particle Systems | Copying Particles to device
Fra:1 Mem:41.50M (Peak 53.60M) | Time:00:00.01 | Mem:12.00M, Peak:12.00M | Scene, ViewLayer | Updating Meshes
Fra:1 Mem:41.51M (Peak 53.60M) | Time:00:00.01 | Mem:12.00M, Peak:12.00M | Scene, ViewLayer | Updating Mesh | Computing attributes
Fra:1 Mem:41.60M (Peak 53.60M) | Time:00:00.01 | Mem:12.00M, Peak:12.00M | Scene, ViewLayer | Updating Mesh | Copying Attributes to device
Fra:1 Mem:41.60M (Peak 53.60M) | Time:00:00.01 | Mem:12.09M, Peak:12.09M | Scene, ViewLayer | Updating Scene BVH | Building
Fra:1 Mem:41.60M (Peak 53.60M) | Time:00:00.01 | Mem:12.09M, Peak:12.09M | Scene, ViewLayer | Updating Scene BVH | Building BVH
Fra:1 Mem:41.60M (Peak 53.60M) | Time:00:00.01 | Mem:12.13M, Peak:12.13M | Scene, ViewLayer | Updating Scene BVH | Building BVH 0%
Fra:1 Mem:41.60M (Peak 53.60M) | Time:00:00.01 | Mem:12.16M, Peak:12.20M | Scene, ViewLayer | Updating Scene BVH | Copying BVH to device
Fra:1 Mem:41.60M (Peak 53.60M) | Time:00:00.01 | Mem:12.16M, Peak:12.20M | Scene, ViewLayer | Updating Mesh | Computing normals
Fra:1 Mem:41.65M (Peak 53.60M) | Time:00:00.01 | Mem:12.16M, Peak:12.20M | Scene, ViewLayer | Updating Mesh | Copying Mesh to device
Fra:1 Mem:41.65M (Peak 53.60M) | Time:00:00.01 | Mem:12.21M, Peak:12.21M | Scene, ViewLayer | Updating Objects Flags
Fra:1 Mem:41.65M (Peak 53.60M) | Time:00:00.01 | Mem:12.21M, Peak:12.21M | Scene, ViewLayer | Updating Primitive Offsets
Fra:1 Mem:41.65M (Peak 53.60M) | Time:00:00.01 | Mem:12.21M, Peak:12.21M | Scene, ViewLayer | Updating Images
Fra:1 Mem:41.65M (Peak 53.60M) | Time:00:00.01 | Mem:12.21M, Peak:12.21M | Scene, ViewLayer | Updating Camera Volume
Fra:1 Mem:41.65M (Peak 53.60M) | Time:00:00.01 | Mem:12.21M, Peak:12.21M | Scene, ViewLayer | Updating Lookup Tables
Fra:1 Mem:41.65M (Peak 53.60M) | Time:00:00.01 | Mem:12.29M, Peak:12.29M | Scene, ViewLayer | Updating Lights
Fra:1 Mem:41.65M (Peak 53.60M) | Time:00:00.01 | Mem:12.29M, Peak:12.29M | Scene, ViewLayer | Updating Lights | Computing tree
Fra:1 Mem:41.65M (Peak 53.60M) | Time:00:00.01 | Mem:12.29M, Peak:12.29M | Scene, ViewLayer | Updating Integrator
Fra:1 Mem:41.65M (Peak 53.60M) | Time:00:00.01 | Mem:12.29M, Peak:12.29M | Scene, ViewLayer | Updating Film
Fra:1 Mem:41.65M (Peak 53.60M) | Time:00:00.01 | Mem:12.21M, Peak:12.29M | Scene, ViewLayer | Updating Lookup Tables
Fra:1 Mem:41.65M (Peak 53.60M) | Time:00:00.01 | Mem:12.30M, Peak:12.30M | Scene, ViewLayer | Updating Baking
Fra:1 Mem:41.65M (Peak 53.60M) | Time:00:00.01 | Mem:12.30M, Peak:12.30M | Scene, ViewLayer | Updating Device | Writing constant memory
Fra:1 Mem:41.65M (Peak 53.60M) | Time:00:00.01 | Mem:12.30M, Peak:12.30M | Scene, ViewLayer | Sample 0/48
Fra:1 Mem:63.92M (Peak 63.92M) | Time:00:00.10 | Remaining:00:04.18 | Mem:34.55M, Peak:34.55M | Scene, ViewLayer | Sample 1/48
Fra:1 Mem:73.80M (Peak 93.58M) | Time:00:02.74 | Mem:34.55M, Peak:34.55M | Scene, ViewLayer | Sample 48/48
Fra:1 Mem:73.80M (Peak 93.58M) | Time:00:02.74 | Mem:34.55M, Peak:34.55M | Scene, ViewLayer | Finished
Saved: 'evidence/lod_2.png'
Time: 00:02.82 (Saving: 00:00.07)


Info: Saved "Horde_Dead_Snag_01.blend"
FINISHED [{"name": "Horde_Dead_Snag_01_LOD0", "vertices": 2571, "triangles": 4792, "dimensions": [3.0924360752105713, 1.2953767776489258, 6.195629596710205]}, {"name": "Horde_Dead_Snag_01_LOD1", "vertices": 1369, "triangles": 2395, "dimensions": [3.0924360752105713, 1.2953767776489258, 6.195629596710205]}, {"name": "Horde_Dead_Snag_01_LOD2", "vertices": 712, "triangles": 1198, "dimensions": [3.076165199279785, 1.2854020595550537, 6.195629596710205]}]

Blender quit
