10-03 09:46:20.552 11942 11942 I HordeRtProbeBridge: HORDE_SURFACE_REQUEST generation=1
10-03 09:46:32.832 11942 12183 I HordeRtProbeBridge: HORDE_SURFACE_STARTED generation=1
10-03 09:46:32.838 11942 12153 I HordeLanternMusic: Music epoch=1; discarded prior-session PCM
10-03 09:46:32.839 11942 12266 I HordeRtProbeBridge: HORDE_SURFACE_PRESENTED generation=1
10-03 09:46:33.030 11942 12153 I HordeLanternMusic: Music epoch=2; discarded prior-session PCM
10-03 09:49:43.213 11942 11942 I HordeRtProbeBridge: HORDE_SURFACE_CANCEL generation=1
10-03 09:49:43.214 11942 11942 I HordeRtProbeBridge: HORDE_SURFACE_REQUEST generation=3
10-03 09:49:55.933 11942 12183 I HordeRtProbeBridge: HORDE_SURFACE_STARTED generation=3
10-03 09:49:55.940 11942 14129 I HordeRtProbeBridge: HORDE_SURFACE_PRESENTED generation=3
10-03 09:49:56.024 11942 12153 I HordeLanternMusic: Music epoch=3; discarded prior-session PCM
10-03 09:54:09.824 11942 14129 I HordeRtProbeBridge: HORDE_RT_SCALE_RESIZE scale=100 extent=1440x2980 output_only=1 idle_and_resize_ms=86.620
10-03 09:54:09.825 11942 14129 I HordeRtProbeBridge: HORDE_SURFACE_PRESENTED generation=3
10-03 09:54:12.979 11942 14129 I HordeRtProbeBridge: HORDE_RT_SCALE_RESIZE scale=75 extent=1080x2235 output_only=1 idle_and_resize_ms=131.290
10-03 09:54:12.981 11942 14129 I HordeRtProbeBridge: HORDE_SURFACE_PRESENTED generation=3
10-03 09:54:15.789 11942 14129 I HordeRtProbeBridge: HORDE_RT_SCALE_RESIZE scale=50 extent=720x1490 output_only=1 idle_and_resize_ms=86.248
10-03 09:54:15.791 11942 14129 I HordeRtProbeBridge: HORDE_SURFACE_PRESENTED generation=3
10-03 09:54:18.665 11942 14129 I HordeRtProbeBridge: HORDE_RT_SCALE_RESIZE scale=75 extent=1080x2235 output_only=1 idle_and_resize_ms=46.314
10-03 09:54:18.667 11942 14129 I HordeRtProbeBridge: HORDE_SURFACE_PRESENTED generation=3
10-03 09:56:08.526 11942 11942 I HordeRtProbeBridge: HORDE_SURFACE_CANCEL generation=3
10-03 09:56:10.421 11942 11942 I HordeRtProbeBridge: HORDE_SURFACE_REQUEST generation=5
10-03 09:56:25.020 11942 12183 I HordeRtProbeBridge: HORDE_SURFACE_STARTED generation=5
10-03 09:56:25.027 11942 24677 I HordeRtProbeBridge: HORDE_SURFACE_PRESENTED generation=5
