UpdateCTestConfiguration  from :<repo>/DartConfiguration.tcl
UpdateCTestConfiguration  from :<repo>/build/presets/windows-x64-debug/DartConfiguration.tcl
Parse Config file:<repo>/build/presets/windows-x64-debug/DartConfiguration.tcl
Test project <repo>/build/presets/windows-x64-debug
Constructing a list of tests
Done constructing a list of tests
Updating test list for fixtures
Added 0 tests to meet fixture requirements
Checking test dependency graph...
Checking test dependency graph end
test 40
    Start 40: horde_rt_windows_motion_evidence_launch_tests

40: Test command: "<repo>\build\presets\windows-x64-debug\Debug\horde_rt_windows_motion_evidence_launch_tests.exe"
40: Working Directory: <repo>/build/presets/windows-x64-debug
40: Test timeout computed to be: 1500
40: Native motion launch/capture failures=0
1/1 Test #40: horde_rt_windows_motion_evidence_launch_tests ...   Passed    3.26 sec

The following tests passed:
	horde_rt_windows_motion_evidence_launch_tests

100% tests passed, 0 tests failed out of 1

Total Test time (real) =   3.28 sec
