UpdateCTestConfiguration  from :<repo>/DartConfiguration.tcl
UpdateCTestConfiguration  from :<repo>/build/presets/windows-x64-debug/DartConfiguration.tcl
Parse Config file:<repo>/build/presets/windows-x64-debug/DartConfiguration.tcl
Test project <repo>/build/presets/windows-x64-debug
Constructing a list of tests
Done constructing a list of tests
Updating test list for fixtures
Added 0 tests to meet fixture requirements
Checking test dependency graph...
Checking test dependency graph end
test 24
    Start 24: horde_rt_combat_foundation_tests

24: Test command: "<repo>\build\presets\windows-x64-debug\Debug\horde_rt_combat_foundation_tests.exe"
24: Working Directory: <repo>/build/presets/windows-x64-debug
24: Test timeout computed to be: 30
24: FAIL: actual forgiving combat consumer still accepts a clear-side route hit
24: KNOWN DEFECT: forgiving sword consumer hit through route corner at attackTick=17 player=(0.96,-6.8) target=(0.96,-6.06) distance=0.74
24: combat foundation checks=409 failures=1
1/1 Test #24: horde_rt_combat_foundation_tests ...***Failed    6.01 sec
FAIL: actual forgiving combat consumer still accepts a clear-side route hit
KNOWN DEFECT: forgiving sword consumer hit through route corner at attackTick=17 player=(0.96,-6.8) target=(0.96,-6.06) distance=0.74
combat foundation checks=409 failures=1


0% tests passed, 1 tests failed out of 1

Total Test time (real) =   6.03 sec

The following tests FAILED:
	 24 - horde_rt_combat_foundation_tests (Failed)
Errors while running CTest
