CMake is re-running because C:/Dev/worktrees/horde-backend-six-pixel-witness/build/presets/windows-x64-release/CMakeFiles/generate.stamp is out-of-date.
  the file 'C:/Dev/worktrees/horde-backend-six-pixel-witness/src/vulkan/raytracing/RtPipelineVariantCatalog.generated.h'
  is newer than 'C:/Dev/worktrees/horde-backend-six-pixel-witness/build/presets/windows-x64-release/CMakeFiles/generate.stamp.depend'
  result='-1'
-- Selecting Windows SDK version 10.0.26100.0 to target Windows 10.0.26200.
Generated RT catalog adapter is current.
-- Strict non-contracted asset-transform arithmetic enabled for GltfDocument.cpp and StaticMeshAsset.cpp: /fp:strict
-- Vulkan SDK found: 1.4.350
-- Legacy torch-failure identifiers were rejected by the configured MSVC compiler.
-- Horde Lantern RT: Vulkan capability probe and Windows diagnostic targets are available; Android builds from android/.
-- Configuring done (13.6s)
-- Generating done (0.7s)
-- Build files have been written to: C:/Dev/worktrees/horde-backend-six-pixel-witness/build/presets/windows-x64-release
MSBuild version 17.14.40+3e7442088 for .NET Framework

  1>Checking Build System
  pocket_audio_native_pcm.vcxproj -> C:\Dev\worktrees\horde-backend-six-pixel-witness\build\presets\windows-x64-release\pocket-audio-core-native\Release\pocket_audio_native_pcm.lib
  Building Custom Rule C:/Dev/worktrees/horde-backend-six-pixel-witness/CMakeLists.txt
  horde_gameplay_simulation.vcxproj -> C:\Dev\worktrees\horde-backend-six-pixel-witness\build\presets\windows-x64-release\Release\horde_gameplay_simulation.lib
  Building Custom Rule C:/Dev/worktrees/horde-backend-six-pixel-witness/CMakeLists.txt
  RtPipelineVariantProvider.cpp
  horde_rt_probe_core.vcxproj -> C:\Dev\worktrees\horde-backend-six-pixel-witness\build\presets\windows-x64-release\Release\horde_rt_probe_core.lib
  Building Custom Rule C:/Dev/worktrees/horde-backend-six-pixel-witness/CMakeLists.txt
  CharacterRenderSlotSmoke.cpp
  horde_rt_character_render_slot_smoke.vcxproj -> C:\Dev\worktrees\horde-backend-six-pixel-witness\build\presets\windows-x64-release\Release\horde_rt_character_render_slot_smoke.exe
