Blender 4.3.2
Read blend: "/source-workspace/horde-skeletal-source-kit-v1/source/horde_skeletal_source_kit.blend"
Fra:1 Mem:10.62M (Peak 10.62M) | Time:00:00.00 | Mem:0.00M, Peak:0.00M | Scene, ViewLayer | Synchronizing object | Boundary_orange
Fra:1 Mem:10.66M (Peak 10.66M) | Time:00:00.00 | Mem:0.00M, Peak:0.00M | Scene, ViewLayer | Synchronizing object | 12_skull_open_boundaries
Fra:1 Mem:10.80M (Peak 10.80M) | Time:00:00.00 | Mem:0.00M, Peak:0.00M | Scene, ViewLayer | Initializing
Fra:1 Mem:10.46M (Peak 10.80M) | Time:00:00.00 | Mem:0.00M, Peak:0.00M | Scene, ViewLayer | Waiting for render to start
Fra:1 Mem:10.46M (Peak 10.80M) | Time:00:00.00 | Mem:0.00M, Peak:0.00M | Scene, ViewLayer | Loading render kernels (may take a few minutes the first time)
Fra:1 Mem:10.46M (Peak 10.80M) | Time:00:00.00 | Mem:0.00M, Peak:0.00M | Scene, ViewLayer | Updating Scene
Fra:1 Mem:10.46M (Peak 10.80M) | Time:00:00.00 | Mem:0.00M, Peak:0.00M | Scene, ViewLayer | Updating Shaders
Fra:1 Mem:10.54M (Peak 10.80M) | Time:00:00.02 | Mem:0.00M, Peak:0.00M | Scene, ViewLayer | Updating Procedurals
Fra:1 Mem:10.54M (Peak 10.80M) | Time:00:00.02 | Mem:0.00M, Peak:0.00M | Scene, ViewLayer | Updating Background
Fra:1 Mem:10.54M (Peak 10.80M) | Time:00:00.02 | Mem:0.00M, Peak:0.00M | Scene, ViewLayer | Updating Camera
Fra:1 Mem:10.54M (Peak 10.80M) | Time:00:00.02 | Mem:0.00M, Peak:0.00M | Scene, ViewLayer | Updating Meshes Flags
Fra:1 Mem:10.54M (Peak 10.80M) | Time:00:00.02 | Mem:0.00M, Peak:0.00M | Scene, ViewLayer | Updating Objects
Fra:1 Mem:10.54M (Peak 10.80M) | Time:00:00.02 | Mem:0.00M, Peak:0.00M | Scene, ViewLayer | Updating Objects | Copying Transformations to device
Fra:1 Mem:10.54M (Peak 10.80M) | Time:00:00.02 | Mem:0.00M, Peak:0.00M | Scene, ViewLayer | Updating Objects | Applying Static Transformations
Fra:1 Mem:10.54M (Peak 10.80M) | Time:00:00.02 | Mem:0.00M, Peak:0.00M | Scene, ViewLayer | Updating Particle Systems
Fra:1 Mem:10.54M (Peak 10.80M) | Time:00:00.02 | Mem:0.00M, Peak:0.00M | Scene, ViewLayer | Updating Particle Systems | Copying Particles to device
Fra:1 Mem:10.54M (Peak 10.80M) | Time:00:00.02 | Mem:0.00M, Peak:0.00M | Scene, ViewLayer | Updating Meshes
Fra:1 Mem:10.58M (Peak 10.80M) | Time:00:00.02 | Mem:0.00M, Peak:0.00M | Scene, ViewLayer | Updating Mesh | Computing attributes
Fra:1 Mem:10.60M (Peak 10.80M) | Time:00:00.02 | Mem:0.00M, Peak:0.00M | Scene, ViewLayer | Updating Mesh | Copying Attributes to device
Fra:1 Mem:10.60M (Peak 10.80M) | Time:00:00.02 | Mem:0.02M, Peak:0.02M | Scene, ViewLayer | Updating Scene BVH | Building
Fra:1 Mem:10.60M (Peak 10.80M) | Time:00:00.02 | Mem:0.02M, Peak:0.02M | Scene, ViewLayer | Updating Scene BVH | Building BVH
Fra:1 Mem:10.60M (Peak 10.80M) | Time:00:00.02 | Mem:0.11M, Peak:0.11M | Scene, ViewLayer | Updating Scene BVH | Building BVH 0%
Fra:1 Mem:10.60M (Peak 10.80M) | Time:00:00.02 | Mem:0.21M, Peak:0.30M | Scene, ViewLayer | Updating Scene BVH | Copying BVH to device
Fra:1 Mem:10.60M (Peak 10.80M) | Time:00:00.02 | Mem:0.21M, Peak:0.30M | Scene, ViewLayer | Updating Mesh | Computing normals
Fra:1 Mem:10.71M (Peak 10.80M) | Time:00:00.02 | Mem:0.21M, Peak:0.30M | Scene, ViewLayer | Updating Mesh | Copying Mesh to device
Fra:1 Mem:10.71M (Peak 10.80M) | Time:00:00.02 | Mem:0.32M, Peak:0.32M | Scene, ViewLayer | Updating Objects Flags
Fra:1 Mem:10.71M (Peak 10.80M) | Time:00:00.02 | Mem:0.32M, Peak:0.32M | Scene, ViewLayer | Updating Primitive Offsets
Fra:1 Mem:10.71M (Peak 10.80M) | Time:00:00.02 | Mem:0.32M, Peak:0.32M | Scene, ViewLayer | Updating Images
Fra:1 Mem:10.71M (Peak 10.80M) | Time:00:00.02 | Mem:0.32M, Peak:0.32M | Scene, ViewLayer | Updating Camera Volume
Fra:1 Mem:10.71M (Peak 10.80M) | Time:00:00.02 | Mem:0.32M, Peak:0.32M | Scene, ViewLayer | Updating Lookup Tables
Fra:1 Mem:10.71M (Peak 10.80M) | Time:00:00.02 | Mem:0.40M, Peak:0.40M | Scene, ViewLayer | Updating Lights
Fra:1 Mem:10.71M (Peak 10.80M) | Time:00:00.02 | Mem:0.40M, Peak:0.40M | Scene, ViewLayer | Updating Lights | Computing tree
Fra:1 Mem:10.71M (Peak 10.80M) | Time:00:00.02 | Mem:0.40M, Peak:0.40M | Scene, ViewLayer | Updating Integrator
Fra:1 Mem:10.71M (Peak 10.80M) | Time:00:00.02 | Mem:0.40M, Peak:0.40M | Scene, ViewLayer | Updating Film
Fra:1 Mem:10.72M (Peak 10.80M) | Time:00:00.03 | Mem:0.32M, Peak:0.40M | Scene, ViewLayer | Updating Lookup Tables
Fra:1 Mem:10.72M (Peak 10.80M) | Time:00:00.03 | Mem:0.40M, Peak:0.40M | Scene, ViewLayer | Updating Baking
Fra:1 Mem:10.72M (Peak 10.80M) | Time:00:00.03 | Mem:0.40M, Peak:0.40M | Scene, ViewLayer | Updating Device | Writing constant memory
Fra:1 Mem:10.72M (Peak 10.80M) | Time:00:00.03 | Mem:0.40M, Peak:0.40M | Scene, ViewLayer | Sample 0/96
Fra:1 Mem:32.74M (Peak 32.74M) | Time:00:00.44 | Remaining:00:39.68 | Mem:22.38M, Peak:22.38M | Scene, ViewLayer | Sample 1/96
Fra:1 Mem:32.74M (Peak 32.74M) | Time:00:16.76 | Remaining:00:03.34 | Mem:22.38M, Peak:22.38M | Scene, ViewLayer | Sample 80/96
Fra:1 Mem:42.51M (Peak 62.04M) | Time:00:19.89 | Mem:22.38M, Peak:22.38M | Scene, ViewLayer | Sample 96/96
Fra:1 Mem:42.51M (Peak 62.04M) | Time:00:19.89 | Mem:22.38M, Peak:22.38M | Scene, ViewLayer | Finished
Saved: '/source-workspace/horde-skeletal-source-kit-v1/evidence/renders/12_skull_open_boundaries.png'
Time: 00:20.59 (Saving: 00:00.68)

Fra:1 Mem:11.16M (Peak 11.16M) | Time:00:00.00 | Mem:0.00M, Peak:0.00M | Scene, ViewLayer | Synchronizing object | Boundary_orange
Fra:1 Mem:11.22M (Peak 11.22M) | Time:00:00.00 | Mem:0.00M, Peak:0.00M | Scene, ViewLayer | Synchronizing object | Nonmanifold_red
Fra:1 Mem:11.26M (Peak 11.26M) | Time:00:00.00 | Mem:0.00M, Peak:0.00M | Scene, ViewLayer | Synchronizing object | 13_spine_source_topology
Fra:1 Mem:11.55M (Peak 11.55M) | Time:00:00.00 | Mem:0.00M, Peak:0.00M | Scene, ViewLayer | Initializing
Fra:1 Mem:11.04M (Peak 11.55M) | Time:00:00.00 | Mem:0.00M, Peak:0.00M | Scene, ViewLayer | Waiting for render to start
Fra:1 Mem:11.05M (Peak 11.55M) | Time:00:00.00 | Mem:0.00M, Peak:0.00M | Scene, ViewLayer | Loading render kernels (may take a few minutes the first time)
Fra:1 Mem:11.05M (Peak 11.55M) | Time:00:00.00 | Mem:0.00M, Peak:0.00M | Scene, ViewLayer | Updating Scene
Fra:1 Mem:11.05M (Peak 11.55M) | Time:00:00.00 | Mem:0.00M, Peak:0.00M | Scene, ViewLayer | Updating Shaders
Fra:1 Mem:11.13M (Peak 11.55M) | Time:00:00.00 | Mem:0.00M, Peak:0.00M | Scene, ViewLayer | Updating Procedurals
Fra:1 Mem:11.13M (Peak 11.55M) | Time:00:00.00 | Mem:0.00M, Peak:0.00M | Scene, ViewLayer | Updating Background
Fra:1 Mem:11.13M (Peak 11.55M) | Time:00:00.00 | Mem:0.00M, Peak:0.00M | Scene, ViewLayer | Updating Camera
Fra:1 Mem:11.13M (Peak 11.55M) | Time:00:00.00 | Mem:0.00M, Peak:0.00M | Scene, ViewLayer | Updating Meshes Flags
Fra:1 Mem:11.13M (Peak 11.55M) | Time:00:00.00 | Mem:0.00M, Peak:0.00M | Scene, ViewLayer | Updating Objects
Fra:1 Mem:11.13M (Peak 11.55M) | Time:00:00.00 | Mem:0.00M, Peak:0.00M | Scene, ViewLayer | Updating Objects | Copying Transformations to device
Fra:1 Mem:11.13M (Peak 11.55M) | Time:00:00.00 | Mem:0.00M, Peak:0.00M | Scene, ViewLayer | Updating Objects | Applying Static Transformations
Fra:1 Mem:11.13M (Peak 11.55M) | Time:00:00.00 | Mem:0.00M, Peak:0.00M | Scene, ViewLayer | Updating Particle Systems
Fra:1 Mem:11.13M (Peak 11.55M) | Time:00:00.00 | Mem:0.00M, Peak:0.00M | Scene, ViewLayer | Updating Particle Systems | Copying Particles to device
Fra:1 Mem:11.13M (Peak 11.55M) | Time:00:00.00 | Mem:0.00M, Peak:0.00M | Scene, ViewLayer | Updating Meshes
Fra:1 Mem:11.23M (Peak 11.55M) | Time:00:00.00 | Mem:0.00M, Peak:0.00M | Scene, ViewLayer | Updating Mesh | Computing attributes
Fra:1 Mem:11.27M (Peak 11.55M) | Time:00:00.00 | Mem:0.00M, Peak:0.00M | Scene, ViewLayer | Updating Mesh | Copying Attributes to device
Fra:1 Mem:11.27M (Peak 11.55M) | Time:00:00.00 | Mem:0.04M, Peak:0.04M | Scene, ViewLayer | Updating Scene BVH | Building
Fra:1 Mem:11.27M (Peak 11.55M) | Time:00:00.00 | Mem:0.04M, Peak:0.04M | Scene, ViewLayer | Updating Scene BVH | Building BVH
Fra:1 Mem:11.27M (Peak 11.55M) | Time:00:00.00 | Mem:0.24M, Peak:0.24M | Scene, ViewLayer | Updating Scene BVH | Building BVH 0%
Fra:1 Mem:11.27M (Peak 11.55M) | Time:00:00.01 | Mem:0.45M, Peak:0.64M | Scene, ViewLayer | Updating Scene BVH | Copying BVH to device
Fra:1 Mem:11.27M (Peak 11.55M) | Time:00:00.01 | Mem:0.45M, Peak:0.64M | Scene, ViewLayer | Updating Mesh | Computing normals
Fra:1 Mem:11.50M (Peak 11.55M) | Time:00:00.01 | Mem:0.45M, Peak:0.64M | Scene, ViewLayer | Updating Mesh | Copying Mesh to device
Fra:1 Mem:11.50M (Peak 11.55M) | Time:00:00.01 | Mem:0.68M, Peak:0.68M | Scene, ViewLayer | Updating Objects Flags
Fra:1 Mem:11.50M (Peak 11.55M) | Time:00:00.01 | Mem:0.68M, Peak:0.68M | Scene, ViewLayer | Updating Primitive Offsets
Fra:1 Mem:11.50M (Peak 11.55M) | Time:00:00.01 | Mem:0.68M, Peak:0.68M | Scene, ViewLayer | Updating Images
Fra:1 Mem:11.50M (Peak 11.55M) | Time:00:00.01 | Mem:0.68M, Peak:0.68M | Scene, ViewLayer | Updating Camera Volume
Fra:1 Mem:11.50M (Peak 11.55M) | Time:00:00.01 | Mem:0.68M, Peak:0.68M | Scene, ViewLayer | Updating Lookup Tables
Fra:1 Mem:11.50M (Peak 11.55M) | Time:00:00.01 | Mem:0.76M, Peak:0.76M | Scene, ViewLayer | Updating Lights
Fra:1 Mem:11.50M (Peak 11.55M) | Time:00:00.01 | Mem:0.76M, Peak:0.76M | Scene, ViewLayer | Updating Lights | Computing tree
Fra:1 Mem:11.50M (Peak 11.55M) | Time:00:00.01 | Mem:0.76M, Peak:0.76M | Scene, ViewLayer | Updating Integrator
Fra:1 Mem:11.50M (Peak 11.55M) | Time:00:00.01 | Mem:0.76M, Peak:0.76M | Scene, ViewLayer | Updating Film
Fra:1 Mem:11.50M (Peak 11.55M) | Time:00:00.01 | Mem:0.68M, Peak:0.76M | Scene, ViewLayer | Updating Lookup Tables
Fra:1 Mem:11.50M (Peak 11.55M) | Time:00:00.01 | Mem:0.76M, Peak:0.76M | Scene, ViewLayer | Updating Baking
Fra:1 Mem:11.50M (Peak 11.55M) | Time:00:00.01 | Mem:0.76M, Peak:0.76M | Scene, ViewLayer | Updating Device | Writing constant memory
Fra:1 Mem:11.50M (Peak 11.55M) | Time:00:00.01 | Mem:0.76M, Peak:0.76M | Scene, ViewLayer | Sample 0/96
Fra:1 Mem:33.53M (Peak 33.53M) | Time:00:00.29 | Remaining:00:26.57 | Mem:22.74M, Peak:22.74M | Scene, ViewLayer | Sample 1/96
Fra:1 Mem:33.53M (Peak 33.53M) | Time:00:05.74 | Remaining:00:01.14 | Mem:22.74M, Peak:22.74M | Scene, ViewLayer | Sample 80/96
Fra:1 Mem:43.29M (Peak 62.83M) | Time:00:06.42 | Mem:22.74M, Peak:22.74M | Scene, ViewLayer | Sample 96/96
Fra:1 Mem:43.29M (Peak 62.83M) | Time:00:06.42 | Mem:22.74M, Peak:22.74M | Scene, ViewLayer | Finished
Saved: '/source-workspace/horde-skeletal-source-kit-v1/evidence/renders/13_spine_source_topology.png'
Time: 00:06.73 (Saving: 00:00.29)

Extensions: writing cache failed ([Errno 30] Read-only file system: '/home/agent/.config/blender').
Extensions: writing cache failed ([Errno 30] Read-only file system: '/home/agent/.config/blender').

Blender quit
