MSBuild version 17.14.40+3e7442088 for .NET Framework

  horde_rtpv_0_1_obj.vcxproj -> <repo>\build\presets\windows-x64-release\horde_rtpv_0_1_obj.dir\Release\horde_rtpv_0_1_obj.lib
  horde_rtpv_0_0_obj.vcxproj -> <repo>\build\presets\windows-x64-release\horde_rtpv_0_0_obj.dir\Release\horde_rtpv_0_0_obj.lib
  horde_rtpv_1_1_obj.vcxproj -> <repo>\build\presets\windows-x64-release\horde_rtpv_1_1_obj.dir\Release\horde_rtpv_1_1_obj.lib
  horde_rtpv_1_0_obj.vcxproj -> <repo>\build\presets\windows-x64-release\horde_rtpv_1_0_obj.dir\Release\horde_rtpv_1_0_obj.lib
  pocket_audio_native_pcm.vcxproj -> <repo>\build\presets\windows-x64-release\pocket-audio-core-native\Release\pocket_audio_native_pcm.lib
  horde_rt_android_debug_request_admission_tests.vcxproj -> <repo>\build\presets\windows-x64-release\Release\horde_rt_android_debug_request_admission_tests.exe
  horde_rt_android_motion_evidence_policy_tests.vcxproj -> <repo>\build\presets\windows-x64-release\Release\horde_rt_android_motion_evidence_policy_tests.exe
  MusicDirector.cpp
  SwordCombatSmoke.cpp
  Building Custom Rule <repo>/CMakeLists.txt
  RtCompiledPipelineCacheTests.cpp
  horde_rt_combat_smoke.vcxproj -> <repo>\build\presets\windows-x64-release\Release\horde_rt_combat_smoke.exe
  Building Custom Rule <repo>/CMakeLists.txt
  MusicPcmAssetBank.cpp
  RtDeviceAddressLayoutTests.cpp
  horde_rt_compiled_pipeline_cache_tests.vcxproj -> <repo>\build\presets\windows-x64-release\Release\horde_rt_compiled_pipeline_cache_tests.exe
  horde_rt_dielectric_math_tests.vcxproj -> <repo>\build\presets\windows-x64-release\Release\horde_rt_dielectric_math_tests.exe
  Building Custom Rule <repo>/CMakeLists.txt
  EntryMenuHandoffTests.cpp
  horde_rt_device_address_layout_tests.vcxproj -> <repo>\build\presets\windows-x64-release\Release\horde_rt_device_address_layout_tests.exe
  Building Custom Rule <repo>/CMakeLists.txt
  RtEvidencePublicationTests.cpp
  MusicPcmStream.cpp
  RtEvidencePublication.cpp
  horde_rt_entry_menu_handoff_tests.vcxproj -> <repo>\build\presets\windows-x64-release\Release\horde_rt_entry_menu_handoff_tests.exe
  Building Custom Rule <repo>/CMakeLists.txt
  ForegroundPauseRenderCadenceTests.cpp
  RtPerformanceEvidence.cpp
  MusicPlaybackSession.cpp
  Generating Code...
  horde_rt_foreground_pause_render_cadence_tests.vcxproj -> <repo>\build\presets\windows-x64-release\Release\horde_rt_foreground_pause_render_cadence_tests.exe
  horde_rt_frame_evidence_coordinator_tests.vcxproj -> <repo>\build\presets\windows-x64-release\Release\horde_rt_frame_evidence_coordinator_tests.exe
  Building Custom Rule <repo>/CMakeLists.txt
  GitHubReleaseUpdaterTests.cpp
  horde_rt_evidence_publication_tests.vcxproj -> <repo>\build\presets\windows-x64-release\Release\horde_rt_evidence_publication_tests.exe
  Building Custom Rule <repo>/CMakeLists.txt
  GpuFrameTimerCollectionTests.cpp
  GitHubReleaseUpdater.cpp
  PlayerAnimationState.cpp
  GpuFrameTimer.cpp
  Generating Code...
  Generating Code...
  HeldItemKinematics.cpp
  horde_rt_github_release_updater_tests.vcxproj -> <repo>\build\presets\windows-x64-release\Release\horde_rt_github_release_updater_tests.exe
  horde_rt_gpu_resources_observation_tests.vcxproj -> <repo>\build\presets\windows-x64-release\Release\horde_rt_gpu_resources_observation_tests.exe
  Building Custom Rule <repo>/CMakeLists.txt
  horde_rt_gpu_frame_timer_collection_tests.vcxproj -> <repo>\build\presets\windows-x64-release\Release\horde_rt_gpu_frame_timer_collection_tests.exe
  GpuTimestampMathTests.cpp
  Building Custom Rule <repo>/CMakeLists.txt
  GraphicsPreviewPerformanceTests.cpp
  horde_rt_graphics_preview_performance_tests.vcxproj -> <repo>\build\presets\windows-x64-release\Release\horde_rt_graphics_preview_performance_tests.exe
  Building Custom Rule <repo>/CMakeLists.txt
  GraphicsPreviewTests.cpp
  horde_rt_gpu_timestamp_math_tests.vcxproj -> <repo>\build\presets\windows-x64-release\Release\horde_rt_gpu_timestamp_math_tests.exe
  Building Custom Rule <repo>/CMakeLists.txt
  HeldLightState.cpp
  BenchmarkScaleAdmissionTests.cpp
  FireEmitterState.cpp
  HeldItemState.cpp
  Generating Code...
  horde_rt_graphics_scale_legacy50_tests.vcxproj -> <repo>\build\presets\windows-x64-release\Release\horde_rt_graphics_scale_legacy50_tests.exe
  Building Custom Rule <repo>/CMakeLists.txt
  GameSimulation.cpp
  horde_rt_graphics_preview_tests.vcxproj -> <repo>\build\presets\windows-x64-release\Release\horde_rt_graphics_preview_tests.exe
  BenchmarkScaleAdmissionTests.cpp
  Building Custom Rule <repo>/CMakeLists.txt
  GraphicsSettingsTests.cpp
  horde_rt_graphics_scale_min33_tests.vcxproj -> <repo>\build\presets\windows-x64-release\Release\horde_rt_graphics_scale_min33_tests.exe
  Building Custom Rule <repo>/CMakeLists.txt
  GraphicsWindowsPersistenceTests.cpp
  Generating Code...
  horde_rt_graphics_settings_tests.vcxproj -> <repo>\build\presets\windows-x64-release\Release\horde_rt_graphics_settings_tests.exe
  Building Custom Rule <repo>/CMakeLists.txt
  IndoorDustTests.cpp
  horde_gameplay_simulation.vcxproj -> <repo>\build\presets\windows-x64-release\Release\horde_gameplay_simulation.lib
  horde_rt_input_mailbox_stress.vcxproj -> <repo>\build\presets\windows-x64-release\Release\horde_rt_input_mailbox_stress.exe
  Building Custom Rule <repo>/CMakeLists.txt
  Building Custom Rule <repo>/CMakeLists.txt
  horde_rt_indoor_dust_tests.vcxproj -> <repo>\build\presets\windows-x64-release\Release\horde_rt_indoor_dust_tests.exe
  Building Custom Rule <repo>/CMakeLists.txt
  Building Custom Rule <repo>/CMakeLists.txt
  Building Custom Rule <repo>/CMakeLists.txt
  PlayerRenderSlot.cpp
  DesktopControllerInputTests.cpp
  horde_rt_graphics_windows_persistence_tests.vcxproj -> <repo>\build\presets\windows-x64-release\Release\horde_rt_graphics_windows_persistence_tests.exe
  WindowsMusicPlayback.cpp
  HeldItemSocketTests.cpp
  horde_windows_music.vcxproj -> <repo>\build\presets\windows-x64-release\Release\horde_windows_music.lib
  CombatTimingTraceTests.cpp
  Generating Code...
  horde_rt_combat_timing_trace_tests.vcxproj -> <repo>\build\presets\windows-x64-release\Release\horde_rt_combat_timing_trace_tests.exe
  BenchmarkSummaryReportTests.cpp
  horde_rt_desktop_controller_input_tests.vcxproj -> <repo>\build\presets\windows-x64-release\Release\horde_rt_desktop_controller_input_tests.exe
  RtBenchmarkEvidenceRunTests.cpp
  BenchmarkSummary.cpp
  RtBenchmarkEvidenceRun.cpp
  horde_rt_held_item_socket_tests.vcxproj -> <repo>\build\presets\windows-x64-release\Release\horde_rt_held_item_socket_tests.exe
  RtBenchmarkEvidenceReportTests.cpp
  BenchmarkSummaryReport.cpp
  RtBenchmarkEvidenceReport.cpp
  ShowcaseBenchmark.cpp
  PlaytestReport.cpp
  RtPerformanceEvidence.cpp
  RtBenchmarkEvidenceReport.cpp
  ShowcaseBenchmark.cpp
  ShowcaseBenchmark.cpp
  RtBenchmarkEvidenceRun.cpp
  RtBenchmarkEvidenceRun.cpp
  Generating Code...
  RtPerformanceEvidence.cpp
  RtBenchmarkEvidenceReport.cpp
  Generating Code...
  RtPerformanceEvidence.cpp
  horde_rt_benchmark_evidence_run_tests.vcxproj -> <repo>\build\presets\windows-x64-release\Release\horde_rt_benchmark_evidence_run_tests.exe
  InputPresentationTraceTests.cpp
  Generating Code...
  horde_rt_benchmark_evidence_report_tests.vcxproj -> <repo>\build\presets\windows-x64-release\Release\horde_rt_benchmark_evidence_report_tests.exe
  AmbiencePcmLoopTests.cpp
  horde_rt_input_presentation_trace_tests.vcxproj -> <repo>\build\presets\windows-x64-release\Release\horde_rt_input_presentation_trace_tests.exe
  CharacterRenderSlot.cpp
  horde_rt_benchmark_summary_report_tests.vcxproj -> <repo>\build\presets\windows-x64-release\Release\horde_rt_benchmark_summary_report_tests.exe
  CombatFoundationTests.cpp
  horde_rt_ambience_pcm_loop_tests.vcxproj -> <repo>\build\presets\windows-x64-release\Release\horde_rt_ambience_pcm_loop_tests.exe
  DevelopmentStaticAssetTests.cpp
  PlayerRenderSlot.cpp
  horde_rt_combat_foundation_tests.vcxproj -> <repo>\build\presets\windows-x64-release\Release\horde_rt_combat_foundation_tests.exe
  FireEmitterTests.cpp
  PresentableTinyRtScene.cpp
  horde_rt_fire_emitter_tests.vcxproj -> <repo>\build\presets\windows-x64-release\Release\horde_rt_fire_emitter_tests.exe
  HeldItemClearanceTests.cpp
  horde_rt_development_static_asset_tests.vcxproj -> <repo>\build\presets\windows-x64-release\Release\horde_rt_development_static_asset_tests.exe
  SimulationFrameAdapter.cpp
  horde_rt_held_item_transition_tests.vcxproj -> <repo>\build\presets\windows-x64-release\Release\horde_rt_held_item_transition_tests.exe
  Building Custom Rule <repo>/CMakeLists.txt
  LanternBenchmarkTests.cpp
  horde_rt_held_item_clearance_tests.vcxproj -> <repo>\build\presets\windows-x64-release\Release\horde_rt_held_item_clearance_tests.exe
  LanternPendulumTests.cpp
  ShowcaseBenchmark.cpp
  Generating Code...
  RtBenchmarkEvidenceReport.cpp
  horde_rt_lantern_pendulum_tests.vcxproj -> <repo>\build\presets\windows-x64-release\Release\horde_rt_lantern_pendulum_tests.exe
  LanternRewardTests.cpp
  RtBenchmarkEvidenceRun.cpp
  RtPerformanceEvidence.cpp
  Generating Code...
  horde_rt_lantern_reward_tests.vcxproj -> <repo>\build\presets\windows-x64-release\Release\horde_rt_lantern_reward_tests.exe
  Building Custom Rule <repo>/CMakeLists.txt
  MenuAmbienceTests.cpp
  horde_rt_probe_core.vcxproj -> <repo>\build\presets\windows-x64-release\Release\horde_rt_probe_core.lib
  MotionEvidenceScenario.cpp
  horde_rt_menu_ambience_tests.vcxproj -> <repo>\build\presets\windows-x64-release\Release\horde_rt_menu_ambience_tests.exe
  Building Custom Rule <repo>/CMakeLists.txt
  horde_rt_lantern_benchmark_tests.vcxproj -> <repo>\build\presets\windows-x64-release\Release\horde_rt_lantern_benchmark_tests.exe
  Building Custom Rule <repo>/CMakeLists.txt
  CapabilityProbeMain.cpp
  DeveloperOverlaySmoke.cpp
  DiagnosticOverlay.cpp
  MotionEvidenceLedger.cpp
  DiagnosticOverlay.cpp
  Generating Code...
  Generating Code...
  horde_rt_developer_overlay_smoke.vcxproj -> <repo>\build\presets\windows-x64-release\Release\horde_rt_developer_overlay_smoke.exe
  CharacterRenderSlotSmoke.cpp
  Building Custom Rule <repo>/CMakeLists.txt
  MotionEvidenceScenarioTests.cpp
  DriverCapabilityReportTests.cpp
  Generating Code...
  horde_rt_driver_capability_report_tests.vcxproj -> <repo>\build\presets\windows-x64-release\Release\horde_rt_driver_capability_report_tests.exe
  Building Custom Rule <repo>/CMakeLists.txt
  EntryMenuSceneTests.cpp
  horde_rt_motion_evidence_scenario_tests.vcxproj -> <repo>\build\presets\windows-x64-release\Release\horde_rt_motion_evidence_scenario_tests.exe
  FinalHeldTorchClearanceTests.cpp
  horde_rt_entry_menu_scene_tests.vcxproj -> <repo>\build\presets\windows-x64-release\Release\horde_rt_entry_menu_scene_tests.exe
  HeldItemVerticalSupportRigTests.cpp
  horde_rt_held_item_vertical_support_rig_tests.vcxproj -> <repo>\build\presets\windows-x64-release\Release\horde_rt_held_item_vertical_support_rig_tests.exe
  horde_rt_capability_probe.vcxproj -> <repo>\build\presets\windows-x64-release\Release\horde_rt_capability_probe.exe
  GraphicsPreviewFrameAdapterTests.cpp
  horde_rt_final_held_torch_clearance_tests.vcxproj -> <repo>\build\presets\windows-x64-release\Release\horde_rt_final_held_torch_clearance_tests.exe
  MusicDirectorTests.cpp
  horde_rt_character_render_slot_smoke.vcxproj -> <repo>\build\presets\windows-x64-release\Release\horde_rt_character_render_slot_smoke.exe
  DiagnosticWindow.cpp
  horde_rt_graphics_preview_frame_adapter_tests.vcxproj -> <repo>\build\presets\windows-x64-release\Release\horde_rt_graphics_preview_frame_adapter_tests.exe
  Building Custom Rule <repo>/CMakeLists.txt
  MusicPcmAssetBankTests.cpp
  horde_rt_music_director_tests.vcxproj -> <repo>\build\presets\windows-x64-release\Release\horde_rt_music_director_tests.exe
  Building Custom Rule <repo>/CMakeLists.txt
  MusicPcmStreamTests.cpp
  DiagnosticOverlay.cpp
  horde_rt_music_pcm_asset_bank_tests.vcxproj -> <repo>\build\presets\windows-x64-release\Release\horde_rt_music_pcm_asset_bank_tests.exe
  Building Custom Rule <repo>/CMakeLists.txt
  MusicPcmWaveTests.cpp
  horde_rt_music_pcm_stream_tests.vcxproj -> <repo>\build\presets\windows-x64-release\Release\horde_rt_music_pcm_stream_tests.exe
  Building Custom Rule <repo>/CMakeLists.txt
  MusicPlaybackSessionTests.cpp
  Generating Code...
  horde_rt_music_pcm_wave_tests.vcxproj -> <repo>\build\presets\windows-x64-release\Release\horde_rt_music_pcm_wave_tests.exe
  Building Custom Rule <repo>/CMakeLists.txt
  RtPerformanceEvidenceTests.cpp
  horde_rt_music_playback_session_tests.vcxproj -> <repo>\build\presets\windows-x64-release\Release\horde_rt_music_playback_session_tests.exe
  horde_rt_pipeline_bundle_contracts_tests.vcxproj -> <repo>\build\presets\windows-x64-release\Release\horde_rt_pipeline_bundle_contracts_tests.exe
  horde_rt_pipeline_bundle_lifetime_tests.vcxproj -> <repo>\build\presets\windows-x64-release\Release\horde_rt_pipeline_bundle_lifetime_tests.exe
  Building Custom Rule <repo>/CMakeLists.txt
  PipelineCacheSeedTests.cpp
  RtPerformanceEvidence.cpp
  horde_rt_diagnostic_window.vcxproj -> <repo>\build\presets\windows-x64-release\Release\HordeLanternRT.exe
  horde_rt_pipeline_variant_provider_tests.vcxproj -> <repo>\build\presets\windows-x64-release\Release\horde_rt_pipeline_variant_provider_tests.exe
  horde_rt_pipeline_variants_tests.vcxproj -> <repo>\build\presets\windows-x64-release\Release\horde_rt_pipeline_variants_tests.exe
  horde_rt_pipeline_cache_seed_tests.vcxproj -> <repo>\build\presets\windows-x64-release\Release\horde_rt_pipeline_cache_seed_tests.exe
  PlayerRenderSlot.cpp
  PlayerDirectionalRigTests.cpp
  Generating Code...
  PlayerAnimationTests.cpp
  horde_rt_player_directional_rig_tests.vcxproj -> <repo>\build\presets\windows-x64-release\Release\horde_rt_player_directional_rig_tests.exe
  horde_rt_player_primitive_contract_tests.vcxproj -> <repo>\build\presets\windows-x64-release\Release\horde_rt_player_primitive_contract_tests.exe
  horde_rt_performance_evidence_tests.vcxproj -> <repo>\build\presets\windows-x64-release\Release\horde_rt_performance_evidence_tests.exe
  Building Custom Rule <repo>/CMakeLists.txt
  Building Custom Rule <repo>/CMakeLists.txt
  PlayerSkinningBenchmark.cpp
  PlaytestReportTests.cpp
  Generating Code...
  horde_rt_playtest_report_tests.vcxproj -> <repo>\build\presets\windows-x64-release\Release\horde_rt_playtest_report_tests.exe
  Building Custom Rule <repo>/CMakeLists.txt
  PlaytestSubmissionTests.cpp
  horde_rt_player_skinning_benchmark.vcxproj -> <repo>\build\presets\windows-x64-release\Release\horde_rt_player_skinning_benchmark.exe
  horde_rt_present_completion_tests.vcxproj -> <repo>\build\presets\windows-x64-release\Release\horde_rt_present_completion_tests.exe
  Building Custom Rule <repo>/CMakeLists.txt
  BenchmarkSummary.cpp
  PresentTimingEvidenceTests.cpp
  horde_rt_player_animation_tests.vcxproj -> <repo>\build\presets\windows-x64-release\Release\horde_rt_player_animation_tests.exe
  horde_rt_presentation_transform_tests.vcxproj -> <repo>\build\presets\windows-x64-release\Release\horde_rt_presentation_transform_tests.exe
  BenchmarkSummaryReport.cpp
  Building Custom Rule <repo>/CMakeLists.txt
  ProductionPropAssetTests.cpp
  ShowcaseBenchmark.cpp
  RtBenchmarkEvidenceRun.cpp
  AssetManifest.cpp
  RtBenchmarkEvidenceReport.cpp
  RtPerformanceEvidence.cpp
  AssetValidation.cpp
  Generating Code...
  Generating Code...
  horde_rt_present_timing_evidence_tests.vcxproj -> <repo>\build\presets\windows-x64-release\Release\horde_rt_present_timing_evidence_tests.exe
  horde_rt_provider_diagnostic_high_fixture.vcxproj -> <repo>\build\presets\windows-x64-release\Release\horde_rt_provider_diagnostic_high_fixture.exe
  horde_rt_provider_shipping_high_fixture.vcxproj -> <repo>\build\presets\windows-x64-release\Release\horde_rt_provider_shipping_high_fixture.exe
  horde_rt_provider_diagnostic_mobile_fixture.vcxproj -> <repo>\build\presets\windows-x64-release\Release\horde_rt_provider_diagnostic_mobile_fixture.exe
  Building Custom Rule <repo>/CMakeLists.txt
  RayTracingRequirementsTests.cpp
  RayTracingRequirements.cpp
  Generating Code...
  horde_rt_ray_tracing_requirements_tests.vcxproj -> <repo>\build\presets\windows-x64-release\Release\horde_rt_ray_tracing_requirements_tests.exe
  horde_rt_provider_shipping_mobile_fixture.vcxproj -> <repo>\build\presets\windows-x64-release\Release\horde_rt_provider_shipping_mobile_fixture.exe
  horde_rt_retirement_owner_tests.vcxproj -> <repo>\build\presets\windows-x64-release\Release\horde_rt_retirement_owner_tests.exe
  horde_rt_scene_abi_tests.vcxproj -> <repo>\build\presets\windows-x64-release\Release\horde_rt_scene_abi_tests.exe
  horde_rt_playtest_submission_tests.vcxproj -> <repo>\build\presets\windows-x64-release\Release\horde_rt_playtest_submission_tests.exe
  RtSceneInitialisePreflightTests.cpp
  Building Custom Rule <repo>/CMakeLists.txt
  RtSceneRecordObservationTests.cpp
  RtPerformanceEvidence.cpp
  GltfDocument.cpp
  Generating Code...
  horde_rt_scene_initialise_preflight_tests.vcxproj -> <repo>\build\presets\windows-x64-release\Release\horde_rt_scene_initialise_preflight_tests.exe
  RtSceneResourceInventoryTests.cpp
  Building Custom Rule <repo>/CMakeLists.txt
  SfxVolumeTests.cpp
  StaticMeshAsset.cpp
  horde_rt_sfx_volume_tests.vcxproj -> <repo>\build\presets\windows-x64-release\Release\horde_rt_sfx_volume_tests.exe
  horde_rt_scene_record_observation_tests.vcxproj -> <repo>\build\presets\windows-x64-release\Release\horde_rt_scene_record_observation_tests.exe
  Building Custom Rule <repo>/CMakeLists.txt
  ShaftDressingGeometryTests.cpp
  Generating Code...
  horde_rt_shaft_dressing_geometry_tests.vcxproj -> <repo>\build\presets\windows-x64-release\Release\horde_rt_shaft_dressing_geometry_tests.exe
  Building Custom Rule <repo>/CMakeLists.txt
  ShowcaseBenchmarkSmoke.cpp
  horde_rt_scene_resource_inventory_tests.vcxproj -> <repo>\build\presets\windows-x64-release\Release\horde_rt_scene_resource_inventory_tests.exe
  ShowcaseGameplaySmoke.cpp
  horde_rt_production_prop_asset_tests.vcxproj -> <repo>\build\presets\windows-x64-release\Release\horde_rt_production_prop_asset_tests.exe
  horde_rt_showcase_route_smoke.vcxproj -> <repo>\build\presets\windows-x64-release\Release\horde_rt_showcase_route_smoke.exe
  SimulationGameplayTests.cpp
  horde_rt_showcase_gameplay_smoke.vcxproj -> <repo>\build\presets\windows-x64-release\Release\horde_rt_showcase_gameplay_smoke.exe
  SimulationTimingTests.cpp
  horde_rt_showcase_benchmark_smoke.vcxproj -> <repo>\build\presets\windows-x64-release\Release\horde_rt_showcase_benchmark_smoke.exe
  horde_rt_skinned_arm_reference_tests.vcxproj -> <repo>\build\presets\windows-x64-release\Release\horde_rt_skinned_arm_reference_tests.exe
  SkinnedCharacterModelSmoke.cpp
  horde_rt_simulation_timing_tests.vcxproj -> <repo>\build\presets\windows-x64-release\Release\horde_rt_simulation_timing_tests.exe
  horde_rt_skinned_node_pose_batch_tests.vcxproj -> <repo>\build\presets\windows-x64-release\Release\horde_rt_skinned_node_pose_batch_tests.exe
  horde_rt_spatial_audio_smoke.vcxproj -> <repo>\build\presets\windows-x64-release\Release\horde_rt_spatial_audio_smoke.exe
  Building Custom Rule <repo>/CMakeLists.txt
  StagedPrimaryContractTests.cpp
  horde_rt_staged_primary_contract_tests.vcxproj -> <repo>\build\presets\windows-x64-release\Release\horde_rt_staged_primary_contract_tests.exe
  Building Custom Rule <repo>/CMakeLists.txt
  StagedPrimaryResourceTests.cpp
  StagedPrimaryPass.cpp
  Generating Code...
  horde_rt_staged_primary_resource_tests.vcxproj -> <repo>\build\presets\windows-x64-release\Release\horde_rt_staged_primary_resource_tests.exe
  Building Custom Rule <repo>/CMakeLists.txt
  StagedPrimaryTimingTests.cpp
  horde_rt_simulation_gameplay_tests.vcxproj -> <repo>\build\presets\windows-x64-release\Release\horde_rt_simulation_gameplay_tests.exe
  StagedPrimaryTiming.cpp
  Building Custom Rule <repo>/CMakeLists.txt
  StaticCollapseAssetTests.cpp
  Generating Code...
  horde_rt_skinned_character_smoke.vcxproj -> <repo>\build\presets\windows-x64-release\Release\horde_rt_skinned_character_smoke.exe
  Building Custom Rule <repo>/CMakeLists.txt
  StaticGltfAssetTests.cpp
  horde_rt_staged_primary_timing_tests.vcxproj -> <repo>\build\presets\windows-x64-release\Release\horde_rt_staged_primary_timing_tests.exe
  horde_rt_surface_presentation_policy_tests.vcxproj -> <repo>\build\presets\windows-x64-release\Release\horde_rt_surface_presentation_policy_tests.exe
  horde_rt_surface_session_mailbox_tests.vcxproj -> <repo>\build\presets\windows-x64-release\Release\horde_rt_surface_session_mailbox_tests.exe
  Building Custom Rule <repo>/CMakeLists.txt
  RtTextureLayerSubsetTests.cpp
  AssetManifest.cpp
  horde_rt_texture_layer_subset_tests.vcxproj -> <repo>\build\presets\windows-x64-release\Release\horde_rt_texture_layer_subset_tests.exe
  Building Custom Rule <repo>/CMakeLists.txt
  VersionContractIncrementalConfigureTests.cpp
  AssetManifest.cpp
  AssetValidation.cpp
  RtStaticMeshSlot.cpp
  AssetValidation.cpp
  RtStaticMeshSlot.cpp
  Generating Code...
  horde_rt_version_contract_incremental_configure_tests.vcxproj -> <repo>\build\presets\windows-x64-release\Release\horde_rt_version_contract_incremental_configure_tests.exe
  Building Custom Rule <repo>/CMakeLists.txt
  VersionContractTests.cpp
  Generating Code...
  GltfDocument.cpp
  StaticMeshAsset.cpp
  horde_rt_version_contract_tests.vcxproj -> <repo>\build\presets\windows-x64-release\Release\horde_rt_version_contract_tests.exe
  VerticalSupportTests.cpp
  GltfDocument.cpp
  Generating Code...
  StaticMeshAsset.cpp
  horde_rt_vertical_support_tests.vcxproj -> <repo>\build\presets\windows-x64-release\Release\horde_rt_vertical_support_tests.exe
  WaterfallProductionRouteTests.cpp
  horde_rt_static_collapse_asset_tests.vcxproj -> <repo>\build\presets\windows-x64-release\Release\horde_rt_static_collapse_asset_tests.exe
  Generating Code...
  Building Custom Rule <repo>/CMakeLists.txt
  WindowsBenchmarkLaunchTests.cpp
  horde_rt_waterfall_production_route_tests.vcxproj -> <repo>\build\presets\windows-x64-release\Release\horde_rt_waterfall_production_route_tests.exe
  WindowsCombatPracticeLaunchTests.cpp
  horde_rt_windows_combat_practice_launch_tests.vcxproj -> <repo>\build\presets\windows-x64-release\Release\horde_rt_windows_combat_practice_launch_tests.exe
  WindowsMotionEvidenceLaunchTests.cpp
  horde_rt_static_gltf_asset_tests.vcxproj -> <repo>\build\presets\windows-x64-release\Release\horde_rt_static_gltf_asset_tests.exe
  Building Custom Rule <repo>/CMakeLists.txt
  WindowsMusicFocusTests.cpp
  horde_rt_windows_benchmark_launch_tests.vcxproj -> <repo>\build\presets\windows-x64-release\Release\horde_rt_windows_benchmark_launch_tests.exe
  Building Custom Rule <repo>/CMakeLists.txt
  WindowsMusicPlaybackSmoke.cpp
  horde_rt_windows_music_focus_tests.vcxproj -> <repo>\build\presets\windows-x64-release\Release\horde_rt_windows_music_focus_tests.exe
  Building Custom Rule <repo>/CMakeLists.txt
  WindowsOutputResizeLaunchTests.cpp
  horde_rt_windows_motion_evidence_launch_tests.vcxproj -> <repo>\build\presets\windows-x64-release\Release\horde_rt_windows_motion_evidence_launch_tests.exe
  Building Custom Rule <repo>/CMakeLists.txt
  horde_rt_windows_output_resize_launch_tests.vcxproj -> <repo>\build\presets\windows-x64-release\Release\horde_rt_windows_output_resize_launch_tests.exe
  Building Custom Rule <repo>/CMakeLists.txt
  WindowsPlaytestReportUiTests.cpp
  WindowsPlaytestScreenshotTests.cpp
  horde_rt_windows_music_playback_smoke.vcxproj -> <repo>\build\presets\windows-x64-release\Release\horde_rt_windows_music_playback_smoke.exe
  Building Custom Rule <repo>/CMakeLists.txt
  WindowsPlaytestSubmissionTests.cpp
  WindowsPlaytestReport.cpp
  WindowsPlaytestScreenshot.cpp
  WindowsPlaytestSubmission.cpp
  Generating Code...
  Generating Code...
  horde_rt_windows_playtest_screenshot_tests.vcxproj -> <repo>\build\presets\windows-x64-release\Release\horde_rt_windows_playtest_screenshot_tests.exe
  Building Custom Rule <repo>/CMakeLists.txt
  WindowsPlaytestVerificationTests.cpp
  horde_rt_windows_playtest_report_ui_tests.vcxproj -> <repo>\build\presets\windows-x64-release\Release\horde_rt_windows_playtest_report_ui_tests.exe
  Building Custom Rule <repo>/CMakeLists.txt
  WindowsRemotePlaytestReportUiTests.cpp
  Generating Code...
  WindowsPlaytestVerification.cpp
  horde_rt_windows_playtest_submission_tests.vcxproj -> <repo>\build\presets\windows-x64-release\Release\horde_rt_windows_playtest_submission_tests.exe
  WindowsRemotePlaytestReport.cpp
  Generating Code...
  WorldRouteFoundationTests.cpp
  horde_rt_windows_playtest_verification_tests.vcxproj -> <repo>\build\presets\windows-x64-release\Release\horde_rt_windows_playtest_verification_tests.exe
  Building Custom Rule <repo>/third_party/pocket-audio-core/native/CMakeLists.txt
  PcmNativeTests.cpp
  WindowsPlaytestReport.cpp
  pocket_audio_native_pcm_tests.vcxproj -> <repo>\build\presets\windows-x64-release\pocket-audio-core-native\Release\pocket_audio_native_pcm_tests.exe
  horde_rt_world_route_foundation_tests.vcxproj -> <repo>\build\presets\windows-x64-release\Release\horde_rt_world_route_foundation_tests.exe
  WindowsPlaytestScreenshot.cpp
  WindowsPlaytestSubmission.cpp
  WindowsPlaytestVerification.cpp
  Generating Code...
  horde_rt_windows_remote_playtest_report_ui_tests.vcxproj -> <repo>\build\presets\windows-x64-release\Release\horde_rt_windows_remote_playtest_report_ui_tests.exe
  Building Custom Rule <repo>/CMakeLists.txt
