MSBuild version 17.14.40+3e7442088 for .NET Framework

  1>Checking Build System
  Building Custom Rule C:/Users/sam_s/Documents/the Horde RT Demo/.worktrees/horde-1.6.1-engineering-pass/third_party/pocket-audio-core/native/CMakeLists.txt
  PcmLoopStream.cpp
  PcmWave.cpp
  Generating Code...
  pocket_audio_native_pcm.vcxproj -> C:\Dev\tmp\horde-music-bank-asan-20261001\build\pocket-audio-core-native\Debug\pocket_audio_native_pcm.lib
  Building Custom Rule C:/Users/sam_s/Documents/the Horde RT Demo/.worktrees/horde-1.6.1-engineering-pass/CMakeLists.txt
  MusicDirector.cpp
  MusicPcmStream.cpp
  MusicPcmWave.cpp
  MusicPcmAssetBank.cpp
  GameSimulation.cpp
  PlayerAnimationState.cpp
  PlayerIkTargets.cpp
  FireEmitterState.cpp
  InteractionState.cpp
  ChestRewardSequence.cpp
  FinaleSequence.cpp
  LanternPendulum.cpp
  HeldItemState.cpp
  HeldItemKinematics.cpp
  HeldLightState.cpp
  Generating Code...
  horde_gameplay_simulation.vcxproj -> C:\Dev\tmp\horde-music-bank-asan-20261001\build\Debug\horde_gameplay_simulation.lib
  Building Custom Rule C:/Users/sam_s/Documents/the Horde RT Demo/.worktrees/horde-1.6.1-engineering-pass/CMakeLists.txt
  MusicPcmAssetBankTests.cpp
LINK : warning LNK4300: ignoring '/INCREMENTAL' because input module contains ASAN metadata [C:\Dev\tmp\horde-music-bank-asan-20261001\build\horde_rt_music_pcm_asset_bank_tests.vcxproj]
  horde_rt_music_pcm_asset_bank_tests.vcxproj -> C:\Dev\tmp\horde-music-bank-asan-20261001\build\Debug\horde_rt_music_pcm_asset_bank_tests.exe
