MSBuild version 17.14.40+3e7442088 for .NET Framework

  pocket_audio_native_pcm.vcxproj -> C:\Dev\tmp\horde-pocket-audio-core-native-20261001\horde-build\pocket-audio-core-native\Release\pocket_audio_native_pcm.lib
  horde_gameplay_simulation.vcxproj -> C:\Dev\tmp\horde-pocket-audio-core-native-20261001\horde-build\Release\horde_gameplay_simulation.lib
  Building Custom Rule C:/Users/sam_s/Documents/the Horde RT Demo/.worktrees/horde-1.6.1-engineering-pass/CMakeLists.txt
  Building Custom Rule C:/Users/sam_s/Documents/the Horde RT Demo/.worktrees/horde-1.6.1-engineering-pass/CMakeLists.txt
  horde_rt_probe_core.vcxproj -> C:\Dev\tmp\horde-pocket-audio-core-native-20261001\horde-build\Release\horde_rt_probe_core.lib
  WindowsMusicPlayback.cpp
  horde_windows_music.vcxproj -> C:\Dev\tmp\horde-pocket-audio-core-native-20261001\horde-build\Release\horde_windows_music.lib
  Building Custom Rule C:/Users/sam_s/Documents/the Horde RT Demo/.worktrees/horde-1.6.1-engineering-pass/CMakeLists.txt
  DiagnosticWindow.cpp
  horde_rt_diagnostic_window.vcxproj -> C:\Dev\tmp\horde-pocket-audio-core-native-20261001\horde-build\Release\HordeLanternRT.exe
MSBuild version 17.14.40+3e7442088 for .NET Framework

  pocket_audio_native_pcm.vcxproj -> C:\Dev\tmp\horde-pocket-audio-core-native-20261001\horde-build\pocket-audio-core-native\Release\pocket_audio_native_pcm.lib
  horde_gameplay_simulation.vcxproj -> C:\Dev\tmp\horde-pocket-audio-core-native-20261001\horde-build\Release\horde_gameplay_simulation.lib
  horde_windows_music.vcxproj -> C:\Dev\tmp\horde-pocket-audio-core-native-20261001\horde-build\Release\horde_windows_music.lib
  Building Custom Rule C:/Users/sam_s/Documents/the Horde RT Demo/.worktrees/horde-1.6.1-engineering-pass/CMakeLists.txt
  WindowsMusicPlaybackSmoke.cpp
  horde_rt_windows_music_playback_smoke.vcxproj -> C:\Dev\tmp\horde-pocket-audio-core-native-20261001\horde-build\Release\horde_rt_windows_music_playback_smoke.exe
MSBuild version 17.14.40+3e7442088 for .NET Framework
MSBUILD : error MSB1009: Project file does not exist.
Switch: horde_rt_game_simulation_tests.vcxproj
