UpdateCTestConfiguration  from :<repo>/DartConfiguration.tcl
UpdateCTestConfiguration  from :<repo>/build/presets/windows-x64-release/DartConfiguration.tcl
Parse Config file:<repo>/build/presets/windows-x64-release/DartConfiguration.tcl
Test project <repo>/build/presets/windows-x64-release
Constructing a list of tests
Done constructing a list of tests
Updating test list for fixtures
Added 0 tests to meet fixture requirements
Checking test dependency graph...
Checking test dependency graph end
test 55
    Start  55: horde_rt_pipeline_variants_tests

55: Test command: "<repo>\build\presets\windows-x64-release\Release\horde_rt_pipeline_variants_tests.exe"
55: Working Directory: <repo>/build/presets/windows-x64-release
55: Test timeout computed to be: 1500
1/6 Test  #55: horde_rt_pipeline_variants_tests .........................   Passed    0.01 sec
test 56
    Start  56: horde_rt_pipeline_variant_provider_tests

56: Test command: "<repo>\build\presets\windows-x64-release\Release\horde_rt_pipeline_variant_provider_tests.exe"
56: Working Directory: <repo>/build/presets/windows-x64-release
56: Test timeout computed to be: 1500
2/6 Test  #56: horde_rt_pipeline_variant_provider_tests .................   Passed    0.01 sec
test 57
    Start  57: horde_rt_pipeline_bundle_contracts_tests

57: Test command: "<repo>\build\presets\windows-x64-release\Release\horde_rt_pipeline_bundle_contracts_tests.exe"
57: Working Directory: <repo>/build/presets/windows-x64-release
57: Test timeout computed to be: 1500
3/6 Test  #57: horde_rt_pipeline_bundle_contracts_tests .................   Passed    0.03 sec
test 140
    Start 140: horde_rt_final_windows_bundle_containment

140: Test command: "C:\Program Files\PowerShell\7\pwsh.exe" "-NoProfile" "-File" "<repo>/tools/InspectRtPipelineBundleContainment.ps1" "-TargetPath" "<repo>/build/presets/windows-x64-release/Release/HordeLanternRT.exe" "-TargetPlatform" "Windows" "-Instrumentation" "Shipping" "-Quality" "High"
140: Working Directory: <repo>/build/presets/windows-x64-release
140: Test timeout computed to be: 300
140: {"target":"<repo>\\build\\presets\\windows-x64-release\\Release\\HordeLanternRT.exe","targetPlatform":"Windows","instrumentation":"Shipping","quality":"High","targetSha256":"eb125addc50cdfbc0a4e4398456f2fe2847d10cb8ec649569f3ee1690c15fc6d","targetBytes":4115968,"semanticKeys":["shipping_high_generic_dielectric","shipping_high_opaque_fast","rayquery_compute_shipping_high_generic_dielectric","rayquery_compute_shipping_high_opaque_fast"],"modules":[{"offset":1816384,"backend":"RayTracingPipeline","executionModel":"RayGenerationKHR","sha256":"53c750339d09c6d86a962c0b6ee0a8b7d2fd3d2ecf964beeb8230e1a306f6c7f","words":147821,"rayQueryCapability":true,"rayQueryInitializations":29,"binding22":false,"atomicInstructions":0},{"offset":2407680,"backend":"RayTracingPipeline","executionModel":"RayGenerationKHR","sha256":"dcf4ae58c422c9c512a2f8d0fccffcbb03414058eb59367f3272aab145c2d809","words":71783,"rayQueryCapability":true,"rayQueryInitializations":2,"binding22":false,"atomicInstructions":0},{"offset":2694816,"backend":"RayQueryCompute","executionModel":"GLCompute","sha256":"f21fb2fe7acf6991d43ba697cc40ca05460e844b0be5c6e5d1e0bd5dcc193ee5","words":148122,"rayQueryCapability":true,"rayQueryInitializations":29,"binding22":false,"atomicInstructions":0},{"offset":3287312,"backend":"RayQueryCompute","executionModel":"GLCompute","sha256":"cf819ead8266e755bc3c783380f983a7a0d3e0e338834234cb643f78a65ef1bb","words":71845,"rayQueryCapability":true,"rayQueryInitializations":2,"binding22":false,"atomicInstructions":0}],"spirvVal":"passed","spirvDis":"passed"}
4/6 Test #140: horde_rt_final_windows_bundle_containment ................   Passed   12.28 sec
test 141
    Start 141: horde_rt_final_windows_bundle_containment_controls

141: Test command: "C:\Program Files\PowerShell\7\pwsh.exe" "-NoProfile" "-File" "<repo>/tests/RtPipelineBundleContainmentTests.ps1" "-Scanner" "<repo>/tools/InspectRtPipelineBundleContainment.ps1" "-TargetPath" "<repo>/build/presets/windows-x64-release/Release/HordeLanternRT.exe" "-TargetPlatform" "Windows" "-Instrumentation" "Shipping" "-Quality" "High" "-PowerShellExecutable" "C:/Program Files/PowerShell/7/pwsh.exe"
141: Working Directory: <repo>/build/presets/windows-x64-release
141: Test timeout computed to be: 300
141: Final-target containment scanner adversarial controls passed.
5/6 Test #141: horde_rt_final_windows_bundle_containment_controls .......   Passed  124.88 sec
test 142
    Start 142: horde_rt_final_windows_bundle_containment_registration

142: Test command: "C:\Program Files\PowerShell\7\pwsh.exe" "-NoProfile" "-File" "<repo>/tests/RtPipelineBundleContainmentRegistrationTests.ps1" "-CmakeExecutable" "C:/Program Files (x86)/Microsoft Visual Studio/2022/BuildTools/Common7/IDE/CommonExtensions/Microsoft/CMake/CMake/bin/cmake.exe" "-ConfiguredCtestFile" "<repo>/build/presets/windows-x64-release/CTestTestfile.cmake" "-Configuration" "Release" "-Instrumentation" "Shipping" "-Quality" "High" "-Generator" "Visual Studio 17 2022" "-GeneratorPlatform" "x64"
142: Working Directory: <repo>/build/presets/windows-x64-release
142: Test timeout computed to be: 300
142: -- Selecting Windows SDK version 10.0.26100.0 to target Windows 10.0.26300.
142: -- The CXX compiler identification is MSVC 19.44.35227.0
142: -- Detecting CXX compiler ABI info
142: -- Detecting CXX compiler ABI info - done
142: -- Check for working CXX compiler: C:/Program Files (x86)/Microsoft Visual Studio/2022/BuildTools/VC/Tools/MSVC/14.44.35207/bin/Hostx64/x64/cl.exe - skipped
142: -- Detecting CXX compile features
142: -- Detecting CXX compile features - done
142: Generated RT catalog adapter is current.
142: -- Strict non-contracted asset-transform arithmetic enabled for GltfDocument.cpp and StaticMeshAsset.cpp: /fp:strict
142: -- Found Vulkan: C:/VulkanSDK/1.4.350.0/Lib/vulkan-1.lib (found version "1.4.350") found components: glslc glslangValidator
142: -- Vulkan SDK found: 1.4.350
142: -- Performing Test CMAKE_HAVE_LIBC_PTHREAD
142: -- Performing Test CMAKE_HAVE_LIBC_PTHREAD - Failed
142: -- Looking for pthread_create in pthreads
142: -- Looking for pthread_create in pthreads - not found
142: -- Looking for pthread_create in pthread
142: -- Looking for pthread_create in pthread - not found
142: -- Found Threads: TRUE
142: -- Legacy torch-failure identifiers were rejected by the configured MSVC compiler.
142: -- Horde Lantern RT: Vulkan capability probe and Windows diagnostic targets are available; Android builds from android/.
142: -- Configuring done (19.0s)
142: -- Generating done (2.0s)
142: -- Build files have been written to: <repo>/build/rtm-s-4f30a2801d20
142: MSBuild version 17.14.40+3e7442088 for .NET Framework
142:
142:   1>Checking Build System
142:   Building Custom Rule <repo>/CMakeLists.txt
142:   RtPipelineBundleLifetimeTests.cpp
142:   RtPipelineBundle.cpp
142:   RtPipelineBundleContracts.cpp
142:   RtPipelineVariants.cpp
142:   RtPipelineVariantProvider.cpp
142:   Generating Code...
142:   horde_rt_pipeline_bundle_lifetime_tests.vcxproj -> <repo>\build\rtm-s-4f30a2801d20\Debug\horde_rt_pipeline_bundle_lifetime_tests.exe
142: Internal ctest changing into directory: <repo>/build/rtm-s-4f30a2801d20
142: Test project <repo>/build/rtm-s-4f30a2801d20
142:     Start 137: horde_rt_pipeline_bundle_lifetime_tests
142: 1/1 Test #137: horde_rt_pipeline_bundle_lifetime_tests ...   Passed    4.55 sec
142:
142: 100% tests passed, 0 tests failed out of 1
142:
142: Total Test time (real) =   4.57 sec
142: -- Selecting Windows SDK version 10.0.26100.0 to target Windows 10.0.26300.
142: -- The CXX compiler identification is MSVC 19.44.35227.0
142: -- Detecting CXX compiler ABI info
142: -- Detecting CXX compiler ABI info - done
142: -- Check for working CXX compiler: C:/Program Files (x86)/Microsoft Visual Studio/2022/BuildTools/VC/Tools/MSVC/14.44.35207/bin/Hostx64/x64/cl.exe - skipped
142: -- Detecting CXX compile features
142: -- Detecting CXX compile features - done
142: Generated RT catalog adapter is current.
142: -- Strict non-contracted asset-transform arithmetic enabled for GltfDocument.cpp and StaticMeshAsset.cpp: /fp:strict
142: -- Found Vulkan: C:/VulkanSDK/1.4.350.0/Lib/vulkan-1.lib (found version "1.4.350") found components: glslc glslangValidator
142: -- Vulkan SDK found: 1.4.350
142: -- Performing Test CMAKE_HAVE_LIBC_PTHREAD
142: -- Performing Test CMAKE_HAVE_LIBC_PTHREAD - Failed
142: -- Looking for pthread_create in pthreads
142: -- Looking for pthread_create in pthreads - not found
142: -- Looking for pthread_create in pthread
142: -- Looking for pthread_create in pthread - not found
142: -- Found Threads: TRUE
142: -- Legacy torch-failure identifiers were rejected by the configured MSVC compiler.
142: -- Horde Lantern RT: Vulkan capability probe and Windows diagnostic targets are available; Android builds from android/.
142: -- Configuring done (18.9s)
142: -- Generating done (1.8s)
142: -- Build files have been written to: <repo>/build/rtm-d-5ae908b65737
142: MSBuild version 17.14.40+3e7442088 for .NET Framework
142:
142:   1>Checking Build System
142:   Building Custom Rule <repo>/CMakeLists.txt
142:   RtPipelineBundleLifetimeTests.cpp
142:   RtPipelineBundle.cpp
142:   RtPipelineBundleContracts.cpp
142:   RtPipelineVariants.cpp
142:   RtPipelineVariantProvider.cpp
142:   Generating Code...
142:   horde_rt_pipeline_bundle_lifetime_tests.vcxproj -> <repo>\build\rtm-d-5ae908b65737\Debug\horde_rt_pipeline_bundle_lifetime_tests.exe
142: Internal ctest changing into directory: <repo>/build/rtm-d-5ae908b65737
142: Test project <repo>/build/rtm-d-5ae908b65737
142:     Start 137: horde_rt_pipeline_bundle_lifetime_tests
142: 1/1 Test #137: horde_rt_pipeline_bundle_lifetime_tests ...   Passed    4.80 sec
142:
142: 100% tests passed, 0 tests failed out of 1
142:
142: Total Test time (real) =   4.82 sec
142: Effective final-target containment registrations and Mobile lifetime policies passed.
6/6 Test #142: horde_rt_final_windows_bundle_containment_registration ...   Passed   61.44 sec

The following tests passed:
	horde_rt_pipeline_variants_tests
	horde_rt_pipeline_variant_provider_tests
	horde_rt_pipeline_bundle_contracts_tests
	horde_rt_final_windows_bundle_containment
	horde_rt_final_windows_bundle_containment_controls
	horde_rt_final_windows_bundle_containment_registration

100% tests passed, 0 tests failed out of 6

Total Test time (real) = 198.67 sec
