MSBuild version 17.14.40+3e7442088 for .NET Framework

  pocket_audio_native_pcm.vcxproj -> <repo>\build\presets\windows-x64-debug\pocket-audio-core-native\Debug\pocket_audio_native_pcm.lib
  horde_gameplay_simulation.vcxproj -> <repo>\build\presets\windows-x64-debug\Debug\horde_gameplay_simulation.lib
  horde_windows_music.vcxproj -> <repo>\build\presets\windows-x64-debug\Debug\horde_windows_music.lib
  CharacterRenderSlot.cpp
  horde_rt_probe_core.vcxproj -> <repo>\build\presets\windows-x64-debug\Debug\horde_rt_probe_core.lib
  DiagnosticWindow.cpp
  DiagnosticOverlay.cpp
  MotionEvidenceLedger.cpp
  Generating Code...
  horde_rt_diagnostic_window.vcxproj -> <repo>\build\presets\windows-x64-debug\Debug\HordeLanternRT.exe
MSBuild version 17.14.40+3e7442088 for .NET Framework

  pocket_audio_native_pcm.vcxproj -> <repo>\build\presets\windows-x64-debug\pocket-audio-core-native\Debug\pocket_audio_native_pcm.lib
  horde_gameplay_simulation.vcxproj -> <repo>\build\presets\windows-x64-debug\Debug\horde_gameplay_simulation.lib
  horde_rt_probe_core.vcxproj -> <repo>\build\presets\windows-x64-debug\Debug\horde_rt_probe_core.lib
  CharacterRenderSlotSmoke.cpp
  horde_rt_character_render_slot_smoke.vcxproj -> <repo>\build\presets\windows-x64-debug\Debug\horde_rt_character_render_slot_smoke.exe
MSBuild version 17.14.40+3e7442088 for .NET Framework

  SpatialAudioSmoke.cpp
  horde_rt_spatial_audio_smoke.vcxproj -> <repo>\build\presets\windows-x64-debug\Debug\horde_rt_spatial_audio_smoke.exe
MSBuild version 17.14.40+3e7442088 for .NET Framework

  InputMailboxStress.cpp
  horde_rt_input_mailbox_stress.vcxproj -> <repo>\build\presets\windows-x64-debug\Debug\horde_rt_input_mailbox_stress.exe
MSBuild version 17.14.40+3e7442088 for .NET Framework

  pocket_audio_native_pcm.vcxproj -> <repo>\build\presets\windows-x64-debug\pocket-audio-core-native\Debug\pocket_audio_native_pcm.lib
  horde_gameplay_simulation.vcxproj -> <repo>\build\presets\windows-x64-debug\Debug\horde_gameplay_simulation.lib
  CombatTimingTraceTests.cpp
  horde_rt_combat_timing_trace_tests.vcxproj -> <repo>\build\presets\windows-x64-debug\Debug\horde_rt_combat_timing_trace_tests.exe
MSBuild version 17.14.40+3e7442088 for .NET Framework

  WindowsCombatPracticeLaunchTests.cpp
  horde_rt_windows_combat_practice_launch_tests.vcxproj -> <repo>\build\presets\windows-x64-debug\Debug\horde_rt_windows_combat_practice_launch_tests.exe
MSBuild version 17.14.40+3e7442088 for .NET Framework

  horde_rt_android_debug_request_admission_tests.vcxproj -> <repo>\build\presets\windows-x64-debug\Debug\horde_rt_android_debug_request_admission_tests.exe
