CMake is re-running because <repo>/build/presets/windows-x64-debug/CMakeFiles/generate.stamp is out-of-date.
  the file '<repo>/CMakeLists.txt'
  is newer than '<repo>/build/presets/windows-x64-debug/CMakeFiles/generate.stamp.depend'
  result='-1'
-- Selecting Windows SDK version 10.0.26100.0 to target Windows 10.0.26300.
Generated RT catalog adapter is current.
-- Strict non-contracted asset-transform arithmetic enabled for GltfDocument.cpp and StaticMeshAsset.cpp: /fp:strict
-- Vulkan SDK found: 1.4.350
-- Legacy torch-failure identifiers were rejected by the configured MSVC compiler.
-- Horde Lantern RT: Vulkan capability probe and Windows diagnostic targets are available; Android builds from android/.
-- Configuring done (18.7s)
-- Generating done (1.3s)
-- Build files have been written to: <repo>/build/presets/windows-x64-debug
MSBuild version 17.14.40+3e7442088 for .NET Framework

  pocket_audio_native_pcm.vcxproj -> <repo>\build\presets\windows-x64-debug\pocket-audio-core-native\Debug\pocket_audio_native_pcm.lib
  MusicDirector.cpp
  MusicPcmAssetBank.cpp
  MusicPcmStream.cpp
  MusicPlaybackSession.cpp
  GameSimulation.cpp
  Generating Code...
  horde_gameplay_simulation.vcxproj -> <repo>\build\presets\windows-x64-debug\Debug\horde_gameplay_simulation.lib
  CombatFoundationTests.cpp
  horde_rt_combat_foundation_tests.vcxproj -> <repo>\build\presets\windows-x64-debug\Debug\horde_rt_combat_foundation_tests.exe
MSBuild version 17.14.40+3e7442088 for .NET Framework

  pocket_audio_native_pcm.vcxproj -> <repo>\build\presets\windows-x64-debug\pocket-audio-core-native\Debug\pocket_audio_native_pcm.lib
  horde_gameplay_simulation.vcxproj -> <repo>\build\presets\windows-x64-debug\Debug\horde_gameplay_simulation.lib
  CombatTimingTraceTests.cpp
  horde_rt_combat_timing_trace_tests.vcxproj -> <repo>\build\presets\windows-x64-debug\Debug\horde_rt_combat_timing_trace_tests.exe
MSBuild version 17.14.40+3e7442088 for .NET Framework

  pocket_audio_native_pcm.vcxproj -> <repo>\build\presets\windows-x64-debug\pocket-audio-core-native\Debug\pocket_audio_native_pcm.lib
  horde_gameplay_simulation.vcxproj -> <repo>\build\presets\windows-x64-debug\Debug\horde_gameplay_simulation.lib
  SimulationGameplayTests.cpp
  horde_rt_simulation_gameplay_tests.vcxproj -> <repo>\build\presets\windows-x64-debug\Debug\horde_rt_simulation_gameplay_tests.exe
MSBuild version 17.14.40+3e7442088 for .NET Framework

  pocket_audio_native_pcm.vcxproj -> <repo>\build\presets\windows-x64-debug\pocket-audio-core-native\Debug\pocket_audio_native_pcm.lib
  horde_gameplay_simulation.vcxproj -> <repo>\build\presets\windows-x64-debug\Debug\horde_gameplay_simulation.lib
  WaterfallProductionRouteTests.cpp
  horde_rt_waterfall_production_route_tests.vcxproj -> <repo>\build\presets\windows-x64-debug\Debug\horde_rt_waterfall_production_route_tests.exe
