MSBuild version 17.14.40+3e7442088 for .NET Framework

  pocket_audio_native_pcm.vcxproj -> <repo>\build\presets\windows-x64-debug\pocket-audio-core-native\Debug\pocket_audio_native_pcm.lib
  MusicDirector.cpp
  MusicPcmAssetBank.cpp
  MusicPcmStream.cpp
  MusicPlaybackSession.cpp
  GameSimulation.cpp
  GameSimulationRescue.cpp
  RescueTraversal.cpp
  Generating Code...
  horde_gameplay_simulation.vcxproj -> <repo>\build\presets\windows-x64-debug\Debug\horde_gameplay_simulation.lib
  WindowsMusicPlayback.cpp
  CharacterRenderSlot.cpp
  PresentableTinyRtScene.cpp
  horde_windows_music.vcxproj -> <repo>\build\presets\windows-x64-debug\Debug\horde_windows_music.lib
  SimulationFrameAdapter.cpp
  Generating Code...
  horde_rt_probe_core.vcxproj -> <repo>\build\presets\windows-x64-debug\Debug\horde_rt_probe_core.lib
  MotionEvidenceScenario.cpp
  DiagnosticWindow.cpp
  MotionEvidenceLedger.cpp
  Generating Code...
  horde_rt_diagnostic_window.vcxproj -> <repo>\build\presets\windows-x64-debug\Debug\HordeLanternRT.exe
MSBuild version 17.14.40+3e7442088 for .NET Framework

  pocket_audio_native_pcm.vcxproj -> <repo>\build\presets\windows-x64-debug\pocket-audio-core-native\Debug\pocket_audio_native_pcm.lib
  horde_gameplay_simulation.vcxproj -> <repo>\build\presets\windows-x64-debug\Debug\horde_gameplay_simulation.lib
  RescueTraversalTests.cpp
<repo>\tests\RescueTraversalTests.cpp(323,5): error C2065: 'generation': undeclared identifier [<repo>\build\presets\windows-x64-debug\horde_rt_rescue_traversal_tests.vcxproj]
<repo>\tests\RescueTraversalTests.cpp(324,38): error C2065: 'generation': undeclared identifier [<repo>\build\presets\windows-x64-debug\horde_rt_rescue_traversal_tests.vcxproj]
<repo>\tests\RescueTraversalTests.cpp(325,34): error C2065: 'generation': undeclared identifier [<repo>\build\presets\windows-x64-debug\horde_rt_rescue_traversal_tests.vcxproj]
<repo>\tests\RescueTraversalTests.cpp(345,5): error C2065: 'generation': undeclared identifier [<repo>\build\presets\windows-x64-debug\horde_rt_rescue_traversal_tests.vcxproj]
<repo>\tests\RescueTraversalTests.cpp(346,38): error C2065: 'generation': undeclared identifier [<repo>\build\presets\windows-x64-debug\horde_rt_rescue_traversal_tests.vcxproj]
<repo>\tests\RescueTraversalTests.cpp(347,34): error C2065: 'generation': undeclared identifier [<repo>\build\presets\windows-x64-debug\horde_rt_rescue_traversal_tests.vcxproj]
