0:DUIViewWndClassName
0:DirectUIHWND
0:FloatNotifySink
0:ComboBox
1001:Edit
0:CtrlNotifySink
0:NamespaceTreeControl
0:Static
100:SysTreeView32
0:CtrlNotifySink
1121:SHELLDLL_DefView
0:DirectUIHWND
0:CtrlNotifySink
0:ScrollBar
0:CtrlNotifySink
0:ScrollBar
0:FloatNotifySink
0:Button
0:FloatNotifySink
0:ComboBox
0:ToolbarWindow32
1:Button
2:Button
-1:ScrollBar
1092:Static
1091:Static
1093:Static
1120:ListBox
1095:Static
1038:Button
0:WorkerW
40965:ReBarWindow32
0:TravelBand
0:ToolbarWindow32
0:UpBand
0:ToolbarWindow32
41477:Address Band Root
0:msctls_progress32
0:Breadcrumb Parent
1001:ToolbarWindow32
0:ToolbarWindow32
41477:ComboBoxEx32
41477:ComboBox
41477:Edit
0:SeparatorBand
0:UniversalSearchBand
0:Search Box
0:SearchEditBoxWrapperClass
0:DirectUIHWND
0:SeparatorBand
