Blender 4.3.2
Read blend: "/source-workspace/horde-bell-attendant-tools-v1/abbey_bell_attendant_handbell.blend"
Fra:1 Mem:11.41M (Peak 12.24M) | Time:00:00.00 | Mem:0.00M, Peak:0.00M | Scene, ViewLayer | Synchronizing object | Bell_BodyAndHandle
Fra:1 Mem:11.41M (Peak 12.24M) | Time:00:00.00 | Mem:0.00M, Peak:0.00M | Scene, ViewLayer | Synchronizing object | Bell_Clapper_Pivot
Fra:1 Mem:11.68M (Peak 12.24M) | Time:00:00.00 | Mem:0.00M, Peak:0.00M | Scene, ViewLayer | Initializing
Fra:1 Mem:11.47M (Peak 12.24M) | Time:00:00.00 | Mem:0.00M, Peak:0.00M | Scene, ViewLayer | Updating Images | Loading abbey_duty_basecolor.png
Fra:1 Mem:11.47M (Peak 12.24M) | Time:00:00.00 | Mem:0.00M, Peak:0.00M | Scene, ViewLayer | Updating Images | Loading abbey_duty_normal.png
Fra:1 Mem:11.47M (Peak 12.24M) | Time:00:00.00 | Mem:0.00M, Peak:0.00M | Scene, ViewLayer | Updating Images | Loading abbey_duty_orm.png
Fra:1 Mem:14.20M (Peak 15.49M) | Time:00:00.02 | Mem:3.00M, Peak:3.00M | Scene, ViewLayer | Waiting for render to start
Fra:1 Mem:14.20M (Peak 15.49M) | Time:00:00.02 | Mem:3.00M, Peak:3.00M | Scene, ViewLayer | Loading render kernels (may take a few minutes the first time)
Fra:1 Mem:14.20M (Peak 15.49M) | Time:00:00.02 | Mem:3.00M, Peak:3.00M | Scene, ViewLayer | Updating Scene
Fra:1 Mem:14.20M (Peak 15.49M) | Time:00:00.02 | Mem:3.00M, Peak:3.00M | Scene, ViewLayer | Updating Shaders
Fra:1 Mem:14.28M (Peak 15.49M) | Time:00:00.02 | Mem:3.00M, Peak:3.00M | Scene, ViewLayer | Updating Procedurals
Fra:1 Mem:14.28M (Peak 15.49M) | Time:00:00.02 | Mem:3.00M, Peak:3.00M | Scene, ViewLayer | Updating Background
Fra:1 Mem:14.28M (Peak 15.49M) | Time:00:00.02 | Mem:3.00M, Peak:3.00M | Scene, ViewLayer | Updating Camera
Fra:1 Mem:14.28M (Peak 15.49M) | Time:00:00.02 | Mem:3.00M, Peak:3.00M | Scene, ViewLayer | Updating Meshes Flags
Fra:1 Mem:14.28M (Peak 15.49M) | Time:00:00.02 | Mem:3.00M, Peak:3.00M | Scene, ViewLayer | Updating Objects
Fra:1 Mem:14.28M (Peak 15.49M) | Time:00:00.02 | Mem:3.00M, Peak:3.00M | Scene, ViewLayer | Updating Objects | Copying Transformations to device
Fra:1 Mem:14.28M (Peak 15.49M) | Time:00:00.02 | Mem:3.00M, Peak:3.00M | Scene, ViewLayer | Updating Objects | Applying Static Transformations
Fra:1 Mem:14.28M (Peak 15.49M) | Time:00:00.02 | Mem:3.00M, Peak:3.00M | Scene, ViewLayer | Updating Particle Systems
Fra:1 Mem:14.28M (Peak 15.49M) | Time:00:00.02 | Mem:3.00M, Peak:3.00M | Scene, ViewLayer | Updating Particle Systems | Copying Particles to device
Fra:1 Mem:14.28M (Peak 15.49M) | Time:00:00.02 | Mem:3.00M, Peak:3.00M | Scene, ViewLayer | Updating Meshes
Fra:1 Mem:14.31M (Peak 15.49M) | Time:00:00.02 | Mem:3.00M, Peak:3.00M | Scene, ViewLayer | Updating Mesh | Computing attributes
Fra:1 Mem:14.43M (Peak 15.49M) | Time:00:00.02 | Mem:3.00M, Peak:3.00M | Scene, ViewLayer | Updating Mesh | Copying Attributes to device
Fra:1 Mem:14.43M (Peak 15.49M) | Time:00:00.02 | Mem:3.12M, Peak:3.12M | Scene, ViewLayer | Updating Scene BVH | Building
Fra:1 Mem:14.43M (Peak 15.49M) | Time:00:00.02 | Mem:3.12M, Peak:3.12M | Scene, ViewLayer | Updating Scene BVH | Building BVH
Fra:1 Mem:14.43M (Peak 15.49M) | Time:00:00.02 | Mem:3.17M, Peak:3.17M | Scene, ViewLayer | Updating Scene BVH | Building BVH 0%
Fra:1 Mem:14.43M (Peak 15.49M) | Time:00:00.03 | Mem:3.23M, Peak:3.28M | Scene, ViewLayer | Updating Scene BVH | Copying BVH to device
Fra:1 Mem:14.43M (Peak 15.49M) | Time:00:00.03 | Mem:3.23M, Peak:3.28M | Scene, ViewLayer | Updating Mesh | Computing normals
Fra:1 Mem:14.49M (Peak 15.49M) | Time:00:00.03 | Mem:3.23M, Peak:3.28M | Scene, ViewLayer | Updating Mesh | Copying Mesh to device
Fra:1 Mem:14.49M (Peak 15.49M) | Time:00:00.03 | Mem:3.29M, Peak:3.29M | Scene, ViewLayer | Updating Objects Flags
Fra:1 Mem:14.49M (Peak 15.49M) | Time:00:00.03 | Mem:3.29M, Peak:3.29M | Scene, ViewLayer | Updating Primitive Offsets
Fra:1 Mem:14.49M (Peak 15.49M) | Time:00:00.03 | Mem:3.29M, Peak:3.29M | Scene, ViewLayer | Updating Images
Fra:1 Mem:14.49M (Peak 15.49M) | Time:00:00.03 | Mem:3.29M, Peak:3.29M | Scene, ViewLayer | Updating Camera Volume
Fra:1 Mem:14.49M (Peak 15.49M) | Time:00:00.03 | Mem:3.29M, Peak:3.29M | Scene, ViewLayer | Updating Lookup Tables
Fra:1 Mem:14.49M (Peak 15.49M) | Time:00:00.03 | Mem:3.37M, Peak:3.37M | Scene, ViewLayer | Updating Lights
Fra:1 Mem:14.49M (Peak 15.49M) | Time:00:00.03 | Mem:3.37M, Peak:3.37M | Scene, ViewLayer | Updating Lights | Computing tree
Fra:1 Mem:14.49M (Peak 15.49M) | Time:00:00.03 | Mem:3.37M, Peak:3.37M | Scene, ViewLayer | Updating Integrator
Fra:1 Mem:14.49M (Peak 15.49M) | Time:00:00.03 | Mem:3.37M, Peak:3.37M | Scene, ViewLayer | Updating Film
Fra:1 Mem:14.49M (Peak 15.49M) | Time:00:00.03 | Mem:3.29M, Peak:3.37M | Scene, ViewLayer | Updating Lookup Tables
Fra:1 Mem:14.49M (Peak 15.49M) | Time:00:00.03 | Mem:3.38M, Peak:3.38M | Scene, ViewLayer | Updating Baking
Fra:1 Mem:14.49M (Peak 15.49M) | Time:00:00.03 | Mem:3.38M, Peak:3.38M | Scene, ViewLayer | Updating Device | Writing constant memory
Fra:1 Mem:14.49M (Peak 15.49M) | Time:00:00.03 | Mem:3.38M, Peak:3.38M | Scene, ViewLayer | Sample 0/48
Fra:1 Mem:42.31M (Peak 42.31M) | Time:00:00.46 | Remaining:00:20.61 | Mem:31.20M, Peak:31.20M | Scene, ViewLayer | Sample 1/48
Fra:1 Mem:54.68M (Peak 79.40M) | Time:00:15.65 | Mem:31.20M, Peak:31.20M | Scene, ViewLayer | Sample 48/48
Fra:1 Mem:54.68M (Peak 79.40M) | Time:00:15.65 | Mem:31.20M, Peak:31.20M | Scene, ViewLayer | Finished
Saved: '/source-workspace/horde-bell-attendant-tools-v1/previews/03_bell_open_mouth_clapper.png'
Time: 00:16.14 (Saving: 00:00.48)


Blender quit
