CMake is re-running because C:/Users/sam_s/Documents/the Horde RT Demo/.worktrees/horde-1.6.1-engineering-pass/build/presets/windows-x64-release/CMakeFiles/generate.stamp is out-of-date.
  the file 'C:/Users/sam_s/Documents/the Horde RT Demo/.worktrees/horde-1.6.1-engineering-pass/CMakeLists.txt'
  is newer than 'C:/Users/sam_s/Documents/the Horde RT Demo/.worktrees/horde-1.6.1-engineering-pass/build/presets/windows-x64-release/CMakeFiles/generate.stamp.depend'
  result='-1'
-- Selecting Windows SDK version 10.0.26100.0 to target Windows 10.0.26200.
Generated RT catalog adapter is current.
-- Strict non-contracted asset-transform arithmetic enabled for GltfDocument.cpp and StaticMeshAsset.cpp: /fp:strict
-- Vulkan SDK found: 1.4.350
-- Legacy torch-failure identifiers were rejected by the configured MSVC compiler.
-- Horde Lantern RT: Vulkan capability probe and Windows diagnostic targets are available; Android builds from android/.
-- Configuring done (18.9s)
-- Generating done (1.0s)
-- Build files have been written to: C:/Users/sam_s/Documents/the Horde RT Demo/.worktrees/horde-1.6.1-engineering-pass/build/presets/windows-x64-release
MSBuild version 17.14.40+3e7442088 for .NET Framework

  PlayerAnimationState.cpp
  PlayerIkTargets.cpp
  HeldItemKinematics.cpp
  HeldLightState.cpp
  GameSimulation.cpp
  Generating Code...
  horde_gameplay_simulation.vcxproj -> C:\Users\sam_s\Documents\the Horde RT Demo\.worktrees\horde-1.6.1-engineering-pass\build\presets\windows-x64-release\Release\horde_gameplay_simulation.lib
  RtPerformanceEvidence.cpp
  RtEvidencePublication.cpp
  RtBenchmarkEvidenceRun.cpp
  RtBenchmarkEvidenceReport.cpp
  ShowcaseBenchmark.cpp
  AssetManifest.cpp
  DeviceCapabilities.cpp
  RtCapabilityReport.cpp
  VulkanContext.cpp
  RayTracingRequirements.cpp
  RtGpuResources.cpp
  FireEmitterBuffer.cpp
  RtStaticMeshSlot.cpp
  RtTextureArrays.cpp
  CharacterRenderSlot.cpp
  PlayerRenderSlot.cpp
  RtPipelineVariants.cpp
  RtPipelineVariantProvider.cpp
  RtPipelineBundleContracts.cpp
  RtPipelineBundle.cpp
  Generating Code...
  Compiling...
  RtFrameEvidenceCoordinator.cpp
  PresentableTinyRtScene.cpp
  SimulationFrameAdapter.cpp
  SkinnedMeshAsset.cpp
  Generating Code...
  StaticMeshAsset.cpp
  horde_rt_probe_core.vcxproj -> C:\Users\sam_s\Documents\the Horde RT Demo\.worktrees\horde-1.6.1-engineering-pass\build\presets\windows-x64-release\Release\horde_rt_probe_core.lib
  CharacterRenderSlotSmoke.cpp
  horde_rt_character_render_slot_smoke.vcxproj -> C:\Users\sam_s\Documents\the Horde RT Demo\.worktrees\horde-1.6.1-engineering-pass\build\presets\windows-x64-release\Release\horde_rt_character_render_slot_smoke.exe
