CMake is re-running because C:/Users/sam_s/Documents/the Horde RT Demo/.worktrees/horde-1.6.1-engineering-pass/build/presets/windows-x64-debug/CMakeFiles/generate.stamp is out-of-date.
  the file 'C:/Users/sam_s/Documents/the Horde RT Demo/.worktrees/horde-1.6.1-engineering-pass/CMakeLists.txt'
  is newer than 'C:/Users/sam_s/Documents/the Horde RT Demo/.worktrees/horde-1.6.1-engineering-pass/build/presets/windows-x64-debug/CMakeFiles/generate.stamp.depend'
  result='-1'
-- Selecting Windows SDK version 10.0.26100.0 to target Windows 10.0.26200.
Generated RT catalog adapter is current.
-- Strict non-contracted asset-transform arithmetic enabled for GltfDocument.cpp and StaticMeshAsset.cpp: /fp:strict
-- Vulkan SDK found: 1.4.350
-- Legacy torch-failure identifiers were rejected by the configured MSVC compiler.
-- Horde Lantern RT: Vulkan capability probe and Windows diagnostic targets are available; Android builds from android/.
-- Configuring done (13.2s)
-- Generating done (0.7s)
-- Build files have been written to: C:/Users/sam_s/Documents/the Horde RT Demo/.worktrees/horde-1.6.1-engineering-pass/build/presets/windows-x64-debug
MSBuild version 17.14.40+3e7442088 for .NET Framework

  PlayerAnimationState.cpp
  HeldItemKinematics.cpp
  HeldLightState.cpp
  GameSimulation.cpp
  Generating Code...
  horde_gameplay_simulation.vcxproj -> C:\Users\sam_s\Documents\the Horde RT Demo\.worktrees\horde-1.6.1-engineering-pass\build\presets\windows-x64-debug\Debug\horde_gameplay_simulation.lib
  ShowcaseBenchmark.cpp
  AssetManifest.cpp
  SkinnedMeshAsset.cpp
  RtBenchmarkEvidenceReport.cpp
  RtBenchmarkEvidenceRun.cpp
  CharacterRenderSlot.cpp
  FireEmitterBuffer.cpp
  PlayerRenderSlot.cpp
  PresentableTinyRtScene.cpp
  RtPipelineBundleContracts.cpp
  RtPipelineVariantProvider.cpp
  RtStaticMeshSlot.cpp
  RtTextureArrays.cpp
  SimulationFrameAdapter.cpp
  Generating Code...
  StaticMeshAsset.cpp
  horde_rt_probe_core.vcxproj -> C:\Users\sam_s\Documents\the Horde RT Demo\.worktrees\horde-1.6.1-engineering-pass\build\presets\windows-x64-debug\Debug\horde_rt_probe_core.lib
  CharacterRenderSlotSmoke.cpp
  horde_rt_character_render_slot_smoke.vcxproj -> C:\Users\sam_s\Documents\the Horde RT Demo\.worktrees\horde-1.6.1-engineering-pass\build\presets\windows-x64-debug\Debug\horde_rt_character_render_slot_smoke.exe
