MSBuild version 17.14.40+3e7442088 for .NET Framework

  1>Checking Build System
  Building Custom Rule C:/Users/sam_s/Documents/the Horde RT Demo/.worktrees/horde-1.6.1-engineering-pass/third_party/pocket-audio-core/native/CMakeLists.txt
  PcmLoopStream.cpp
  PcmWave.cpp
  Generating Code...
  pocket_audio_native_pcm.vcxproj -> C:\Dev\tmp\horde-pocket-audio-core-native-20261001\horde-build\pocket-audio-core-native\Debug\pocket_audio_native_pcm.lib
  Building Custom Rule C:/Users/sam_s/Documents/the Horde RT Demo/.worktrees/horde-1.6.1-engineering-pass/CMakeLists.txt
  MusicDirector.cpp
  MusicPcmStream.cpp
  MusicPcmWave.cpp
  GameSimulation.cpp
  PlayerAnimationState.cpp
  PlayerIkTargets.cpp
  FireEmitterState.cpp
  InteractionState.cpp
  ChestRewardSequence.cpp
  FinaleSequence.cpp
  LanternPendulum.cpp
  HeldItemState.cpp
  HeldItemKinematics.cpp
  HeldLightState.cpp
  Generating Code...
  horde_gameplay_simulation.vcxproj -> C:\Dev\tmp\horde-pocket-audio-core-native-20261001\horde-build\Debug\horde_gameplay_simulation.lib
  Building Custom Rule C:/Users/sam_s/Documents/the Horde RT Demo/.worktrees/horde-1.6.1-engineering-pass/CMakeLists.txt
  MusicDirectorTests.cpp
  horde_rt_music_director_tests.vcxproj -> C:\Dev\tmp\horde-pocket-audio-core-native-20261001\horde-build\Debug\horde_rt_music_director_tests.exe
MSBuild version 17.14.40+3e7442088 for .NET Framework

  pocket_audio_native_pcm.vcxproj -> C:\Dev\tmp\horde-pocket-audio-core-native-20261001\horde-build\pocket-audio-core-native\Debug\pocket_audio_native_pcm.lib
  horde_gameplay_simulation.vcxproj -> C:\Dev\tmp\horde-pocket-audio-core-native-20261001\horde-build\Debug\horde_gameplay_simulation.lib
  Building Custom Rule C:/Users/sam_s/Documents/the Horde RT Demo/.worktrees/horde-1.6.1-engineering-pass/CMakeLists.txt
  MusicPcmStreamTests.cpp
  horde_rt_music_pcm_stream_tests.vcxproj -> C:\Dev\tmp\horde-pocket-audio-core-native-20261001\horde-build\Debug\horde_rt_music_pcm_stream_tests.exe
MSBuild version 17.14.40+3e7442088 for .NET Framework

  pocket_audio_native_pcm.vcxproj -> C:\Dev\tmp\horde-pocket-audio-core-native-20261001\horde-build\pocket-audio-core-native\Debug\pocket_audio_native_pcm.lib
  horde_gameplay_simulation.vcxproj -> C:\Dev\tmp\horde-pocket-audio-core-native-20261001\horde-build\Debug\horde_gameplay_simulation.lib
  Building Custom Rule C:/Users/sam_s/Documents/the Horde RT Demo/.worktrees/horde-1.6.1-engineering-pass/CMakeLists.txt
  MusicPcmWaveTests.cpp
  horde_rt_music_pcm_wave_tests.vcxproj -> C:\Dev\tmp\horde-pocket-audio-core-native-20261001\horde-build\Debug\horde_rt_music_pcm_wave_tests.exe
MSBuild version 17.14.40+3e7442088 for .NET Framework

  pocket_audio_native_pcm.vcxproj -> C:\Dev\tmp\horde-pocket-audio-core-native-20261001\horde-build\pocket-audio-core-native\Debug\pocket_audio_native_pcm.lib
  Building Custom Rule C:/Users/sam_s/Documents/the Horde RT Demo/.worktrees/horde-1.6.1-engineering-pass/third_party/pocket-audio-core/native/CMakeLists.txt
  PcmNativeTests.cpp
  pocket_audio_native_pcm_tests.vcxproj -> C:\Dev\tmp\horde-pocket-audio-core-native-20261001\horde-build\pocket-audio-core-native\Debug\pocket_audio_native_pcm_tests.exe
MSBuild version 17.14.40+3e7442088 for .NET Framework
MSBUILD : error MSB1009: Project file does not exist.
Switch: horde_rt_game_simulation_tests.vcxproj
