=== Horde RT Diagnostic Window ===
Probe initialisation: OK

Backend: Vulkan
RT mode: RayTracingPipeline
Execution backend: Unsupported
GPU name: NVIDIA GeForce RTX 5050 Laptop GPU
Vendor ID: 4318
Device ID: 11672
Driver version: 610.188.0
Vulkan API version: 1.4.341
VK_KHR_acceleration_structure: yes
VK_KHR_ray_tracing_pipeline: yes
VK_KHR_ray_query: yes
VK_KHR_buffer_device_address: yes
VK_KHR_deferred_host_operations: yes
Internal render resolution: N/A
FPS / frame time: N/A
GPU RT command-buffer time: N/A (Not initialised)
RT scene status: Not attempted
RT scene geometry: Complete Horde showcase route with sequential animated skeleton and staff-lit lich
RT scene dispatch resolution: N/A
RT scene presented: no
RT EVIDENCE PUBLICATION version=1
Observer: unavailable
Lifecycle: N/A
Diagnostic status: unavailable
GPU status: unavailable
Completed frame: N/A (observer-unavailable)
Diagnostics:
- Inspecting candidate 1
- Driver version packed: 2559295488
- Driver version: 610.188.0
- Vulkan API version: 1.4.341
- RT capability mode: RayTracingPipeline
- Internal render resolution: not measured yet.
- FPS / frame time: not measured yet.


Stored report (text): "C:\\Dev\\worktrees\\horde-backend-six-pixel-witness\\build\\presets\\windows-x64-debug\\Debug\\reports\\vulkan_capability_report.txt"
Stored report (json): "C:\\Dev\\worktrees\\horde-backend-six-pixel-witness\\build\\presets\\windows-x64-debug\\Debug\\reports\\vulkan_capability_report.json"
PBR material encoding: RGBA8 raw fallback + raw RGBA8 KTX2 lich
RT render scale 100%: 960x540 -> 960x540
Development static RT asset: vertexBytes=5803648, indexBytes=825972, materialBytes=2016, instanceMetadataBytes=672, primitiveMetadataBytes=304, descriptors=9, textureBytes=173364524, blasBytes=1032704, blasBuildMs=1.6531, swordBlasBytes=717696, swordBlasBuildMs=0.847, torchBlasBytes=315008, torchBlasBuildMs=0.8061, productionPropBlasBytes=641664, productionPropBlasBuildMs=3.0827
Captured worst-bend -> "C:\\Dev\\tmp\\horde-backend-pixel-witness-20261002\\surface\\pipeline\\02-worst-bend.png"
Captured blue -> "C:\\Dev\\tmp\\horde-backend-pixel-witness-20261002\\surface\\pipeline\\06-blue.png"
Captured red -> "C:\\Dev\\tmp\\horde-backend-pixel-witness-20261002\\surface\\pipeline\\07-red.png"
Captured finale-roof -> "C:\\Dev\\tmp\\horde-backend-pixel-witness-20261002\\surface\\pipeline\\11-finale-roof.png"
Captured two-enemy-combat -> "C:\\Dev\\tmp\\horde-backend-pixel-witness-20261002\\surface\\pipeline\\12-two-enemy-combat.png"
Captured all 5 showcase checkpoints to "C:\\Dev\\tmp\\horde-backend-pixel-witness-20261002\\surface\\pipeline"

