> Task :app:prepareRuntimeAssets UP-TO-DATE
> Task :app:preBuild UP-TO-DATE
> Task :app:preBenchmarkBuild UP-TO-DATE
> Task :app:generateBenchmarkBuildConfig UP-TO-DATE
> Task :app:javaPreCompileBenchmark UP-TO-DATE
> Task :app:checkBenchmarkAarMetadata UP-TO-DATE
> Task :app:generateBenchmarkResValues UP-TO-DATE
> Task :app:mapBenchmarkSourceSetPaths UP-TO-DATE
> Task :app:generateBenchmarkResources UP-TO-DATE
> Task :app:mergeBenchmarkResources UP-TO-DATE
> Task :app:createBenchmarkCompatibleScreenManifests UP-TO-DATE
> Task :app:extractDeepLinksBenchmark UP-TO-DATE
> Task :app:processBenchmarkMainManifest UP-TO-DATE
> Task :app:processBenchmarkManifest UP-TO-DATE
> Task :app:processBenchmarkManifestForPackage UP-TO-DATE
> Task :app:processBenchmarkResources UP-TO-DATE
> Task :app:compileBenchmarkJavaWithJavac UP-TO-DATE
> Task :app:extractProguardFiles UP-TO-DATE
> Task :app:generateBenchmarkLintVitalReportModel UP-TO-DATE
> Task :app:lintVitalAnalyzeBenchmark UP-TO-DATE
> Task :app:lintVitalReportBenchmark UP-TO-DATE
> Task :app:lintVitalBenchmark
> Task :app:configureCMakeRelWithDebInfo[arm64-v8a]
> Task :app:buildCMakeRelWithDebInfo[arm64-v8a]
> Task :app:mergeBenchmarkJniLibFolders UP-TO-DATE
> Task :app:mergeBenchmarkArtProfile UP-TO-DATE
> Task :app:desugarBenchmarkFileDependencies UP-TO-DATE
> Task :app:dexBuilderBenchmark UP-TO-DATE
> Task :app:mergeBenchmarkGlobalSynthetics UP-TO-DATE
> Task :app:checkBenchmarkDuplicateClasses UP-TO-DATE
> Task :app:mergeBenchmarkStartupProfile UP-TO-DATE
> Task :app:mergeExtDexBenchmark UP-TO-DATE
> Task :app:mergeDexBenchmark UP-TO-DATE
> Task :app:compileBenchmarkArtProfile UP-TO-DATE
> Task :app:mergeBenchmarkShaders UP-TO-DATE
> Task :app:compileBenchmarkShaders NO-SOURCE
> Task :app:generateBenchmarkAssets UP-TO-DATE
> Task :app:mergeBenchmarkAssets UP-TO-DATE
> Task :app:compressBenchmarkAssets UP-TO-DATE
> Task :app:extractBenchmarkVersionControlInfo UP-TO-DATE
> Task :app:processBenchmarkJavaRes NO-SOURCE
> Task :app:mergeBenchmarkJavaResource UP-TO-DATE
> Task :app:optimizeBenchmarkResources UP-TO-DATE
> Task :app:collectBenchmarkDependencies UP-TO-DATE
> Task :app:sdkBenchmarkDependencyData UP-TO-DATE
> Task :app:validateSigningBenchmark UP-TO-DATE
> Task :app:writeBenchmarkAppMetadata UP-TO-DATE
> Task :app:writeBenchmarkSigningConfigVersions UP-TO-DATE
> Task :app:preDebugBuild UP-TO-DATE
> Task :app:mergeDebugNativeDebugMetadata NO-SOURCE
> Task :app:generateDebugBuildConfig UP-TO-DATE
> Task :app:javaPreCompileDebug UP-TO-DATE
> Task :app:checkDebugAarMetadata UP-TO-DATE
> Task :app:generateDebugResValues UP-TO-DATE
> Task :app:mapDebugSourceSetPaths UP-TO-DATE
> Task :app:generateDebugResources UP-TO-DATE
> Task :app:mergeDebugResources UP-TO-DATE
> Task :app:createDebugCompatibleScreenManifests UP-TO-DATE
> Task :app:extractDeepLinksDebug UP-TO-DATE
> Task :app:processDebugMainManifest UP-TO-DATE
> Task :app:processDebugManifest UP-TO-DATE
> Task :app:processDebugManifestForPackage UP-TO-DATE
> Task :app:processDebugResources UP-TO-DATE
> Task :app:compileDebugJavaWithJavac UP-TO-DATE
> Task :app:mergeDebugShaders UP-TO-DATE
> Task :app:compileDebugShaders NO-SOURCE
> Task :app:generateDebugAssets UP-TO-DATE
> Task :app:mergeBenchmarkNativeLibs
> Task :app:mergeDebugAssets UP-TO-DATE
> Task :app:compressDebugAssets UP-TO-DATE
> Task :app:processDebugJavaRes NO-SOURCE
> Task :app:mergeDebugJavaResource UP-TO-DATE
> Task :app:checkDebugDuplicateClasses UP-TO-DATE
> Task :app:desugarDebugFileDependencies UP-TO-DATE
> Task :app:mergeExtDexDebug UP-TO-DATE
> Task :app:mergeLibDexDebug UP-TO-DATE
> Task :app:dexBuilderDebug UP-TO-DATE
> Task :app:mergeProjectDexDebug UP-TO-DATE
> Task :app:stripBenchmarkDebugSymbols
> Task :app:configureCMakeDebug[arm64-v8a]
> Task :app:extractBenchmarkNativeSymbolTables
> Task :app:mergeBenchmarkNativeDebugMetadata
> Task :app:buildCMakeDebug[arm64-v8a]
> Task :app:mergeDebugJniLibFolders UP-TO-DATE
> Task :app:mergeDebugNativeLibs
> Task :app:packageBenchmark
> Task :app:createBenchmarkApkListingFileRedirect UP-TO-DATE
> Task :app:assembleBenchmark
> Task :app:validateSigningDebug UP-TO-DATE
> Task :app:writeDebugAppMetadata UP-TO-DATE
> Task :app:writeDebugSigningConfigVersions UP-TO-DATE
> Task :app:stripDebugDebugSymbols
> Task :app:packageDebug
> Task :app:createDebugApkListingFileRedirect UP-TO-DATE
> Task :app:assembleDebug

BUILD SUCCESSFUL in 28s
83 actionable tasks: 13 executed, 70 up-to-date
