candidate-backend-parity/opening: max=1, fraction=0, gate=True, outliers=0
candidate-backend-parity/skeleton: max=1, fraction=0, gate=True, outliers=0
candidate-backend-parity/worst-bend: max=1, fraction=0, gate=True, outliers=0
candidate-backend-parity/lantern-drop: max=3, fraction=9.645061728395062E-06, gate=True, outliers=0
candidate-backend-parity/skylight: max=1, fraction=0, gate=True, outliers=0
candidate-backend-parity/yellow: max=1, fraction=0, gate=True, outliers=0
candidate-backend-parity/blue: max=1, fraction=0, gate=True, outliers=0
candidate-backend-parity/red: max=1, fraction=0, gate=True, outliers=0
candidate-backend-parity/green: max=1, fraction=0, gate=True, outliers=0
candidate-backend-parity/mirror: max=1, fraction=0, gate=True, outliers=0
candidate-backend-parity/lich: max=1, fraction=0, gate=True, outliers=0
candidate-backend-parity/finale-roof: max=6, fraction=5.787037037037037E-06, gate=False, outliers=1
candidate-backend-parity/two-enemy-combat: max=1, fraction=0, gate=True, outliers=0
pipeline-old-control-differences/opening: max=0, fraction=0, gate=True, outliers=0
pipeline-old-control-differences/skeleton: max=0, fraction=0, gate=True, outliers=0
pipeline-old-control-differences/worst-bend: max=0, fraction=0, gate=True, outliers=0
pipeline-old-control-differences/lantern-drop: max=0, fraction=0, gate=True, outliers=0
pipeline-old-control-differences/skylight: max=0, fraction=0, gate=True, outliers=0
pipeline-old-control-differences/yellow: max=0, fraction=0, gate=True, outliers=0
pipeline-old-control-differences/blue: max=0, fraction=0, gate=True, outliers=0
pipeline-old-control-differences/red: max=0, fraction=0, gate=True, outliers=0
pipeline-old-control-differences/green: max=0, fraction=0, gate=True, outliers=0
pipeline-old-control-differences/mirror: max=0, fraction=0, gate=True, outliers=0
pipeline-old-control-differences/lich: max=0, fraction=0, gate=True, outliers=0
pipeline-old-control-differences/finale-roof: max=0, fraction=0, gate=True, outliers=0
pipeline-old-control-differences/two-enemy-combat: max=0, fraction=0, gate=True, outliers=0
compute-old-control-differences/opening: max=0, fraction=0, gate=True, outliers=0
compute-old-control-differences/skeleton: max=0, fraction=0, gate=True, outliers=0
compute-old-control-differences/worst-bend: max=0, fraction=0, gate=True, outliers=0
compute-old-control-differences/lantern-drop: max=0, fraction=0, gate=True, outliers=0
compute-old-control-differences/skylight: max=0, fraction=0, gate=True, outliers=0
compute-old-control-differences/yellow: max=0, fraction=0, gate=True, outliers=0
compute-old-control-differences/blue: max=0, fraction=0, gate=True, outliers=0
compute-old-control-differences/red: max=0, fraction=0, gate=True, outliers=0
compute-old-control-differences/green: max=0, fraction=0, gate=True, outliers=0
compute-old-control-differences/mirror: max=0, fraction=0, gate=True, outliers=0
compute-old-control-differences/lich: max=0, fraction=0, gate=True, outliers=0
compute-old-control-differences/finale-roof: max=0, fraction=0, gate=True, outliers=0
compute-old-control-differences/two-enemy-combat: max=0, fraction=0, gate=True, outliers=0
