MSBuild version 17.14.40+3e7442088 for .NET Framework

  pocket_audio_native_pcm.vcxproj -> <repo>\build\presets\windows-x64-debug\pocket-audio-core-native\Debug\pocket_audio_native_pcm.lib
  MusicDirector.cpp
  MusicPcmStream.cpp
  MusicPcmAssetBank.cpp
  MusicPlaybackSession.cpp
  GameSimulation.cpp
  GameSimulationRescue.cpp
  GameSimulationDialogue.cpp
  Generating Code...
  horde_gameplay_simulation.vcxproj -> <repo>\build\presets\windows-x64-debug\Debug\horde_gameplay_simulation.lib
  ChapterDialogueTests.cpp
  horde_rt_chapter_dialogue_tests.vcxproj -> <repo>\build\presets\windows-x64-debug\Debug\horde_rt_chapter_dialogue_tests.exe
MSBuild version 17.14.40+3e7442088 for .NET Framework

  pocket_audio_native_pcm.vcxproj -> <repo>\build\presets\windows-x64-debug\pocket-audio-core-native\Debug\pocket_audio_native_pcm.lib
  horde_gameplay_simulation.vcxproj -> <repo>\build\presets\windows-x64-debug\Debug\horde_gameplay_simulation.lib
  CharacterRenderSlot.cpp
  PresentableTinyRtScene.cpp
  SimulationFrameAdapter.cpp
  Generating Code...
  horde_rt_probe_core.vcxproj -> <repo>\build\presets\windows-x64-debug\Debug\horde_rt_probe_core.lib
  WorldRouteFoundationTests.cpp
  horde_rt_world_route_foundation_tests.vcxproj -> <repo>\build\presets\windows-x64-debug\Debug\horde_rt_world_route_foundation_tests.exe
MSBuild version 17.14.40+3e7442088 for .NET Framework

  pocket_audio_native_pcm.vcxproj -> <repo>\build\presets\windows-x64-debug\pocket-audio-core-native\Debug\pocket_audio_native_pcm.lib
  horde_gameplay_simulation.vcxproj -> <repo>\build\presets\windows-x64-debug\Debug\horde_gameplay_simulation.lib
  horde_rt_probe_core.vcxproj -> <repo>\build\presets\windows-x64-debug\Debug\horde_rt_probe_core.lib
  RescueJourneyIntegrationTests.cpp
C:\Program Files (x86)\Microsoft Visual Studio\2022\BuildTools\VC\Tools\MSVC\14.44.35207\include\optional(166,65): warning C4244: '=': conversion from '_Ty' to '_Ty', possible loss of data [<repo>\build\presets\windows-x64-debug\horde_rt_rescue_journey_integration_tests.vcxproj]
C:\Program Files (x86)\Microsoft Visual Studio\2022\BuildTools\VC\Tools\MSVC\14.44.35207\include\optional(166,65): warning C4244:         with [<repo>\build\presets\windows-x64-debug\horde_rt_rescue_journey_integration_tests.vcxproj]
C:\Program Files (x86)\Microsoft Visual Studio\2022\BuildTools\VC\Tools\MSVC\14.44.35207\include\optional(166,65): warning C4244:         [ [<repo>\build\presets\windows-x64-debug\horde_rt_rescue_journey_integration_tests.vcxproj]
C:\Program Files (x86)\Microsoft Visual Studio\2022\BuildTools\VC\Tools\MSVC\14.44.35207\include\optional(166,65): warning C4244:             _Ty=int [<repo>\build\presets\windows-x64-debug\horde_rt_rescue_journey_integration_tests.vcxproj]
C:\Program Files (x86)\Microsoft Visual Studio\2022\BuildTools\VC\Tools\MSVC\14.44.35207\include\optional(166,65): warning C4244:         ] [<repo>\build\presets\windows-x64-debug\horde_rt_rescue_journey_integration_tests.vcxproj]
C:\Program Files (x86)\Microsoft Visual Studio\2022\BuildTools\VC\Tools\MSVC\14.44.35207\include\optional(166,65): warning C4244:         and [<repo>\build\presets\windows-x64-debug\horde_rt_rescue_journey_integration_tests.vcxproj]
C:\Program Files (x86)\Microsoft Visual Studio\2022\BuildTools\VC\Tools\MSVC\14.44.35207\include\optional(166,65): warning C4244:         [ [<repo>\build\presets\windows-x64-debug\horde_rt_rescue_journey_integration_tests.vcxproj]
C:\Program Files (x86)\Microsoft Visual Studio\2022\BuildTools\VC\Tools\MSVC\14.44.35207\include\optional(166,65): warning C4244:             _Ty=float [<repo>\build\presets\windows-x64-debug\horde_rt_rescue_journey_integration_tests.vcxproj]
C:\Program Files (x86)\Microsoft Visual Studio\2022\BuildTools\VC\Tools\MSVC\14.44.35207\include\optional(166,65): warning C4244:         ] [<repo>\build\presets\windows-x64-debug\horde_rt_rescue_journey_integration_tests.vcxproj]
  (compiling source file '../../../tests/RescueJourneyIntegrationTests.cpp')
      C:\Program Files (x86)\Microsoft Visual Studio\2022\BuildTools\VC\Tools\MSVC\14.44.35207\include\optional(166,65):
      the template instantiation context (the oldest one first) is
          <repo>\tests\RescueJourneyIntegrationTests.cpp(45,85):
          see reference to function template instantiation 'std::optional<float> &std::optional<float>::operator =<int,0>(_Ty2 &&) noexcept' being compiled
          with
          [
              _Ty2=int
          ]
              <repo>\tests\RescueJourneyIntegrationTests.cpp(45,85):
              see the first reference to 'std::optional<float>::operator =' in 'main'
          C:\Program Files (x86)\Microsoft Visual Studio\2022\BuildTools\VC\Tools\MSVC\14.44.35207\include\optional(312,15):
          see reference to function template instantiation 'void std::_Optional_construct_base<_Ty>::_Assign<int>(_Ty2 &&) noexcept' being compiled
          with
          [
              _Ty=float,
              _Ty2=int
          ]
  
C:\Program Files (x86)\Microsoft Visual Studio\2022\BuildTools\VC\Tools\MSVC\14.44.35207\include\xutility(462,64): warning C4244: 'initializing': conversion from '_Ty' to '_Ty', possible loss of data [<repo>\build\presets\windows-x64-debug\horde_rt_rescue_journey_integration_tests.vcxproj]
C:\Program Files (x86)\Microsoft Visual Studio\2022\BuildTools\VC\Tools\MSVC\14.44.35207\include\xutility(462,64): warning C4244:         with [<repo>\build\presets\windows-x64-debug\horde_rt_rescue_journey_integration_tests.vcxproj]
C:\Program Files (x86)\Microsoft Visual Studio\2022\BuildTools\VC\Tools\MSVC\14.44.35207\include\xutility(462,64): warning C4244:         [ [<repo>\build\presets\windows-x64-debug\horde_rt_rescue_journey_integration_tests.vcxproj]
C:\Program Files (x86)\Microsoft Visual Studio\2022\BuildTools\VC\Tools\MSVC\14.44.35207\include\xutility(462,64): warning C4244:             _Ty=int [<repo>\build\presets\windows-x64-debug\horde_rt_rescue_journey_integration_tests.vcxproj]
C:\Program Files (x86)\Microsoft Visual Studio\2022\BuildTools\VC\Tools\MSVC\14.44.35207\include\xutility(462,64): warning C4244:         ] [<repo>\build\presets\windows-x64-debug\horde_rt_rescue_journey_integration_tests.vcxproj]
C:\Program Files (x86)\Microsoft Visual Studio\2022\BuildTools\VC\Tools\MSVC\14.44.35207\include\xutility(462,64): warning C4244:         and [<repo>\build\presets\windows-x64-debug\horde_rt_rescue_journey_integration_tests.vcxproj]
C:\Program Files (x86)\Microsoft Visual Studio\2022\BuildTools\VC\Tools\MSVC\14.44.35207\include\xutility(462,64): warning C4244:         [ [<repo>\build\presets\windows-x64-debug\horde_rt_rescue_journey_integration_tests.vcxproj]
C:\Program Files (x86)\Microsoft Visual Studio\2022\BuildTools\VC\Tools\MSVC\14.44.35207\include\xutility(462,64): warning C4244:             _Ty=float [<repo>\build\presets\windows-x64-debug\horde_rt_rescue_journey_integration_tests.vcxproj]
C:\Program Files (x86)\Microsoft Visual Studio\2022\BuildTools\VC\Tools\MSVC\14.44.35207\include\xutility(462,64): warning C4244:         ] [<repo>\build\presets\windows-x64-debug\horde_rt_rescue_journey_integration_tests.vcxproj]
  (compiling source file '../../../tests/RescueJourneyIntegrationTests.cpp')
      C:\Program Files (x86)\Microsoft Visual Studio\2022\BuildTools\VC\Tools\MSVC\14.44.35207\include\xutility(462,64):
      the template instantiation context (the oldest one first) is
          C:\Program Files (x86)\Microsoft Visual Studio\2022\BuildTools\VC\Tools\MSVC\14.44.35207\include\optional(312,15):
          see reference to function template instantiation 'void std::_Optional_construct_base<_Ty>::_Assign<int>(_Ty2 &&) noexcept' being compiled
          with
          [
              _Ty=float,
              _Ty2=int
          ]
          C:\Program Files (x86)\Microsoft Visual Studio\2022\BuildTools\VC\Tools\MSVC\14.44.35207\include\optional(168,13):
          see reference to function template instantiation '_Ty &std::_Optional_construct_base<_Ty>::_Construct<int>(int &&) noexcept' being compiled
          with
          [
              _Ty=float
          ]
          C:\Program Files (x86)\Microsoft Visual Studio\2022\BuildTools\VC\Tools\MSVC\14.44.35207\include\optional(156,14):
          see reference to function template instantiation 'void std::_Construct_in_place<float,_Ty>(float &,_Ty &&) noexcept' being compiled
          with
          [
              _Ty=int
          ]
          C:\Program Files (x86)\Microsoft Visual Studio\2022\BuildTools\VC\Tools\MSVC\14.44.35207\include\xutility(472,14):
          see reference to function template instantiation '_Ty *std::construct_at<_Ty,int>(_Ty *const ,int &&) noexcept(<expr>)' being compiled
          with
          [
              _Ty=float
          ]
  
C:\Program Files (x86)\Microsoft Visual Studio\2022\BuildTools\VC\Tools\MSVC\14.44.35207\include\xutility(476,61): warning C4244: 'initializing': conversion from '_Ty' to 'float', possible loss of data [<repo>\build\presets\windows-x64-debug\horde_rt_rescue_journey_integration_tests.vcxproj]
C:\Program Files (x86)\Microsoft Visual Studio\2022\BuildTools\VC\Tools\MSVC\14.44.35207\include\xutility(476,61): warning C4244:         with [<repo>\build\presets\windows-x64-debug\horde_rt_rescue_journey_integration_tests.vcxproj]
C:\Program Files (x86)\Microsoft Visual Studio\2022\BuildTools\VC\Tools\MSVC\14.44.35207\include\xutility(476,61): warning C4244:         [ [<repo>\build\presets\windows-x64-debug\horde_rt_rescue_journey_integration_tests.vcxproj]
C:\Program Files (x86)\Microsoft Visual Studio\2022\BuildTools\VC\Tools\MSVC\14.44.35207\include\xutility(476,61): warning C4244:             _Ty=int [<repo>\build\presets\windows-x64-debug\horde_rt_rescue_journey_integration_tests.vcxproj]
C:\Program Files (x86)\Microsoft Visual Studio\2022\BuildTools\VC\Tools\MSVC\14.44.35207\include\xutility(476,61): warning C4244:         ] [<repo>\build\presets\windows-x64-debug\horde_rt_rescue_journey_integration_tests.vcxproj]
  (compiling source file '../../../tests/RescueJourneyIntegrationTests.cpp')
  
C:\Program Files (x86)\Microsoft Visual Studio\2022\BuildTools\VC\Tools\MSVC\14.44.35207\include\xutility(463,69): warning C4244: 'initializing': conversion from '_Ty' to '_Ty', possible loss of data [<repo>\build\presets\windows-x64-debug\horde_rt_rescue_journey_integration_tests.vcxproj]
C:\Program Files (x86)\Microsoft Visual Studio\2022\BuildTools\VC\Tools\MSVC\14.44.35207\include\xutility(463,69): warning C4244:         with [<repo>\build\presets\windows-x64-debug\horde_rt_rescue_journey_integration_tests.vcxproj]
C:\Program Files (x86)\Microsoft Visual Studio\2022\BuildTools\VC\Tools\MSVC\14.44.35207\include\xutility(463,69): warning C4244:         [ [<repo>\build\presets\windows-x64-debug\horde_rt_rescue_journey_integration_tests.vcxproj]
C:\Program Files (x86)\Microsoft Visual Studio\2022\BuildTools\VC\Tools\MSVC\14.44.35207\include\xutility(463,69): warning C4244:             _Ty=int [<repo>\build\presets\windows-x64-debug\horde_rt_rescue_journey_integration_tests.vcxproj]
C:\Program Files (x86)\Microsoft Visual Studio\2022\BuildTools\VC\Tools\MSVC\14.44.35207\include\xutility(463,69): warning C4244:         ] [<repo>\build\presets\windows-x64-debug\horde_rt_rescue_journey_integration_tests.vcxproj]
C:\Program Files (x86)\Microsoft Visual Studio\2022\BuildTools\VC\Tools\MSVC\14.44.35207\include\xutility(463,69): warning C4244:         and [<repo>\build\presets\windows-x64-debug\horde_rt_rescue_journey_integration_tests.vcxproj]
C:\Program Files (x86)\Microsoft Visual Studio\2022\BuildTools\VC\Tools\MSVC\14.44.35207\include\xutility(463,69): warning C4244:         [ [<repo>\build\presets\windows-x64-debug\horde_rt_rescue_journey_integration_tests.vcxproj]
C:\Program Files (x86)\Microsoft Visual Studio\2022\BuildTools\VC\Tools\MSVC\14.44.35207\include\xutility(463,69): warning C4244:             _Ty=float [<repo>\build\presets\windows-x64-debug\horde_rt_rescue_journey_integration_tests.vcxproj]
C:\Program Files (x86)\Microsoft Visual Studio\2022\BuildTools\VC\Tools\MSVC\14.44.35207\include\xutility(463,69): warning C4244:         ] [<repo>\build\presets\windows-x64-debug\horde_rt_rescue_journey_integration_tests.vcxproj]
  (compiling source file '../../../tests/RescueJourneyIntegrationTests.cpp')
      C:\Program Files (x86)\Microsoft Visual Studio\2022\BuildTools\VC\Tools\MSVC\14.44.35207\include\xutility(463,69):
      the template instantiation context (the oldest one first) is
          C:\Program Files (x86)\Microsoft Visual Studio\2022\BuildTools\VC\Tools\MSVC\14.44.35207\include\optional(156,14):
          see reference to function template instantiation 'void std::_Construct_in_place<float,_Ty>(float &,_Ty &&) noexcept' being compiled
          with
          [
              _Ty=int
          ]
          C:\Program Files (x86)\Microsoft Visual Studio\2022\BuildTools\VC\Tools\MSVC\14.44.35207\include\xutility(472,14):
          see reference to function template instantiation '_Ty *std::construct_at<_Ty,int>(_Ty *const ,int &&) noexcept' being compiled
          with
          [
              _Ty=float
          ]
  
  horde_rt_rescue_journey_integration_tests.vcxproj -> <repo>\build\presets\windows-x64-debug\Debug\horde_rt_rescue_journey_integration_tests.exe
