MSBuild version 17.14.40+3e7442088 for .NET Framework

  pocket_audio_native_pcm.vcxproj -> <repo>\build\presets\windows-x64-debug\pocket-audio-core-native\Debug\pocket_audio_native_pcm.lib
  MusicDirector.cpp
<repo>\src\gameplay\dialogue\ChapterDialogue.h(111,13): error C2065: 'next_': undeclared identifier [<repo>\build\presets\windows-x64-debug\horde_gameplay_simulation.vcxproj]
  (compiling source file '../../../src/audio/MusicDirector.cpp')
  
  MusicPcmAssetBank.cpp
<repo>\src\gameplay\dialogue\ChapterDialogue.h(111,13): error C2065: 'next_': undeclared identifier [<repo>\build\presets\windows-x64-debug\horde_gameplay_simulation.vcxproj]
  (compiling source file '../../../src/audio/MusicPcmAssetBank.cpp')
  
  MusicPcmStream.cpp
<repo>\src\gameplay\dialogue\ChapterDialogue.h(111,13): error C2065: 'next_': undeclared identifier [<repo>\build\presets\windows-x64-debug\horde_gameplay_simulation.vcxproj]
  (compiling source file '../../../src/audio/MusicPcmStream.cpp')
  
  MusicPlaybackSession.cpp
<repo>\src\gameplay\dialogue\ChapterDialogue.h(111,13): error C2065: 'next_': undeclared identifier [<repo>\build\presets\windows-x64-debug\horde_gameplay_simulation.vcxproj]
  (compiling source file '../../../src/audio/MusicPlaybackSession.cpp')
  
  HeldItemKinematics.cpp
  GameSimulation.cpp
<repo>\src\gameplay\dialogue\ChapterDialogue.h(111,13): error C2065: 'next_': undeclared identifier [<repo>\build\presets\windows-x64-debug\horde_gameplay_simulation.vcxproj]
  (compiling source file '../../../src/gameplay/simulation/GameSimulation.cpp')
  
  GameSimulationDialogue.cpp
<repo>\src\gameplay\dialogue\ChapterDialogue.h(111,13): error C2065: 'next_': undeclared identifier [<repo>\build\presets\windows-x64-debug\horde_gameplay_simulation.vcxproj]
  (compiling source file '../../../src/gameplay/simulation/GameSimulationDialogue.cpp')
  
  GameSimulationRescue.cpp
<repo>\src\gameplay\dialogue\ChapterDialogue.h(111,13): error C2065: 'next_': undeclared identifier [<repo>\build\presets\windows-x64-debug\horde_gameplay_simulation.vcxproj]
  (compiling source file '../../../src/gameplay/simulation/GameSimulationRescue.cpp')
  
  Generating Code...
