Test project <repo>/build/presets/windows-x64-debug
    Start  24: horde_rt_chapter_dialogue_tests
1/3 Test  #24: horde_rt_chapter_dialogue_tests .............   Passed    3.52 sec
    Start  47: horde_rt_world_route_foundation_tests
2/3 Test  #47: horde_rt_world_route_foundation_tests .......***Failed   18.45 sec
route blocked at x=-33.7 z=-20.8 support=-0.95 toward x=-33.7 z=-12.8
tomb ramp approach failed
route blocked at x=-33.7 z=-20.8 support=-0.95 toward x=-28.7 z=-5.8
continuous forward route failed
route blocked at x=-33.7 z=-20.8 support=-0.95 toward x=-15.7 z=0.2
continuous forward route failed
route blocked at x=-33.7 z=-20.8 support=-0.95 toward x=-17.7 z=15.2
continuous forward route failed
route blocked at x=-33.7 z=-20.8 support=-0.95 toward x=-3.7 z=20.2
continuous forward route failed
route blocked at x=-33.7 z=-20.8 support=-0.95 toward x=13.3 z=36.2
continuous forward route failed
lookout state missing
route blocked at x=-33.7 z=-20.8 support=-0.95 toward x=9.18781 z=40.5692
player could not walk six metres across the rendered lookout bank
route blocked at x=-33.7 z=-20.8 support=-0.95 toward x=13.3 z=36.2
player could not return from the supported lookout bank
route blocked at x=-33.7 z=-20.8 support=-0.95 toward x=-3.7 z=20.2
continuous backtrack failed
route blocked at x=-33.7 z=-20.8 support=-0.95 toward x=-17.7 z=15.2
continuous backtrack failed
route blocked at x=-33.7 z=-20.8 support=-0.95 toward x=-15.7 z=0.2
continuous backtrack failed
route blocked at x=-33.7 z=-20.8 support=-0.95 toward x=-28.7 z=-5.8
continuous backtrack failed
route blocked at x=-33.7 z=-20.8 support=-0.95 toward x=-33.7 z=-12.8
continuous backtrack failed
route blocked at x=-33.7 z=-20.8 support=-0.95 toward x=-33.7 z=-16.8
continuous backtrack failed
World route checks=147625 failures=15 triangles=556 resident_cpu_ns=158000 staged_cpu_ns=158000 resident_retained_bytes=34128 staged_peak_cpu_bytes=49296 directions=2 GPU_cost=not-measured

    Start 159: horde_rt_rescue_journey_integration_tests
3/3 Test #159: horde_rt_rescue_journey_integration_tests ...***Failed   10.43 sec
claim-site position=-34,-17.55 prompt=0 phase=4
cycle=0 ascent-end phase=4 root=-33.7,2.05,-12.8
upper lantern hand depth=0.69 localY=0.0506989
unready-edge start=-33.7,-12.8 end=-33.7,-12.8 blocked=1
route blocked at 13.1194,36.0302 toward 13.3,36.2
actual simulation lookout approach failed
cycle=1 ascent-end phase=4 root=-33.7,2.05,-12.8
upper lantern hand depth=0.69 localY=0.0507626
region markers were not included as separately counted original geometry
Combined CPU preparation resident_ns=245100 staged_ns=260300 resident_retained_bytes=58560 staged_retained_bytes=58560 resident_peak_capacity_bytes=92688 staged_peak_capacity_bytes=92688 gpu_residency_comparison=NOT_MEASURED
Rescue journey integration cases=18105 failures=2 retained_triangles=1220


33% tests passed, 2 tests failed out of 3

Total Test time (real) =  32.42 sec

The following tests FAILED:
	 47 - horde_rt_world_route_foundation_tests (Failed)
	159 - horde_rt_rescue_journey_integration_tests (Failed)
Errors while running CTest
