Test project <repo>/build/presets/windows-x64-debug
      Start  85: horde_rt_scene_abi_generator_tests
 1/11 Test  #85: horde_rt_scene_abi_generator_tests .........   Passed    0.74 sec
      Start  86: horde_rt_raygen_compiler_strategy_tests
 2/11 Test  #86: horde_rt_raygen_compiler_strategy_tests ....   Passed   26.85 sec
      Start  87: horde_rt_raygen_variant_manifest_tests
 3/11 Test  #87: horde_rt_raygen_variant_manifest_tests .....   Passed   34.66 sec
      Start  88: horde_rt_raygen_variant_artifact_tests
 4/11 Test  #88: horde_rt_raygen_variant_artifact_tests .....   Passed   97.65 sec
      Start  89: horde_rt_rayquery_compute_shader_tests
 5/11 Test  #89: horde_rt_rayquery_compute_shader_tests .....   Passed   36.37 sec
      Start  90: horde_rt_pipeline_policy_fence_tests
 6/11 Test  #90: horde_rt_pipeline_policy_fence_tests .......   Passed   66.16 sec
      Start  94: horde_rt_pipeline_policy_execution_tests
 7/11 Test  #94: horde_rt_pipeline_policy_execution_tests ...   Passed   97.04 sec
      Start 125: horde_rt_horde_162_asset_policy_tests
 8/11 Test #125: horde_rt_horde_162_asset_policy_tests ......   Passed  101.10 sec
      Start 160: horde_rt_rescue_source_admission_tests
 9/11 Test #160: horde_rt_rescue_source_admission_tests .....   Passed    0.14 sec
      Start 161: horde_rt_water_contact_audio_tests
10/11 Test #161: horde_rt_water_contact_audio_tests .........   Passed    0.17 sec
      Start 162: horde_rt_keeper_death_audio_tests
11/11 Test #162: horde_rt_keeper_death_audio_tests ..........   Passed    0.22 sec

100% tests passed, 0 tests failed out of 11

Total Test time (real) = 461.14 sec
