Test project <repo>/build/presets/windows-x64-debug
    Start  47: horde_rt_world_route_foundation_tests
1/2 Test  #47: horde_rt_world_route_foundation_tests .......***Failed    8.18 sec
backtrack lost tomb floor
World route checks=17758 failures=1 triangles=556 resident_cpu_ns=148400 staged_cpu_ns=146500 resident_retained_bytes=34128 staged_peak_cpu_bytes=49296 directions=2 GPU_cost=not-measured

    Start 159: horde_rt_rescue_journey_integration_tests
2/2 Test #159: horde_rt_rescue_journey_integration_tests ...***Failed   10.85 sec
claim-site position=-34,-17.55 prompt=0 phase=4
cycle=0 ascent-end phase=4 root=-33.7,2.05,-12.8
upper lantern hand depth=0.69 localY=0.0506989
unready-edge start=-33.7,-12.8 end=-33.7,-12.8 blocked=1
route blocked at -3.61708,20.2863 toward 13.3,36.2
actual simulation lookout approach failed
cycle=1 ascent-end phase=4 root=-33.7,2.05,-12.8
upper lantern hand depth=0.69 localY=0.05071
Combined CPU preparation resident_ns=300300 staged_ns=299300 resident_retained_bytes=57216 staged_retained_bytes=57216 resident_peak_capacity_bytes=91344 staged_peak_capacity_bytes=91344 gpu_residency_comparison=NOT_MEASURED
Rescue journey integration cases=16620 failures=1 retained_triangles=1192


0% tests passed, 2 tests failed out of 2

Total Test time (real) =  19.05 sec

The following tests FAILED:
	 47 - horde_rt_world_route_foundation_tests (Failed)
	159 - horde_rt_rescue_journey_integration_tests (Failed)
Errors while running CTest
