Start testing: Oct 11 02:12 AUS Eastern Summer Time
----------------------------------------------------------
51/165 Testing: horde_rt_final_held_torch_clearance_tests
51/165 Test: horde_rt_final_held_torch_clearance_tests
Command: "<repo>/build/presets/windows-x64-debug/Debug/horde_rt_final_held_torch_clearance_tests.exe" "<repo>"
Directory: <repo>/build/presets/windows-x64-debug
"horde_rt_final_held_torch_clearance_tests" start time: Oct 11 02:12 AUS Eastern Summer Time
Output:
----------------------------------------------------------
worst-bend targetGripY=0.330294 finalGripY=0.330294 flameY=0.892789 lightY=0.870196 finalMainEnvelopeHeadroom=0.0494097 root=4.2,-0.949749,-10
clearance viewport aspect=1
imported structural underside triangles=118 planeSamples=3178 diskSamples=57970
new roof final rig cases=1812 actualViewmodelVerticesPerPose=15855 skinnedRoofCases=1812 worstHeadroom=0.0323757 worstPoseXZ=-0.58,-4.3 yaw/pitch=1.5708,0 walk=10.07 action=8 target/finalGripY=0.348713,0.348714
limiting worldPoint=-0.0634497,1.31762,-4.33031 roofY=1.35 sharedY=1.35
actual final rig cases=3287 worstHeadroom=0.0323757 maxGripError=0.0118211 failures=0
<end of output>
Test time = 165.29 sec
----------------------------------------------------------
Test Passed.
"horde_rt_final_held_torch_clearance_tests" end time: Oct 11 02:15 AUS Eastern Summer Time
"horde_rt_final_held_torch_clearance_tests" time elapsed: 00:02:45
----------------------------------------------------------

End testing: Oct 11 02:15 AUS Eastern Summer Time
