=== Horde RT Diagnostic Window ===
Probe initialisation: OK

Backend: Vulkan
RT mode: RayTracingPipeline
Execution backend: Unsupported
GPU name: NVIDIA GeForce RTX 5050 Laptop GPU
Vendor ID: 4318
Device ID: 11672
Driver version: raw 2559295488 (vendor-specific)
Driver properties available: yes
Driver ID: 4
Driver name: NVIDIA
Driver info: 610.47
Driver conformance version: 1.4.3.3
Vulkan API version: 1.4.341
VK_KHR_acceleration_structure: yes
VK_KHR_ray_tracing_pipeline: yes
VK_KHR_ray_query: yes
VK_KHR_buffer_device_address: yes
VK_KHR_deferred_host_operations: yes
Internal render resolution: N/A
FPS / frame time: N/A
GPU RT command-buffer time: N/A (Not initialised)
RT scene status: Not attempted
RT scene geometry: Complete Horde showcase route with sequential animated skeleton and staff-lit lich
RT scene dispatch resolution: N/A
RT scene presented: no
RT EVIDENCE PUBLICATION version=1
Observer: unavailable
Lifecycle: N/A
Diagnostic status: unavailable
GPU status: unavailable
Completed frame: N/A (observer-unavailable)
Diagnostics:
- Inspecting candidate 1
- Driver version: raw 2559295488 (vendor-specific)
- Vulkan API version: 1.4.341
- Driver properties: available
- Optional VK_KHR_swapchain_maintenance1 advertised: yes
- Optional VK_EXT_swapchain_maintenance1 advertised: yes
- Optional swapchainMaintenance1 feature: yes; query only, not logical-device enablement.
- RT capability mode: RayTracingPipeline
- Internal render resolution: not measured yet.
- FPS / frame time: not measured yet.


Stored report (text): "<local-path>"
Stored report (json): "<local-path>"
HORDE_PIPELINE_CACHE_CREATE attempted=1 result=0 available=1
Failed to initialise presentable RT scene: Current rope topology/primitive range differs from cone input: vertices=528, world primitives=3198, rope first=3022
